[2025-01-08T02:38:58.977+0000][74][info][gc,init] CardTable entry size: 512
[2025-01-08T02:38:58.978+0000][74][info][gc     ] Using G1
[2025-01-08T02:38:59.068+0000][74][info][gc,init] Version: 21.0.1+12-29 (release)
[2025-01-08T02:38:59.068+0000][74][info][gc,init] CPUs: 16 total, 16 available
[2025-01-08T02:38:59.068+0000][74][info][gc,init] Memory: 7640M
[2025-01-08T02:38:59.068+0000][74][info][gc,init] Large Page Support: Disabled
[2025-01-08T02:38:59.069+0000][74][info][gc,init] NUMA Support: Disabled
[2025-01-08T02:38:59.069+0000][74][info][gc,init] Compressed Oops: Enabled (32-bit)
[2025-01-08T02:38:59.069+0000][74][info][gc,init] Heap Region Size: 4M
[2025-01-08T02:38:59.070+0000][74][info][gc,init] Heap Min Capacity: 512M
[2025-01-08T02:38:59.070+0000][74][info][gc,init] Heap Initial Capacity: 512M
[2025-01-08T02:38:59.070+0000][74][info][gc,init] Heap Max Capacity: 512M
[2025-01-08T02:38:59.070+0000][74][info][gc,init] Pre-touch: Enabled
[2025-01-08T02:38:59.070+0000][74][info][gc,init] Parallel Workers: 13
[2025-01-08T02:38:59.070+0000][74][info][gc,init] Concurrent Workers: 3
[2025-01-08T02:38:59.071+0000][74][info][gc,init] Concurrent Refinement Workers: 13
[2025-01-08T02:38:59.071+0000][74][info][gc,init] Periodic GC: Disabled
[2025-01-08T02:38:59.077+0000][74][info][gc,metaspace] CDS archive(s) mapped at: [0x00007f71cf000000-0x00007f71cfca5000-0x00007f71cfca5000), size 13258752, SharedBaseAddress: 0x00007f71cf000000, ArchiveRelocationMode: 1.
[2025-01-08T02:38:59.078+0000][74][info][gc,metaspace] Compressed class space mapped at: 0x00007f71d0000000-0x00007f7210000000, reserved size: 1073741824
[2025-01-08T02:38:59.078+0000][74][info][gc,metaspace] Narrow klass base: 0x00007f71cf000000, Narrow klass shift: 0, Narrow klass range: 0x100000000
[2025-01-08T02:38:59.249+0000][74][info][gc,start    ] GC(0) Pause Young (Normal) (G1 Evacuation Pause)
[2025-01-08T02:38:59.249+0000][74][info][gc,task     ] GC(0) Using 12 workers of 13 for evacuation
[2025-01-08T02:38:59.249+0000][74][debug][gc,age      ] GC(0) Desired survivor size 2097152 bytes, new threshold 15 (max threshold 15)
[2025-01-08T02:38:59.251+0000][74][info ][gc,phases   ] GC(0)   Pre Evacuate Collection Set: 0.2ms
[2025-01-08T02:38:59.251+0000][74][info ][gc,phases   ] GC(0)   Merge Heap Roots: 0.1ms
[2025-01-08T02:38:59.251+0000][74][info ][gc,phases   ] GC(0)   Evacuate Collection Set: 0.7ms
[2025-01-08T02:38:59.251+0000][74][info ][gc,phases   ] GC(0)   Post Evacuate Collection Set: 0.5ms
[2025-01-08T02:38:59.251+0000][74][info ][gc,phases   ] GC(0)   Other: 0.3ms
[2025-01-08T02:38:59.251+0000][74][trace][gc,age      ] GC(0) Age table with threshold 15 (max threshold 15)
[2025-01-08T02:38:59.251+0000][74][trace][gc,age      ] GC(0) - age   1:    1970824 bytes,    1970824 total
[2025-01-08T02:38:59.252+0000][74][info ][gc,heap     ] GC(0) Eden regions: 6->0(23)
[2025-01-08T02:38:59.252+0000][74][info ][gc,heap     ] GC(0) Survivor regions: 0->1(1)
[2025-01-08T02:38:59.252+0000][74][info ][gc,heap     ] GC(0) Old regions: 1->1
[2025-01-08T02:38:59.252+0000][74][info ][gc,heap     ] GC(0) Humongous regions: 0->0
[2025-01-08T02:38:59.252+0000][74][info ][gc,metaspace] GC(0) Metaspace: 1057K(1152K)->1057K(1152K) NonClass: 987K(1024K)->987K(1024K) Class: 69K(128K)->69K(128K)
[2025-01-08T02:38:59.252+0000][74][info ][gc          ] GC(0) Pause Young (Normal) (G1 Evacuation Pause) 25M->3M(512M) 3.603ms
[2025-01-08T02:38:59.252+0000][74][info ][gc,cpu      ] GC(0) User=0.01s Sys=0.01s Real=0.00s
[2025-01-08T02:38:59.252+0000][74][info ][safepoint   ] Safepoint "G1CollectForAllocation", Time since last: 166630233 ns, Reaching safepoint: 3367 ns, Cleanup: 86187 ns, At safepoint: 3844395 ns, Total: 3933949 ns
[2025-01-08T02:38:59.526+0000][74][info ][safepoint   ] Safepoint "ICBufferFull", Time since last: 273348906 ns, Reaching safepoint: 3286 ns, Cleanup: 99193 ns, At safepoint: 17474 ns, Total: 119953 ns
[2025-01-08T02:38:59.765+0000][74][info ][safepoint   ] Safepoint "ICBufferFull", Time since last: 239354340 ns, Reaching safepoint: 4389 ns, Cleanup: 140142 ns, At safepoint: 2154 ns, Total: 146685 ns
[2025-01-08T02:39:00.103+0000][74][info ][safepoint   ] Safepoint "ICBufferFull", Time since last: 337875230 ns, Reaching safepoint: 5050 ns, Cleanup: 111827 ns, At safepoint: 1894 ns, Total: 118771 ns
[2025-01-08T02:39:00.379+0000][74][info ][safepoint   ] Safepoint "ICBufferFull", Time since last: 275105869 ns, Reaching safepoint: 95905 ns, Cleanup: 121556 ns, At safepoint: 26451 ns, Total: 243912 ns
[2025-01-08T02:39:00.489+0000][74][info ][gc,start    ] GC(1) Pause Young (Normal) (G1 Evacuation Pause)
[2025-01-08T02:39:00.489+0000][74][info ][gc,task     ] GC(1) Using 12 workers of 13 for evacuation
[2025-01-08T02:39:00.489+0000][74][debug][gc,age      ] GC(1) Desired survivor size 6291456 bytes, new threshold 15 (max threshold 15)
[2025-01-08T02:39:00.494+0000][74][info ][gc,phases   ] GC(1)   Pre Evacuate Collection Set: 0.2ms
[2025-01-08T02:39:00.494+0000][74][info ][gc,phases   ] GC(1)   Merge Heap Roots: 0.1ms
[2025-01-08T02:39:00.494+0000][74][info ][gc,phases   ] GC(1)   Evacuate Collection Set: 2.7ms
[2025-01-08T02:39:00.494+0000][74][info ][gc,phases   ] GC(1)   Post Evacuate Collection Set: 1.1ms
[2025-01-08T02:39:00.494+0000][74][info ][gc,phases   ] GC(1)   Other: 0.3ms
[2025-01-08T02:39:00.494+0000][74][trace][gc,age      ] GC(1) Age table with threshold 15 (max threshold 15)
[2025-01-08T02:39:00.495+0000][74][trace][gc,age      ] GC(1) - age   1:    7067888 bytes,    7067888 total
[2025-01-08T02:39:00.495+0000][74][trace][gc,age      ] GC(1) - age   2:    1910496 bytes,    8978384 total
[2025-01-08T02:39:00.495+0000][74][info ][gc,heap     ] GC(1) Eden regions: 23->0(26)
[2025-01-08T02:39:00.495+0000][74][info ][gc,heap     ] GC(1) Survivor regions: 1->3(3)
[2025-01-08T02:39:00.495+0000][74][info ][gc,heap     ] GC(1) Old regions: 1->1
[2025-01-08T02:39:00.495+0000][74][info ][gc,heap     ] GC(1) Humongous regions: 0->0
[2025-01-08T02:39:00.495+0000][74][info ][gc,metaspace] GC(1) Metaspace: 18438K(19008K)->18438K(19008K) NonClass: 16461K(16768K)->16461K(16768K) Class: 1976K(2240K)->1976K(2240K)
[2025-01-08T02:39:00.495+0000][74][info ][gc          ] GC(1) Pause Young (Normal) (G1 Evacuation Pause) 95M->9M(512M) 6.313ms
[2025-01-08T02:39:00.495+0000][74][info ][gc,cpu      ] GC(1) User=0.02s Sys=0.00s Real=0.01s
[2025-01-08T02:39:00.496+0000][74][info ][safepoint   ] Safepoint "G1CollectForAllocation", Time since last: 110269511 ns, Reaching safepoint: 4108 ns, Cleanup: 24277 ns, At safepoint: 6577043 ns, Total: 6605428 ns
[2025-01-08T02:39:00.875+0000][74][info ][gc,start    ] GC(2) Pause Young (Normal) (G1 Evacuation Pause)
[2025-01-08T02:39:00.876+0000][74][info ][gc,task     ] GC(2) Using 12 workers of 13 for evacuation
[2025-01-08T02:39:00.876+0000][74][debug][gc,age      ] GC(2) Desired survivor size 8388608 bytes, new threshold 2 (max threshold 15)
[2025-01-08T02:39:00.881+0000][74][info ][gc,phases   ] GC(2)   Pre Evacuate Collection Set: 0.2ms
[2025-01-08T02:39:00.881+0000][74][info ][gc,phases   ] GC(2)   Merge Heap Roots: 0.1ms
[2025-01-08T02:39:00.881+0000][74][info ][gc,phases   ] GC(2)   Evacuate Collection Set: 3.6ms
[2025-01-08T02:39:00.882+0000][74][info ][gc,phases   ] GC(2)   Post Evacuate Collection Set: 1.0ms
[2025-01-08T02:39:00.882+0000][74][info ][gc,phases   ] GC(2)   Other: 0.3ms
[2025-01-08T02:39:00.882+0000][74][trace][gc,age      ] GC(2) Age table with threshold 2 (max threshold 15)
[2025-01-08T02:39:00.882+0000][74][trace][gc,age      ] GC(2) - age   1:    3649096 bytes,    3649096 total
[2025-01-08T02:39:00.882+0000][74][trace][gc,age      ] GC(2) - age   2:    6096304 bytes,    9745400 total
[2025-01-08T02:39:00.882+0000][74][info ][gc,heap     ] GC(2) Eden regions: 26->0(73)
[2025-01-08T02:39:00.882+0000][74][info ][gc,heap     ] GC(2) Survivor regions: 3->3(4)
[2025-01-08T02:39:00.882+0000][74][info ][gc,heap     ] GC(2) Old regions: 1->2
[2025-01-08T02:39:00.882+0000][74][info ][gc,heap     ] GC(2) Humongous regions: 0->0
[2025-01-08T02:39:00.883+0000][74][info ][gc,metaspace] GC(2) Metaspace: 20599K(21120K)->20599K(21120K) NonClass: 18388K(18688K)->18388K(18688K) Class: 2210K(2432K)->2210K(2432K)
[2025-01-08T02:39:00.883+0000][74][info ][gc          ] GC(2) Pause Young (Normal) (G1 Evacuation Pause) 113M->12M(512M) 7.366ms
[2025-01-08T02:39:00.883+0000][74][info ][gc,cpu      ] GC(2) User=0.03s Sys=0.01s Real=0.00s
[2025-01-08T02:39:00.883+0000][74][info ][safepoint   ] Safepoint "G1CollectForAllocation", Time since last: 379681622 ns, Reaching safepoint: 4960 ns, Cleanup: 135793 ns, At safepoint: 7731098 ns, Total: 7871851 ns
[2025-01-08T02:39:00.971+0000][74][info ][gc,start    ] GC(3) Pause Young (Concurrent Start) (Metadata GC Threshold)
[2025-01-08T02:39:00.972+0000][74][info ][gc,task     ] GC(3) Using 12 workers of 13 for evacuation
[2025-01-08T02:39:00.972+0000][74][debug][gc,age      ] GC(3) Desired survivor size 20971520 bytes, new threshold 15 (max threshold 15)
[2025-01-08T02:39:00.976+0000][74][info ][gc,phases   ] GC(3)   Pre Evacuate Collection Set: 0.3ms
[2025-01-08T02:39:00.976+0000][74][info ][gc,phases   ] GC(3)   Merge Heap Roots: 0.1ms
[2025-01-08T02:39:00.976+0000][74][info ][gc,phases   ] GC(3)   Evacuate Collection Set: 2.7ms
[2025-01-08T02:39:00.977+0000][74][info ][gc,phases   ] GC(3)   Post Evacuate Collection Set: 0.9ms
[2025-01-08T02:39:00.977+0000][74][info ][gc,phases   ] GC(3)   Other: 0.5ms
[2025-01-08T02:39:00.977+0000][74][trace][gc,age      ] GC(3) Age table with threshold 15 (max threshold 15)
[2025-01-08T02:39:00.977+0000][74][trace][gc,age      ] GC(3) - age   1:     890736 bytes,     890736 total
[2025-01-08T02:39:00.977+0000][74][trace][gc,age      ] GC(3) - age   2:    2288680 bytes,    3179416 total
[2025-01-08T02:39:00.977+0000][74][trace][gc,age      ] GC(3) - age   3:    6093984 bytes,    9273400 total
[2025-01-08T02:39:00.977+0000][74][info ][gc,heap     ] GC(3) Eden regions: 17->0(73)
[2025-01-08T02:39:00.977+0000][74][info ][gc,heap     ] GC(3) Survivor regions: 3->3(10)
[2025-01-08T02:39:00.978+0000][74][info ][gc,heap     ] GC(3) Old regions: 2->2
[2025-01-08T02:39:00.978+0000][74][info ][gc,heap     ] GC(3) Humongous regions: 0->0
[2025-01-08T02:39:00.978+0000][74][info ][gc,metaspace] GC(3) Metaspace: 20964K(21504K)->20964K(21504K) NonClass: 18723K(19072K)->18723K(19072K) Class: 2241K(2432K)->2241K(2432K)
[2025-01-08T02:39:00.978+0000][74][info ][gc          ] GC(3) Pause Young (Concurrent Start) (Metadata GC Threshold) 78M->12M(512M) 6.785ms
[2025-01-08T02:39:00.978+0000][74][info ][gc,cpu      ] GC(3) User=0.03s Sys=0.01s Real=0.01s
[2025-01-08T02:39:00.978+0000][74][info ][gc          ] GC(4) Concurrent Mark Cycle
[2025-01-08T02:39:00.978+0000][74][info ][gc,marking  ] GC(4) Concurrent Scan Root Regions
[2025-01-08T02:39:00.978+0000][74][info ][safepoint   ] Safepoint "CollectForMetadataAllocation", Time since last: 87961942 ns, Reaching safepoint: 4028 ns, Cleanup: 43495 ns, At safepoint: 7263324 ns, Total: 7310847 ns
[2025-01-08T02:39:00.980+0000][74][info ][gc,marking  ] GC(4) Concurrent Scan Root Regions 2.035ms
[2025-01-08T02:39:00.981+0000][74][info ][gc,marking  ] GC(4) Concurrent Mark
[2025-01-08T02:39:00.981+0000][74][info ][gc,marking  ] GC(4) Concurrent Mark From Roots
[2025-01-08T02:39:00.981+0000][74][info ][gc,task     ] GC(4) Using 3 workers of 3 for marking
[2025-01-08T02:39:00.983+0000][74][info ][gc,marking  ] GC(4) Concurrent Mark From Roots 2.038ms
[2025-01-08T02:39:00.983+0000][74][info ][gc,marking  ] GC(4) Concurrent Preclean
[2025-01-08T02:39:00.983+0000][74][info ][gc,marking  ] GC(4) Concurrent Preclean 0.134ms
[2025-01-08T02:39:00.983+0000][74][info ][gc,start    ] GC(4) Pause Remark
[2025-01-08T02:39:00.986+0000][74][info ][gc          ] GC(4) Pause Remark 15M->15M(512M) 2.241ms
[2025-01-08T02:39:00.986+0000][74][info ][gc,cpu      ] GC(4) User=0.01s Sys=0.01s Real=0.01s
[2025-01-08T02:39:00.986+0000][74][info ][safepoint   ] Safepoint "G1PauseRemark", Time since last: 4897585 ns, Reaching safepoint: 81178 ns, Cleanup: 2364 ns, At safepoint: 2613721 ns, Total: 2697263 ns
[2025-01-08T02:39:00.986+0000][74][info ][gc,marking  ] GC(4) Concurrent Mark 5.523ms
[2025-01-08T02:39:00.986+0000][74][info ][gc,marking  ] GC(4) Concurrent Rebuild Remembered Sets and Scrub Regions
[2025-01-08T02:39:00.987+0000][74][info ][gc,marking  ] GC(4) Concurrent Rebuild Remembered Sets and Scrub Regions 0.722ms
[2025-01-08T02:39:00.988+0000][74][info ][gc,start    ] GC(4) Pause Cleanup
[2025-01-08T02:39:00.988+0000][74][info ][gc          ] GC(4) Pause Cleanup 15M->15M(512M) 0.299ms
[2025-01-08T02:39:00.988+0000][74][info ][gc,cpu      ] GC(4) User=0.00s Sys=0.00s Real=0.00s
[2025-01-08T02:39:00.988+0000][74][info ][safepoint   ] Safepoint "G1PauseCleanup", Time since last: 1231411 ns, Reaching safepoint: 332670 ns, Cleanup: 2796 ns, At safepoint: 591161 ns, Total: 926627 ns
[2025-01-08T02:39:00.988+0000][74][info ][gc,marking  ] GC(4) Concurrent Clear Claimed Marks
[2025-01-08T02:39:00.989+0000][74][info ][gc,marking  ] GC(4) Concurrent Clear Claimed Marks 0.168ms
[2025-01-08T02:39:00.989+0000][74][info ][gc,marking  ] GC(4) Concurrent Cleanup for Next Mark
[2025-01-08T02:39:00.989+0000][74][info ][gc,marking  ] GC(4) Concurrent Cleanup for Next Mark 0.741ms
[2025-01-08T02:39:00.990+0000][74][info ][gc          ] GC(4) Concurrent Mark Cycle 11.494ms
[2025-01-08T02:39:01.381+0000][74][info ][safepoint   ] Safepoint "ICBufferFull", Time since last: 393019343 ns, Reaching safepoint: 5160 ns, Cleanup: 123530 ns, At safepoint: 2235 ns, Total: 130925 ns
[2025-01-08T02:39:01.737+0000][74][info ][gc,start    ] GC(5) Pause Young (Prepare Mixed) (G1 Evacuation Pause)
[2025-01-08T02:39:01.737+0000][74][info ][gc,task     ] GC(5) Using 12 workers of 13 for evacuation
[2025-01-08T02:39:01.738+0000][74][debug][gc,age      ] GC(5) Desired survivor size 20971520 bytes, new threshold 15 (max threshold 15)
[2025-01-08T02:39:01.746+0000][74][info ][gc,phases   ] GC(5)   Pre Evacuate Collection Set: 0.3ms
[2025-01-08T02:39:01.746+0000][74][info ][gc,phases   ] GC(5)   Merge Heap Roots: 0.2ms
[2025-01-08T02:39:01.746+0000][74][info ][gc,phases   ] GC(5)   Evacuate Collection Set: 5.8ms
[2025-01-08T02:39:01.746+0000][74][info ][gc,phases   ] GC(5)   Post Evacuate Collection Set: 1.6ms
[2025-01-08T02:39:01.746+0000][74][info ][gc,phases   ] GC(5)   Other: 0.4ms
[2025-01-08T02:39:01.747+0000][74][trace][gc,age      ] GC(5) Age table with threshold 15 (max threshold 15)
[2025-01-08T02:39:01.747+0000][74][trace][gc,age      ] GC(5) - age   1:    7990912 bytes,    7990912 total
[2025-01-08T02:39:01.747+0000][74][trace][gc,age      ] GC(5) - age   2:     872520 bytes,    8863432 total
[2025-01-08T02:39:01.747+0000][74][trace][gc,age      ] GC(5) - age   3:    2280968 bytes,   11144400 total
[2025-01-08T02:39:01.747+0000][74][trace][gc,age      ] GC(5) - age   4:    6090256 bytes,   17234656 total
[2025-01-08T02:39:01.747+0000][74][info ][gc,heap     ] GC(5) Eden regions: 73->0(71)
[2025-01-08T02:39:01.748+0000][74][info ][gc,heap     ] GC(5) Survivor regions: 3->5(10)
[2025-01-08T02:39:01.748+0000][74][info ][gc,heap     ] GC(5) Old regions: 2->2
[2025-01-08T02:39:01.748+0000][74][info ][gc,heap     ] GC(5) Humongous regions: 0->0
[2025-01-08T02:39:01.748+0000][74][info ][gc,metaspace] GC(5) Metaspace: 28955K(29568K)->28955K(29568K) NonClass: 25740K(26112K)->25740K(26112K) Class: 3215K(3456K)->3215K(3456K)
[2025-01-08T02:39:01.748+0000][74][info ][gc          ] GC(5) Pause Young (Prepare Mixed) (G1 Evacuation Pause) 304M->20M(512M) 11.249ms
[2025-01-08T02:39:01.748+0000][74][info ][gc,cpu      ] GC(5) User=0.04s Sys=0.02s Real=0.01s
[2025-01-08T02:39:01.749+0000][74][info ][safepoint   ] Safepoint "G1CollectForAllocation", Time since last: 355452355 ns, Reaching safepoint: 6323 ns, Cleanup: 101827 ns, At safepoint: 11630531 ns, Total: 11738681 ns
[2025-01-08T02:39:02.356+0000][74][info ][gc,start    ] GC(6) Pause Young (Mixed) (G1 Evacuation Pause)
[2025-01-08T02:39:02.356+0000][74][info ][gc,task     ] GC(6) Using 12 workers of 13 for evacuation
[2025-01-08T02:39:02.357+0000][74][debug][gc,age      ] GC(6) Desired survivor size 20971520 bytes, new threshold 15 (max threshold 15)
[2025-01-08T02:39:02.366+0000][74][info ][gc,phases   ] GC(6)   Pre Evacuate Collection Set: 0.4ms
[2025-01-08T02:39:02.367+0000][74][info ][gc,phases   ] GC(6)   Merge Heap Roots: 0.1ms
[2025-01-08T02:39:02.367+0000][74][info ][gc,phases   ] GC(6)   Evacuate Collection Set: 7.4ms
[2025-01-08T02:39:02.367+0000][74][info ][gc,phases   ] GC(6)   Post Evacuate Collection Set: 1.4ms
[2025-01-08T02:39:02.367+0000][74][info ][gc,phases   ] GC(6)   Other: 0.5ms
[2025-01-08T02:39:02.367+0000][74][trace][gc,age      ] GC(6) Age table with threshold 15 (max threshold 15)
[2025-01-08T02:39:02.367+0000][74][trace][gc,age      ] GC(6) - age   1:    4651768 bytes,    4651768 total
[2025-01-08T02:39:02.368+0000][74][trace][gc,age      ] GC(6) - age   2:    7641560 bytes,   12293328 total
[2025-01-08T02:39:02.368+0000][74][trace][gc,age      ] GC(6) - age   3:     872328 bytes,   13165656 total
[2025-01-08T02:39:02.368+0000][74][trace][gc,age      ] GC(6) - age   4:    2279576 bytes,   15445232 total
[2025-01-08T02:39:02.368+0000][74][trace][gc,age      ] GC(6) - age   5:    6090192 bytes,   21535424 total
[2025-01-08T02:39:02.368+0000][74][info ][gc,heap     ] GC(6) Eden regions: 71->0(70)
[2025-01-08T02:39:02.368+0000][74][info ][gc,heap     ] GC(6) Survivor regions: 5->6(10)
[2025-01-08T02:39:02.369+0000][74][info ][gc,heap     ] GC(6) Old regions: 2->1
[2025-01-08T02:39:02.369+0000][74][info ][gc,heap     ] GC(6) Humongous regions: 0->0
[2025-01-08T02:39:02.369+0000][74][info ][gc,metaspace] GC(6) Metaspace: 30658K(31360K)->30658K(31360K) NonClass: 27255K(27648K)->27255K(27648K) Class: 3403K(3712K)->3403K(3712K)
[2025-01-08T02:39:02.369+0000][74][info ][gc          ] GC(6) Pause Young (Mixed) (G1 Evacuation Pause) 304M->25M(512M) 13.156ms
[2025-01-08T02:39:02.369+0000][74][info ][gc,cpu      ] GC(6) User=0.05s Sys=0.03s Real=0.01s
[2025-01-08T02:39:02.369+0000][74][info ][safepoint   ] Safepoint "G1CollectForAllocation", Time since last: 607163975 ns, Reaching safepoint: 109967 ns, Cleanup: 116847 ns, At safepoint: 13586381 ns, Total: 13813195 ns
[2025-01-08T02:39:02.945+0000][74][info ][gc,start    ] GC(7) Pause Young (Concurrent Start) (Metadata GC Threshold)
[2025-01-08T02:39:02.946+0000][74][info ][gc,task     ] GC(7) Using 12 workers of 13 for evacuation
[2025-01-08T02:39:02.946+0000][74][debug][gc,age      ] GC(7) Desired survivor size 20971520 bytes, new threshold 5 (max threshold 15)
[2025-01-08T02:39:02.954+0000][74][info ][gc,phases   ] GC(7)   Pre Evacuate Collection Set: 0.3ms
[2025-01-08T02:39:02.954+0000][74][info ][gc,phases   ] GC(7)   Merge Heap Roots: 0.1ms
[2025-01-08T02:39:02.954+0000][74][info ][gc,phases   ] GC(7)   Evacuate Collection Set: 6.5ms
[2025-01-08T02:39:02.954+0000][74][info ][gc,phases   ] GC(7)   Post Evacuate Collection Set: 0.8ms
[2025-01-08T02:39:02.954+0000][74][info ][gc,phases   ] GC(7)   Other: 0.4ms
[2025-01-08T02:39:02.954+0000][74][trace][gc,age      ] GC(7) Age table with threshold 5 (max threshold 15)
[2025-01-08T02:39:02.954+0000][74][trace][gc,age      ] GC(7) - age   1:    5892528 bytes,    5892528 total
[2025-01-08T02:39:02.954+0000][74][trace][gc,age      ] GC(7) - age   2:    4205792 bytes,   10098320 total
[2025-01-08T02:39:02.954+0000][74][trace][gc,age      ] GC(7) - age   3:    7639456 bytes,   17737776 total
[2025-01-08T02:39:02.955+0000][74][trace][gc,age      ] GC(7) - age   4:     872328 bytes,   18610104 total
[2025-01-08T02:39:02.955+0000][74][trace][gc,age      ] GC(7) - age   5:    2278728 bytes,   20888832 total
[2025-01-08T02:39:02.955+0000][74][info ][gc,heap     ] GC(7) Eden regions: 62->0(70)
[2025-01-08T02:39:02.955+0000][74][info ][gc,heap     ] GC(7) Survivor regions: 6->6(10)
[2025-01-08T02:39:02.955+0000][74][info ][gc,heap     ] GC(7) Old regions: 1->3
[2025-01-08T02:39:02.955+0000][74][info ][gc,heap     ] GC(7) Humongous regions: 0->0
[2025-01-08T02:39:02.955+0000][74][info ][gc,metaspace] GC(7) Metaspace: 35342K(36160K)->35342K(36160K) NonClass: 31388K(31872K)->31388K(31872K) Class: 3953K(4288K)->3953K(4288K)
[2025-01-08T02:39:02.955+0000][74][info ][gc          ] GC(7) Pause Young (Concurrent Start) (Metadata GC Threshold) 273M->31M(512M) 10.080ms
[2025-01-08T02:39:02.955+0000][74][info ][gc,cpu      ] GC(7) User=0.06s Sys=0.02s Real=0.02s
[2025-01-08T02:39:02.955+0000][74][info ][gc          ] GC(8) Concurrent Mark Cycle
[2025-01-08T02:39:02.956+0000][74][info ][safepoint   ] Safepoint "CollectForMetadataAllocation", Time since last: 575627682 ns, Reaching safepoint: 3677 ns, Cleanup: 94263 ns, At safepoint: 10462400 ns, Total: 10560340 ns
[2025-01-08T02:39:02.956+0000][74][info ][gc,marking  ] GC(8) Concurrent Scan Root Regions
[2025-01-08T02:39:02.959+0000][74][info ][gc,marking  ] GC(8) Concurrent Scan Root Regions 2.986ms
[2025-01-08T02:39:02.959+0000][74][info ][gc,marking  ] GC(8) Concurrent Mark
[2025-01-08T02:39:02.959+0000][74][info ][gc,marking  ] GC(8) Concurrent Mark From Roots
[2025-01-08T02:39:02.959+0000][74][info ][gc,task     ] GC(8) Using 3 workers of 3 for marking
[2025-01-08T02:39:02.961+0000][74][info ][gc,marking  ] GC(8) Concurrent Mark From Roots 2.249ms
[2025-01-08T02:39:02.961+0000][74][info ][gc,marking  ] GC(8) Concurrent Preclean
[2025-01-08T02:39:02.962+0000][74][info ][gc,marking  ] GC(8) Concurrent Preclean 0.127ms
[2025-01-08T02:39:02.962+0000][74][info ][gc,start    ] GC(8) Pause Remark
[2025-01-08T02:39:02.965+0000][74][info ][gc          ] GC(8) Pause Remark 33M->33M(512M) 2.720ms
[2025-01-08T02:39:02.965+0000][74][info ][gc,cpu      ] GC(8) User=0.01s Sys=0.01s Real=0.00s
[2025-01-08T02:39:02.965+0000][74][info ][safepoint   ] Safepoint "G1PauseRemark", Time since last: 6073818 ns, Reaching safepoint: 81218 ns, Cleanup: 5230 ns, At safepoint: 3029655 ns, Total: 3116103 ns
[2025-01-08T02:39:02.965+0000][74][info ][gc,marking  ] GC(8) Concurrent Mark 6.034ms
[2025-01-08T02:39:02.965+0000][74][info ][gc,marking  ] GC(8) Concurrent Rebuild Remembered Sets and Scrub Regions
[2025-01-08T02:39:02.967+0000][74][info ][gc,marking  ] GC(8) Concurrent Rebuild Remembered Sets and Scrub Regions 1.395ms
[2025-01-08T02:39:02.967+0000][74][info ][gc,start    ] GC(8) Pause Cleanup
[2025-01-08T02:39:02.967+0000][74][info ][gc          ] GC(8) Pause Cleanup 33M->33M(512M) 0.250ms
[2025-01-08T02:39:02.967+0000][74][info ][gc,cpu      ] GC(8) User=0.00s Sys=0.00s Real=0.00s
[2025-01-08T02:39:02.967+0000][74][info ][safepoint   ] Safepoint "G1PauseCleanup", Time since last: 1865617 ns, Reaching safepoint: 80175 ns, Cleanup: 8116 ns, At safepoint: 468808 ns, Total: 557099 ns
[2025-01-08T02:39:02.967+0000][74][info ][gc,marking  ] GC(8) Concurrent Clear Claimed Marks
[2025-01-08T02:39:02.968+0000][74][info ][gc,marking  ] GC(8) Concurrent Clear Claimed Marks 0.184ms
[2025-01-08T02:39:02.968+0000][74][info ][gc,marking  ] GC(8) Concurrent Cleanup for Next Mark
[2025-01-08T02:39:02.968+0000][74][info ][gc,marking  ] GC(8) Concurrent Cleanup for Next Mark 0.687ms
[2025-01-08T02:39:02.969+0000][74][info ][gc          ] GC(8) Concurrent Mark Cycle 13.135ms
[2025-01-08T02:39:03.257+0000][74][info ][gc,start    ] GC(9) Pause Young (Normal) (G1 Evacuation Pause)
[2025-01-08T02:39:03.257+0000][74][info ][gc,task     ] GC(9) Using 12 workers of 13 for evacuation
[2025-01-08T02:39:03.257+0000][74][debug][gc,age      ] GC(9) Desired survivor size 20971520 bytes, new threshold 15 (max threshold 15)
[2025-01-08T02:39:03.264+0000][74][info ][gc,phases   ] GC(9)   Pre Evacuate Collection Set: 0.2ms
[2025-01-08T02:39:03.264+0000][74][info ][gc,phases   ] GC(9)   Merge Heap Roots: 0.2ms
[2025-01-08T02:39:03.264+0000][74][info ][gc,phases   ] GC(9)   Evacuate Collection Set: 4.9ms
[2025-01-08T02:39:03.264+0000][74][info ][gc,phases   ] GC(9)   Post Evacuate Collection Set: 0.9ms
[2025-01-08T02:39:03.264+0000][74][info ][gc,phases   ] GC(9)   Other: 0.4ms
[2025-01-08T02:39:03.264+0000][74][trace][gc,age      ] GC(9) Age table with threshold 15 (max threshold 15)
[2025-01-08T02:39:03.265+0000][74][trace][gc,age      ] GC(9) - age   1:    3347104 bytes,    3347104 total
[2025-01-08T02:39:03.265+0000][74][trace][gc,age      ] GC(9) - age   2:    5823912 bytes,    9171016 total
[2025-01-08T02:39:03.265+0000][74][trace][gc,age      ] GC(9) - age   3:    4205336 bytes,   13376352 total
[2025-01-08T02:39:03.265+0000][74][trace][gc,age      ] GC(9) - age   4:    7637264 bytes,   21013616 total
[2025-01-08T02:39:03.265+0000][74][trace][gc,age      ] GC(9) - age   5:     872104 bytes,   21885720 total
[2025-01-08T02:39:03.265+0000][74][trace][gc,age      ] GC(9) - age   6:    2258936 bytes,   24144656 total
[2025-01-08T02:39:03.265+0000][74][info ][gc,heap     ] GC(9) Eden regions: 70->0(69)
[2025-01-08T02:39:03.265+0000][74][info ][gc,heap     ] GC(9) Survivor regions: 6->7(10)
[2025-01-08T02:39:03.265+0000][74][info ][gc,heap     ] GC(9) Old regions: 3->3
[2025-01-08T02:39:03.265+0000][74][info ][gc,heap     ] GC(9) Humongous regions: 0->0
[2025-01-08T02:39:03.265+0000][74][info ][gc,metaspace] GC(9) Metaspace: 37156K(38080K)->37156K(38080K) NonClass: 32976K(33536K)->32976K(33536K) Class: 4180K(4544K)->4180K(4544K)
[2025-01-08T02:39:03.266+0000][74][info ][gc          ] GC(9) Pause Young (Normal) (G1 Evacuation Pause) 311M->34M(512M) 8.959ms
[2025-01-08T02:39:03.266+0000][74][info ][gc,cpu      ] GC(9) User=0.04s Sys=0.01s Real=0.01s
[2025-01-08T02:39:03.266+0000][74][info ][safepoint   ] Safepoint "G1CollectForAllocation", Time since last: 289207852 ns, Reaching safepoint: 5341 ns, Cleanup: 110604 ns, At safepoint: 9187284 ns, Total: 9303229 ns
[2025-01-08T02:39:03.510+0000][74][info ][gc,heap,exit] Heap
[2025-01-08T02:39:03.510+0000][74][info ][gc,heap,exit]  garbage-first heap   total 524288K, used 227573K [0x00000000e0000000, 0x0000000100000000)
[2025-01-08T02:39:03.511+0000][74][info ][gc,heap,exit]   region size 4096K, 55 young (225280K), 7 survivors (28672K)
[2025-01-08T02:39:03.511+0000][74][info ][gc,heap,exit]  Metaspace       used 38966K, committed 40000K, reserved 1114112K
[2025-01-08T02:39:03.511+0000][74][info ][gc,heap,exit]   class space    used 4406K, committed 4800K, reserved 1048576K
