[2025-01-08T02:38:49.753+0000][74][info][gc,init] CardTable entry size: 512
[2025-01-08T02:38:49.754+0000][74][info][gc     ] Using G1
[2025-01-08T02:38:49.832+0000][74][info][gc,init] Version: 21.0.1+12-29 (release)
[2025-01-08T02:38:49.832+0000][74][info][gc,init] CPUs: 16 total, 16 available
[2025-01-08T02:38:49.833+0000][74][info][gc,init] Memory: 7640M
[2025-01-08T02:38:49.833+0000][74][info][gc,init] Large Page Support: Disabled
[2025-01-08T02:38:49.833+0000][74][info][gc,init] NUMA Support: Disabled
[2025-01-08T02:38:49.833+0000][74][info][gc,init] Compressed Oops: Enabled (32-bit)
[2025-01-08T02:38:49.833+0000][74][info][gc,init] Heap Region Size: 4M
[2025-01-08T02:38:49.834+0000][74][info][gc,init] Heap Min Capacity: 512M
[2025-01-08T02:38:49.834+0000][74][info][gc,init] Heap Initial Capacity: 512M
[2025-01-08T02:38:49.834+0000][74][info][gc,init] Heap Max Capacity: 512M
[2025-01-08T02:38:49.835+0000][74][info][gc,init] Pre-touch: Enabled
[2025-01-08T02:38:49.835+0000][74][info][gc,init] Parallel Workers: 13
[2025-01-08T02:38:49.835+0000][74][info][gc,init] Concurrent Workers: 3
[2025-01-08T02:38:49.835+0000][74][info][gc,init] Concurrent Refinement Workers: 13
[2025-01-08T02:38:49.835+0000][74][info][gc,init] Periodic GC: Disabled
[2025-01-08T02:38:49.841+0000][74][info][gc,metaspace] CDS archive(s) mapped at: [0x00007f240f000000-0x00007f240fca5000-0x00007f240fca5000), size 13258752, SharedBaseAddress: 0x00007f240f000000, ArchiveRelocationMode: 1.
[2025-01-08T02:38:49.841+0000][74][info][gc,metaspace] Compressed class space mapped at: 0x00007f2410000000-0x00007f2450000000, reserved size: 1073741824
[2025-01-08T02:38:49.842+0000][74][info][gc,metaspace] Narrow klass base: 0x00007f240f000000, Narrow klass shift: 0, Narrow klass range: 0x100000000
[2025-01-08T02:38:49.995+0000][74][info][gc,start    ] GC(0) Pause Young (Normal) (G1 Evacuation Pause)
[2025-01-08T02:38:49.996+0000][74][info][gc,task     ] GC(0) Using 12 workers of 13 for evacuation
[2025-01-08T02:38:49.996+0000][74][debug][gc,age      ] GC(0) Desired survivor size 2097152 bytes, new threshold 15 (max threshold 15)
[2025-01-08T02:38:49.997+0000][74][info ][gc,phases   ] GC(0)   Pre Evacuate Collection Set: 0.2ms
[2025-01-08T02:38:49.998+0000][74][info ][gc,phases   ] GC(0)   Merge Heap Roots: 0.1ms
[2025-01-08T02:38:49.998+0000][74][info ][gc,phases   ] GC(0)   Evacuate Collection Set: 0.7ms
[2025-01-08T02:38:49.998+0000][74][info ][gc,phases   ] GC(0)   Post Evacuate Collection Set: 0.6ms
[2025-01-08T02:38:49.998+0000][74][info ][gc,phases   ] GC(0)   Other: 0.3ms
[2025-01-08T02:38:49.998+0000][74][trace][gc,age      ] GC(0) Age table with threshold 15 (max threshold 15)
[2025-01-08T02:38:49.998+0000][74][trace][gc,age      ] GC(0) - age   1:    1970824 bytes,    1970824 total
[2025-01-08T02:38:49.998+0000][74][info ][gc,heap     ] GC(0) Eden regions: 6->0(23)
[2025-01-08T02:38:49.999+0000][74][info ][gc,heap     ] GC(0) Survivor regions: 0->1(1)
[2025-01-08T02:38:49.999+0000][74][info ][gc,heap     ] GC(0) Old regions: 1->1
[2025-01-08T02:38:49.999+0000][74][info ][gc,heap     ] GC(0) Humongous regions: 0->0
[2025-01-08T02:38:49.999+0000][74][info ][gc,metaspace] GC(0) Metaspace: 1057K(1152K)->1057K(1152K) NonClass: 987K(1024K)->987K(1024K) Class: 69K(128K)->69K(128K)
[2025-01-08T02:38:49.999+0000][74][info ][gc          ] GC(0) Pause Young (Normal) (G1 Evacuation Pause) 25M->3M(512M) 3.741ms
[2025-01-08T02:38:49.999+0000][74][info ][gc,cpu      ] GC(0) User=0.01s Sys=0.01s Real=0.01s
[2025-01-08T02:38:49.999+0000][74][info ][safepoint   ] Safepoint "G1CollectForAllocation", Time since last: 149030142 ns, Reaching safepoint: 3577 ns, Cleanup: 73182 ns, At safepoint: 3977128 ns, Total: 4053887 ns
[2025-01-08T02:38:50.248+0000][74][info ][safepoint   ] Safepoint "ICBufferFull", Time since last: 249060682 ns, Reaching safepoint: 100480 ns, Cleanup: 112288 ns, At safepoint: 30389 ns, Total: 243157 ns
[2025-01-08T02:38:50.527+0000][74][info ][safepoint   ] Safepoint "ICBufferFull", Time since last: 278780045 ns, Reaching safepoint: 2665 ns, Cleanup: 124782 ns, At safepoint: 2264 ns, Total: 129711 ns
[2025-01-08T02:38:50.827+0000][74][info ][safepoint   ] Safepoint "ICBufferFull", Time since last: 299770823 ns, Reaching safepoint: 106437 ns, Cleanup: 118881 ns, At safepoint: 23405 ns, Total: 248723 ns
[2025-01-08T02:38:51.129+0000][74][info ][safepoint   ] Safepoint "ICBufferFull", Time since last: 301379719 ns, Reaching safepoint: 4008 ns, Cleanup: 130042 ns, At safepoint: 11082 ns, Total: 145132 ns
[2025-01-08T02:38:51.206+0000][74][info ][gc,start    ] GC(1) Pause Young (Normal) (G1 Evacuation Pause)
[2025-01-08T02:38:51.207+0000][74][info ][gc,task     ] GC(1) Using 12 workers of 13 for evacuation
[2025-01-08T02:38:51.207+0000][74][debug][gc,age      ] GC(1) Desired survivor size 6291456 bytes, new threshold 15 (max threshold 15)
[2025-01-08T02:38:51.211+0000][74][info ][gc,phases   ] GC(1)   Pre Evacuate Collection Set: 0.2ms
[2025-01-08T02:38:51.212+0000][74][info ][gc,phases   ] GC(1)   Merge Heap Roots: 0.2ms
[2025-01-08T02:38:51.212+0000][74][info ][gc,phases   ] GC(1)   Evacuate Collection Set: 2.8ms
[2025-01-08T02:38:51.212+0000][74][info ][gc,phases   ] GC(1)   Post Evacuate Collection Set: 1.0ms
[2025-01-08T02:38:51.212+0000][74][info ][gc,phases   ] GC(1)   Other: 0.4ms
[2025-01-08T02:38:51.212+0000][74][trace][gc,age      ] GC(1) Age table with threshold 15 (max threshold 15)
[2025-01-08T02:38:51.212+0000][74][trace][gc,age      ] GC(1) - age   1:    7066296 bytes,    7066296 total
[2025-01-08T02:38:51.212+0000][74][trace][gc,age      ] GC(1) - age   2:    1910432 bytes,    8976728 total
[2025-01-08T02:38:51.212+0000][74][info ][gc,heap     ] GC(1) Eden regions: 23->0(26)
[2025-01-08T02:38:51.212+0000][74][info ][gc,heap     ] GC(1) Survivor regions: 1->3(3)
[2025-01-08T02:38:51.212+0000][74][info ][gc,heap     ] GC(1) Old regions: 1->1
[2025-01-08T02:38:51.213+0000][74][info ][gc,heap     ] GC(1) Humongous regions: 0->0
[2025-01-08T02:38:51.213+0000][74][info ][gc,metaspace] GC(1) Metaspace: 18439K(19008K)->18439K(19008K) NonClass: 16462K(16768K)->16462K(16768K) Class: 1976K(2240K)->1976K(2240K)
[2025-01-08T02:38:51.213+0000][74][info ][gc          ] GC(1) Pause Young (Normal) (G1 Evacuation Pause) 95M->9M(512M) 6.367ms
[2025-01-08T02:38:51.213+0000][74][info ][gc,cpu      ] GC(1) User=0.02s Sys=0.01s Real=0.00s
[2025-01-08T02:38:51.213+0000][74][info ][safepoint   ] Safepoint "G1CollectForAllocation", Time since last: 77370587 ns, Reaching safepoint: 3436 ns, Cleanup: 15891 ns, At safepoint: 6629555 ns, Total: 6648882 ns
[2025-01-08T02:38:51.521+0000][74][info ][safepoint   ] Safepoint "ICBufferFull", Time since last: 308249872 ns, Reaching safepoint: 4158 ns, Cleanup: 119713 ns, At safepoint: 1793 ns, Total: 125664 ns
[2025-01-08T02:38:51.562+0000][74][info ][gc,start    ] GC(2) Pause Young (Normal) (G1 Evacuation Pause)
[2025-01-08T02:38:51.562+0000][74][info ][gc,task     ] GC(2) Using 12 workers of 13 for evacuation
[2025-01-08T02:38:51.563+0000][74][debug][gc,age      ] GC(2) Desired survivor size 8388608 bytes, new threshold 2 (max threshold 15)
[2025-01-08T02:38:51.568+0000][74][info ][gc,phases   ] GC(2)   Pre Evacuate Collection Set: 0.2ms
[2025-01-08T02:38:51.568+0000][74][info ][gc,phases   ] GC(2)   Merge Heap Roots: 0.2ms
[2025-01-08T02:38:51.568+0000][74][info ][gc,phases   ] GC(2)   Evacuate Collection Set: 3.5ms
[2025-01-08T02:38:51.568+0000][74][info ][gc,phases   ] GC(2)   Post Evacuate Collection Set: 1.0ms
[2025-01-08T02:38:51.569+0000][74][info ][gc,phases   ] GC(2)   Other: 0.5ms
[2025-01-08T02:38:51.569+0000][74][trace][gc,age      ] GC(2) Age table with threshold 2 (max threshold 15)
[2025-01-08T02:38:51.569+0000][74][trace][gc,age      ] GC(2) - age   1:    4003240 bytes,    4003240 total
[2025-01-08T02:38:51.569+0000][74][trace][gc,age      ] GC(2) - age   2:    6096016 bytes,   10099256 total
[2025-01-08T02:38:51.569+0000][74][info ][gc,heap     ] GC(2) Eden regions: 26->0(73)
[2025-01-08T02:38:51.569+0000][74][info ][gc,heap     ] GC(2) Survivor regions: 3->3(4)
[2025-01-08T02:38:51.569+0000][74][info ][gc,heap     ] GC(2) Old regions: 1->2
[2025-01-08T02:38:51.569+0000][74][info ][gc,heap     ] GC(2) Humongous regions: 0->0
[2025-01-08T02:38:51.569+0000][74][info ][gc,metaspace] GC(2) Metaspace: 20600K(21120K)->20600K(21120K) NonClass: 18389K(18688K)->18389K(18688K) Class: 2210K(2432K)->2210K(2432K)
[2025-01-08T02:38:51.569+0000][74][info ][gc          ] GC(2) Pause Young (Normal) (G1 Evacuation Pause) 113M->13M(512M) 7.376ms
[2025-01-08T02:38:51.570+0000][74][info ][gc,cpu      ] GC(2) User=0.04s Sys=0.00s Real=0.01s
[2025-01-08T02:38:51.570+0000][74][info ][safepoint   ] Safepoint "G1CollectForAllocation", Time since last: 40771206 ns, Reaching safepoint: 4508 ns, Cleanup: 23536 ns, At safepoint: 7627170 ns, Total: 7655214 ns
[2025-01-08T02:38:51.665+0000][74][info ][gc,start    ] GC(3) Pause Young (Concurrent Start) (Metadata GC Threshold)
[2025-01-08T02:38:51.665+0000][74][info ][gc,task     ] GC(3) Using 12 workers of 13 for evacuation
[2025-01-08T02:38:51.665+0000][74][debug][gc,age      ] GC(3) Desired survivor size 20971520 bytes, new threshold 15 (max threshold 15)
[2025-01-08T02:38:51.669+0000][74][info ][gc,phases   ] GC(3)   Pre Evacuate Collection Set: 0.3ms
[2025-01-08T02:38:51.669+0000][74][info ][gc,phases   ] GC(3)   Merge Heap Roots: 0.1ms
[2025-01-08T02:38:51.669+0000][74][info ][gc,phases   ] GC(3)   Evacuate Collection Set: 2.3ms
[2025-01-08T02:38:51.669+0000][74][info ][gc,phases   ] GC(3)   Post Evacuate Collection Set: 0.8ms
[2025-01-08T02:38:51.669+0000][74][info ][gc,phases   ] GC(3)   Other: 0.4ms
[2025-01-08T02:38:51.669+0000][74][trace][gc,age      ] GC(3) Age table with threshold 15 (max threshold 15)
[2025-01-08T02:38:51.670+0000][74][trace][gc,age      ] GC(3) - age   1:     941952 bytes,     941952 total
[2025-01-08T02:38:51.670+0000][74][trace][gc,age      ] GC(3) - age   2:    2288680 bytes,    3230632 total
[2025-01-08T02:38:51.670+0000][74][trace][gc,age      ] GC(3) - age   3:    6093696 bytes,    9324328 total
[2025-01-08T02:38:51.670+0000][74][info ][gc,heap     ] GC(3) Eden regions: 17->0(73)
[2025-01-08T02:38:51.670+0000][74][info ][gc,heap     ] GC(3) Survivor regions: 3->3(10)
[2025-01-08T02:38:51.670+0000][74][info ][gc,heap     ] GC(3) Old regions: 2->2
[2025-01-08T02:38:51.670+0000][74][info ][gc,heap     ] GC(3) Humongous regions: 0->0
[2025-01-08T02:38:51.670+0000][74][info ][gc,metaspace] GC(3) Metaspace: 20978K(21504K)->20978K(21504K) NonClass: 18737K(19072K)->18737K(19072K) Class: 2241K(2432K)->2241K(2432K)
[2025-01-08T02:38:51.670+0000][74][info ][gc          ] GC(3) Pause Young (Concurrent Start) (Metadata GC Threshold) 79M->12M(512M) 5.808ms
[2025-01-08T02:38:51.670+0000][74][info ][gc,cpu      ] GC(3) User=0.02s Sys=0.01s Real=0.01s
[2025-01-08T02:38:51.670+0000][74][info ][gc          ] GC(4) Concurrent Mark Cycle
[2025-01-08T02:38:51.671+0000][74][info ][gc,marking  ] GC(4) Concurrent Scan Root Regions
[2025-01-08T02:38:51.671+0000][74][info ][safepoint   ] Safepoint "CollectForMetadataAllocation", Time since last: 94723197 ns, Reaching safepoint: 3417 ns, Cleanup: 49195 ns, At safepoint: 6269830 ns, Total: 6322442 ns
[2025-01-08T02:38:51.673+0000][74][info ][gc,marking  ] GC(4) Concurrent Scan Root Regions 2.098ms
[2025-01-08T02:38:51.673+0000][74][info ][gc,marking  ] GC(4) Concurrent Mark
[2025-01-08T02:38:51.673+0000][74][info ][gc,marking  ] GC(4) Concurrent Mark From Roots
[2025-01-08T02:38:51.673+0000][74][info ][gc,task     ] GC(4) Using 3 workers of 3 for marking
[2025-01-08T02:38:51.675+0000][74][info ][gc,marking  ] GC(4) Concurrent Mark From Roots 1.699ms
[2025-01-08T02:38:51.675+0000][74][info ][gc,marking  ] GC(4) Concurrent Preclean
[2025-01-08T02:38:51.675+0000][74][info ][gc,marking  ] GC(4) Concurrent Preclean 0.121ms
[2025-01-08T02:38:51.676+0000][74][info ][gc,start    ] GC(4) Pause Remark
[2025-01-08T02:38:51.678+0000][74][info ][gc          ] GC(4) Pause Remark 15M->15M(512M) 2.039ms
[2025-01-08T02:38:51.678+0000][74][info ][gc,cpu      ] GC(4) User=0.01s Sys=0.00s Real=0.00s
[2025-01-08T02:38:51.678+0000][74][info ][safepoint   ] Safepoint "G1PauseRemark", Time since last: 4531293 ns, Reaching safepoint: 459914 ns, Cleanup: 3176 ns, At safepoint: 2344985 ns, Total: 2808075 ns
[2025-01-08T02:38:51.678+0000][74][info ][gc,marking  ] GC(4) Concurrent Mark 5.202ms
[2025-01-08T02:38:51.678+0000][74][info ][gc,marking  ] GC(4) Concurrent Rebuild Remembered Sets and Scrub Regions
[2025-01-08T02:38:51.679+0000][74][info ][gc,marking  ] GC(4) Concurrent Rebuild Remembered Sets and Scrub Regions 0.632ms
[2025-01-08T02:38:51.680+0000][74][info ][gc,start    ] GC(4) Pause Cleanup
[2025-01-08T02:38:51.680+0000][74][info ][gc          ] GC(4) Pause Cleanup 15M->15M(512M) 0.239ms
[2025-01-08T02:38:51.680+0000][74][info ][gc,cpu      ] GC(4) User=0.00s Sys=0.00s Real=0.00s
[2025-01-08T02:38:51.680+0000][74][info ][safepoint   ] Safepoint "G1PauseCleanup", Time since last: 1018317 ns, Reaching safepoint: 387767 ns, Cleanup: 2945 ns, At safepoint: 453100 ns, Total: 843812 ns
[2025-01-08T02:38:51.680+0000][74][info ][gc,marking  ] GC(4) Concurrent Clear Claimed Marks
[2025-01-08T02:38:51.680+0000][74][info ][gc,marking  ] GC(4) Concurrent Clear Claimed Marks 0.131ms
[2025-01-08T02:38:51.680+0000][74][info ][gc,marking  ] GC(4) Concurrent Cleanup for Next Mark
[2025-01-08T02:38:51.681+0000][74][info ][gc,marking  ] GC(4) Concurrent Cleanup for Next Mark 0.685ms
[2025-01-08T02:38:51.681+0000][74][info ][gc          ] GC(4) Concurrent Mark Cycle 10.679ms
[2025-01-08T02:38:51.998+0000][74][info ][safepoint   ] Safepoint "ICBufferFull", Time since last: 317578162 ns, Reaching safepoint: 85676 ns, Cleanup: 131977 ns, At safepoint: 19377 ns, Total: 237030 ns
[2025-01-08T02:38:52.459+0000][74][info ][gc,start    ] GC(5) Pause Young (Prepare Mixed) (G1 Evacuation Pause)
[2025-01-08T02:38:52.460+0000][74][info ][gc,task     ] GC(5) Using 12 workers of 13 for evacuation
[2025-01-08T02:38:52.460+0000][74][debug][gc,age      ] GC(5) Desired survivor size 20971520 bytes, new threshold 15 (max threshold 15)
[2025-01-08T02:38:52.469+0000][74][info ][gc,phases   ] GC(5)   Pre Evacuate Collection Set: 0.3ms
[2025-01-08T02:38:52.469+0000][74][info ][gc,phases   ] GC(5)   Merge Heap Roots: 0.2ms
[2025-01-08T02:38:52.470+0000][74][info ][gc,phases   ] GC(5)   Evacuate Collection Set: 7.2ms
[2025-01-08T02:38:52.470+0000][74][info ][gc,phases   ] GC(5)   Post Evacuate Collection Set: 1.3ms
[2025-01-08T02:38:52.470+0000][74][info ][gc,phases   ] GC(5)   Other: 0.4ms
[2025-01-08T02:38:52.470+0000][74][trace][gc,age      ] GC(5) Age table with threshold 15 (max threshold 15)
[2025-01-08T02:38:52.470+0000][74][trace][gc,age      ] GC(5) - age   1:    9637968 bytes,    9637968 total
[2025-01-08T02:38:52.470+0000][74][trace][gc,age      ] GC(5) - age   2:     873088 bytes,   10511056 total
[2025-01-08T02:38:52.470+0000][74][trace][gc,age      ] GC(5) - age   3:    2280968 bytes,   12792024 total
[2025-01-08T02:38:52.471+0000][74][trace][gc,age      ] GC(5) - age   4:    6089712 bytes,   18881736 total
[2025-01-08T02:38:52.471+0000][74][info ][gc,heap     ] GC(5) Eden regions: 73->0(71)
[2025-01-08T02:38:52.471+0000][74][info ][gc,heap     ] GC(5) Survivor regions: 3->5(10)
[2025-01-08T02:38:52.471+0000][74][info ][gc,heap     ] GC(5) Old regions: 2->2
[2025-01-08T02:38:52.471+0000][74][info ][gc,heap     ] GC(5) Humongous regions: 0->0
[2025-01-08T02:38:52.471+0000][74][info ][gc,metaspace] GC(5) Metaspace: 29046K(29632K)->29046K(29632K) NonClass: 25820K(26176K)->25820K(26176K) Class: 3225K(3456K)->3225K(3456K)
[2025-01-08T02:38:52.472+0000][74][info ][gc          ] GC(5) Pause Young (Prepare Mixed) (G1 Evacuation Pause) 304M->22M(512M) 12.436ms
[2025-01-08T02:38:52.472+0000][74][info ][gc,cpu      ] GC(5) User=0.08s Sys=0.00s Real=0.01s
[2025-01-08T02:38:52.472+0000][74][info ][safepoint   ] Safepoint "G1CollectForAllocation", Time since last: 461121068 ns, Reaching safepoint: 7044 ns, Cleanup: 188626 ns, At safepoint: 12807961 ns, Total: 13003631 ns
[2025-01-08T02:38:53.058+0000][74][info ][gc,start    ] GC(6) Pause Young (Mixed) (G1 Evacuation Pause)
[2025-01-08T02:38:53.058+0000][74][info ][gc,task     ] GC(6) Using 12 workers of 13 for evacuation
[2025-01-08T02:38:53.059+0000][74][debug][gc,age      ] GC(6) Desired survivor size 20971520 bytes, new threshold 15 (max threshold 15)
[2025-01-08T02:38:53.068+0000][74][info ][gc,phases   ] GC(6)   Pre Evacuate Collection Set: 0.2ms
[2025-01-08T02:38:53.068+0000][74][info ][gc,phases   ] GC(6)   Merge Heap Roots: 0.1ms
[2025-01-08T02:38:53.069+0000][74][info ][gc,phases   ] GC(6)   Evacuate Collection Set: 7.3ms
[2025-01-08T02:38:53.069+0000][74][info ][gc,phases   ] GC(6)   Post Evacuate Collection Set: 1.6ms
[2025-01-08T02:38:53.069+0000][74][info ][gc,phases   ] GC(6)   Other: 0.5ms
[2025-01-08T02:38:53.069+0000][74][trace][gc,age      ] GC(6) Age table with threshold 15 (max threshold 15)
[2025-01-08T02:38:53.069+0000][74][trace][gc,age      ] GC(6) - age   1:    4651240 bytes,    4651240 total
[2025-01-08T02:38:53.070+0000][74][trace][gc,age      ] GC(6) - age   2:    7709888 bytes,   12361128 total
[2025-01-08T02:38:53.070+0000][74][trace][gc,age      ] GC(6) - age   3:     872896 bytes,   13234024 total
[2025-01-08T02:38:53.070+0000][74][trace][gc,age      ] GC(6) - age   4:    2279544 bytes,   15513568 total
[2025-01-08T02:38:53.070+0000][74][trace][gc,age      ] GC(6) - age   5:    6089584 bytes,   21603152 total
[2025-01-08T02:38:53.070+0000][74][info ][gc,heap     ] GC(6) Eden regions: 71->0(70)
[2025-01-08T02:38:53.070+0000][74][info ][gc,heap     ] GC(6) Survivor regions: 5->6(10)
[2025-01-08T02:38:53.071+0000][74][info ][gc,heap     ] GC(6) Old regions: 2->1
[2025-01-08T02:38:53.071+0000][74][info ][gc,heap     ] GC(6) Humongous regions: 0->0
[2025-01-08T02:38:53.071+0000][74][info ][gc,metaspace] GC(6) Metaspace: 32972K(33664K)->32972K(33664K) NonClass: 29366K(29760K)->29366K(29760K) Class: 3605K(3904K)->3605K(3904K)
[2025-01-08T02:38:53.071+0000][74][info ][gc          ] GC(6) Pause Young (Mixed) (G1 Evacuation Pause) 306M->25M(512M) 13.330ms
[2025-01-08T02:38:53.072+0000][74][info ][gc,cpu      ] GC(6) User=0.07s Sys=0.01s Real=0.01s
[2025-01-08T02:38:53.072+0000][74][info ][safepoint   ] Safepoint "G1CollectForAllocation", Time since last: 585921643 ns, Reaching safepoint: 4890 ns, Cleanup: 128219 ns, At safepoint: 13767287 ns, Total: 13900396 ns
[2025-01-08T02:38:53.774+0000][74][info ][gc,start    ] GC(7) Pause Young (Concurrent Start) (Metadata GC Threshold)
[2025-01-08T02:38:53.775+0000][74][info ][gc,task     ] GC(7) Using 12 workers of 13 for evacuation
[2025-01-08T02:38:53.776+0000][74][debug][gc,age      ] GC(7) Desired survivor size 20971520 bytes, new threshold 5 (max threshold 15)
[2025-01-08T02:38:53.792+0000][74][info ][gc,phases   ] GC(7)   Pre Evacuate Collection Set: 0.4ms
[2025-01-08T02:38:53.792+0000][74][info ][gc,phases   ] GC(7)   Merge Heap Roots: 0.2ms
[2025-01-08T02:38:53.792+0000][74][info ][gc,phases   ] GC(7)   Evacuate Collection Set: 13.2ms
[2025-01-08T02:38:53.792+0000][74][info ][gc,phases   ] GC(7)   Post Evacuate Collection Set: 1.7ms
[2025-01-08T02:38:53.793+0000][74][info ][gc,phases   ] GC(7)   Other: 0.6ms
[2025-01-08T02:38:53.793+0000][74][trace][gc,age      ] GC(7) Age table with threshold 5 (max threshold 15)
[2025-01-08T02:38:53.793+0000][74][trace][gc,age      ] GC(7) - age   1:    5416896 bytes,    5416896 total
[2025-01-08T02:38:53.793+0000][74][trace][gc,age      ] GC(7) - age   2:    4631624 bytes,   10048520 total
[2025-01-08T02:38:53.794+0000][74][trace][gc,age      ] GC(7) - age   3:    7707704 bytes,   17756224 total
[2025-01-08T02:38:53.794+0000][74][trace][gc,age      ] GC(7) - age   4:     872896 bytes,   18629120 total
[2025-01-08T02:38:53.794+0000][74][trace][gc,age      ] GC(7) - age   5:    2278664 bytes,   20907784 total
[2025-01-08T02:38:53.794+0000][74][info ][gc,heap     ] GC(7) Eden regions: 60->0(70)
[2025-01-08T02:38:53.794+0000][74][info ][gc,heap     ] GC(7) Survivor regions: 6->6(10)
[2025-01-08T02:38:53.795+0000][74][info ][gc,heap     ] GC(7) Old regions: 1->3
[2025-01-08T02:38:53.795+0000][74][info ][gc,heap     ] GC(7) Humongous regions: 0->0
[2025-01-08T02:38:53.795+0000][74][info ][gc,metaspace] GC(7) Metaspace: 35409K(36160K)->35409K(36160K) NonClass: 31445K(31872K)->31445K(31872K) Class: 3963K(4288K)->3963K(4288K)
[2025-01-08T02:38:53.795+0000][74][info ][gc          ] GC(7) Pause Young (Concurrent Start) (Metadata GC Threshold) 263M->31M(512M) 20.896ms
[2025-01-08T02:38:53.796+0000][74][info ][gc,cpu      ] GC(7) User=0.13s Sys=0.02s Real=0.03s
[2025-01-08T02:38:53.796+0000][74][info ][gc          ] GC(8) Concurrent Mark Cycle
[2025-01-08T02:38:53.796+0000][74][info ][safepoint   ] Safepoint "CollectForMetadataAllocation", Time since last: 702483648 ns, Reaching safepoint: 8016 ns, Cleanup: 155482 ns, At safepoint: 21723816 ns, Total: 21887314 ns
[2025-01-08T02:38:53.796+0000][74][info ][gc,marking  ] GC(8) Concurrent Scan Root Regions
[2025-01-08T02:38:53.801+0000][74][info ][gc,marking  ] GC(8) Concurrent Scan Root Regions 5.207ms
[2025-01-08T02:38:53.803+0000][74][info ][gc,marking  ] GC(8) Concurrent Mark
[2025-01-08T02:38:53.803+0000][74][info ][gc,marking  ] GC(8) Concurrent Mark From Roots
[2025-01-08T02:38:53.804+0000][74][info ][gc,task     ] GC(8) Using 3 workers of 3 for marking
[2025-01-08T02:38:53.808+0000][74][info ][gc,marking  ] GC(8) Concurrent Mark From Roots 4.403ms
[2025-01-08T02:38:53.808+0000][74][info ][gc,marking  ] GC(8) Concurrent Preclean
[2025-01-08T02:38:53.808+0000][74][info ][gc,marking  ] GC(8) Concurrent Preclean 0.310ms
[2025-01-08T02:38:53.809+0000][74][info ][gc,start    ] GC(8) Pause Remark
[2025-01-08T02:38:53.816+0000][74][info ][gc          ] GC(8) Pause Remark 33M->33M(512M) 6.504ms
[2025-01-08T02:38:53.816+0000][74][info ][gc,cpu      ] GC(8) User=0.04s Sys=0.00s Real=0.01s
[2025-01-08T02:38:53.817+0000][74][info ][safepoint   ] Safepoint "G1PauseRemark", Time since last: 12715942 ns, Reaching safepoint: 290543 ns, Cleanup: 5130 ns, At safepoint: 7487951 ns, Total: 7783624 ns
[2025-01-08T02:38:53.817+0000][74][info ][gc,marking  ] GC(8) Concurrent Mark 14.129ms
[2025-01-08T02:38:53.817+0000][74][info ][gc,marking  ] GC(8) Concurrent Rebuild Remembered Sets and Scrub Regions
[2025-01-08T02:38:53.820+0000][74][info ][gc,marking  ] GC(8) Concurrent Rebuild Remembered Sets and Scrub Regions 3.077ms
[2025-01-08T02:38:53.821+0000][74][info ][gc,start    ] GC(8) Pause Cleanup
[2025-01-08T02:38:53.822+0000][74][info ][gc          ] GC(8) Pause Cleanup 33M->33M(512M) 0.731ms
[2025-01-08T02:38:53.822+0000][74][info ][gc,cpu      ] GC(8) User=0.00s Sys=0.00s Real=0.00s
[2025-01-08T02:38:53.822+0000][74][info ][safepoint   ] Safepoint "G1PauseCleanup", Time since last: 4228871 ns, Reaching safepoint: 130904 ns, Cleanup: 19488 ns, At safepoint: 1343920 ns, Total: 1494312 ns
[2025-01-08T02:38:53.823+0000][74][info ][gc,marking  ] GC(8) Concurrent Clear Claimed Marks
[2025-01-08T02:38:53.823+0000][74][info ][gc,marking  ] GC(8) Concurrent Clear Claimed Marks 0.343ms
[2025-01-08T02:38:53.823+0000][74][info ][gc,marking  ] GC(8) Concurrent Cleanup for Next Mark
[2025-01-08T02:38:53.825+0000][74][info ][gc,marking  ] GC(8) Concurrent Cleanup for Next Mark 1.449ms
[2025-01-08T02:38:53.825+0000][74][info ][gc          ] GC(8) Concurrent Mark Cycle 29.442ms
[2025-01-08T02:38:54.824+0000][74][info ][safepoint   ] Safepoint "Cleanup", Time since last: 1001222392 ns, Reaching safepoint: 122148 ns, Cleanup: 106557 ns, At safepoint: 24448 ns, Total: 253153 ns
[2025-01-08T02:38:54.902+0000][74][info ][gc,start    ] GC(9) Pause Young (Normal) (G1 Evacuation Pause)
[2025-01-08T02:38:54.903+0000][74][info ][gc,task     ] GC(9) Using 12 workers of 13 for evacuation
[2025-01-08T02:38:54.903+0000][74][debug][gc,age      ] GC(9) Desired survivor size 20971520 bytes, new threshold 15 (max threshold 15)
[2025-01-08T02:38:54.910+0000][74][info ][gc,phases   ] GC(9)   Pre Evacuate Collection Set: 0.3ms
[2025-01-08T02:38:54.911+0000][74][info ][gc,phases   ] GC(9)   Merge Heap Roots: 0.1ms
[2025-01-08T02:38:54.911+0000][74][info ][gc,phases   ] GC(9)   Evacuate Collection Set: 6.0ms
[2025-01-08T02:38:54.911+0000][74][info ][gc,phases   ] GC(9)   Post Evacuate Collection Set: 1.1ms
[2025-01-08T02:38:54.911+0000][74][info ][gc,phases   ] GC(9)   Other: 0.4ms
[2025-01-08T02:38:54.911+0000][74][trace][gc,age      ] GC(9) Age table with threshold 15 (max threshold 15)
[2025-01-08T02:38:54.912+0000][74][trace][gc,age      ] GC(9) - age   1:    3610288 bytes,    3610288 total
[2025-01-08T02:38:54.912+0000][74][trace][gc,age      ] GC(9) - age   2:    5386544 bytes,    8996832 total
[2025-01-08T02:38:54.912+0000][74][trace][gc,age      ] GC(9) - age   3:    4631168 bytes,   13628000 total
[2025-01-08T02:38:54.912+0000][74][trace][gc,age      ] GC(9) - age   4:    7705544 bytes,   21333544 total
[2025-01-08T02:38:54.912+0000][74][trace][gc,age      ] GC(9) - age   5:     872640 bytes,   22206184 total
[2025-01-08T02:38:54.912+0000][74][trace][gc,age      ] GC(9) - age   6:    2258904 bytes,   24465088 total
[2025-01-08T02:38:54.912+0000][74][info ][gc,heap     ] GC(9) Eden regions: 70->0(69)
[2025-01-08T02:38:54.912+0000][74][info ][gc,heap     ] GC(9) Survivor regions: 6->7(10)
[2025-01-08T02:38:54.913+0000][74][info ][gc,heap     ] GC(9) Old regions: 3->3
[2025-01-08T02:38:54.913+0000][74][info ][gc,heap     ] GC(9) Humongous regions: 0->0
[2025-01-08T02:38:54.913+0000][74][info ][gc,metaspace] GC(9) Metaspace: 37245K(38080K)->37245K(38080K) NonClass: 33055K(33536K)->33055K(33536K) Class: 4190K(4544K)->4190K(4544K)
[2025-01-08T02:38:54.913+0000][74][info ][gc          ] GC(9) Pause Young (Normal) (G1 Evacuation Pause) 311M->34M(512M) 10.702ms
[2025-01-08T02:38:54.913+0000][74][info ][gc,cpu      ] GC(9) User=0.08s Sys=0.00s Real=0.01s
[2025-01-08T02:38:54.913+0000][74][info ][safepoint   ] Safepoint "G1CollectForAllocation", Time since last: 78333157 ns, Reaching safepoint: 5050 ns, Cleanup: 32543 ns, At safepoint: 11053219 ns, Total: 11090812 ns
[2025-01-08T02:38:55.187+0000][74][info ][gc,heap,exit] Heap
[2025-01-08T02:38:55.187+0000][74][info ][gc,heap,exit]  garbage-first heap   total 524288K, used 227595K [0x00000000e0000000, 0x0000000100000000)
[2025-01-08T02:38:55.187+0000][74][info ][gc,heap,exit]   region size 4096K, 54 young (221184K), 7 survivors (28672K)
[2025-01-08T02:38:55.187+0000][74][info ][gc,heap,exit]  Metaspace       used 39062K, committed 40064K, reserved 1114112K
[2025-01-08T02:38:55.187+0000][74][info ][gc,heap,exit]   class space    used 4416K, committed 4800K, reserved 1048576K
