[2025-01-08T02:38:33.566+0000][35][info][gc,init] CardTable entry size: 512
[2025-01-08T02:38:33.567+0000][35][info][gc     ] Using G1
[2025-01-08T02:38:33.573+0000][35][info][gc,init] Version: 21.0.1+12-29 (release)
[2025-01-08T02:38:33.573+0000][35][info][gc,init] CPUs: 16 total, 16 available
[2025-01-08T02:38:33.573+0000][35][info][gc,init] Memory: 7640M
[2025-01-08T02:38:33.574+0000][35][info][gc,init] Large Page Support: Disabled
[2025-01-08T02:38:33.574+0000][35][info][gc,init] NUMA Support: Disabled
[2025-01-08T02:38:33.574+0000][35][info][gc,init] Compressed Oops: Enabled (32-bit)
[2025-01-08T02:38:33.574+0000][35][info][gc,init] Heap Region Size: 1M
[2025-01-08T02:38:33.575+0000][35][info][gc,init] Heap Min Capacity: 512M
[2025-01-08T02:38:33.575+0000][35][info][gc,init] Heap Initial Capacity: 512M
[2025-01-08T02:38:33.575+0000][35][info][gc,init] Heap Max Capacity: 512M
[2025-01-08T02:38:33.575+0000][35][info][gc,init] Pre-touch: Disabled
[2025-01-08T02:38:33.575+0000][35][info][gc,init] Parallel Workers: 13
[2025-01-08T02:38:33.576+0000][35][info][gc,init] Concurrent Workers: 3
[2025-01-08T02:38:33.576+0000][35][info][gc,init] Concurrent Refinement Workers: 13
[2025-01-08T02:38:33.576+0000][35][info][gc,init] Periodic GC: Disabled
[2025-01-08T02:38:33.583+0000][35][info][gc,metaspace] CDS archive(s) mapped at: [0x00007f77d7000000-0x00007f77d7ca5000-0x00007f77d7ca5000), size 13258752, SharedBaseAddress: 0x00007f77d7000000, ArchiveRelocationMode: 1.
[2025-01-08T02:38:33.584+0000][35][info][gc,metaspace] Compressed class space mapped at: 0x00007f77d8000000-0x00007f7818000000, reserved size: 1073741824
[2025-01-08T02:38:33.584+0000][35][info][gc,metaspace] Narrow klass base: 0x00007f77d7000000, Narrow klass shift: 0, Narrow klass range: 0x100000000
[2025-01-08T02:38:33.645+0000][35][info][gc,heap,exit] Heap
[2025-01-08T02:38:33.645+0000][35][info][gc,heap,exit]  garbage-first heap   total 524288K, used 3103K [0x00000000e0000000, 0x0000000100000000)
[2025-01-08T02:38:33.645+0000][35][info][gc,heap,exit]   region size 1024K, 3 young (3072K), 0 survivors (0K)
[2025-01-08T02:38:33.645+0000][35][info][gc,heap,exit]  Metaspace       used 220K, committed 448K, reserved 1114112K
[2025-01-08T02:38:33.646+0000][35][info][gc,heap,exit]   class space    used 5K, committed 128K, reserved 1048576K
