[2025-01-08T02:39:08.889+0000][73][info][gc,init] CardTable entry size: 512
[2025-01-08T02:39:08.889+0000][73][info][gc     ] Using G1
[2025-01-08T02:39:08.969+0000][73][info][gc,init] Version: 21.0.1+12-29 (release)
[2025-01-08T02:39:08.969+0000][73][info][gc,init] CPUs: 16 total, 16 available
[2025-01-08T02:39:08.970+0000][73][info][gc,init] Memory: 7640M
[2025-01-08T02:39:08.970+0000][73][info][gc,init] Large Page Support: Disabled
[2025-01-08T02:39:08.970+0000][73][info][gc,init] NUMA Support: Disabled
[2025-01-08T02:39:08.970+0000][73][info][gc,init] Compressed Oops: Enabled (32-bit)
[2025-01-08T02:39:08.970+0000][73][info][gc,init] Heap Region Size: 4M
[2025-01-08T02:39:08.971+0000][73][info][gc,init] Heap Min Capacity: 512M
[2025-01-08T02:39:08.971+0000][73][info][gc,init] Heap Initial Capacity: 512M
[2025-01-08T02:39:08.971+0000][73][info][gc,init] Heap Max Capacity: 512M
[2025-01-08T02:39:08.971+0000][73][info][gc,init] Pre-touch: Enabled
[2025-01-08T02:39:08.971+0000][73][info][gc,init] Parallel Workers: 13
[2025-01-08T02:39:08.972+0000][73][info][gc,init] Concurrent Workers: 3
[2025-01-08T02:39:08.972+0000][73][info][gc,init] Concurrent Refinement Workers: 13
[2025-01-08T02:39:08.972+0000][73][info][gc,init] Periodic GC: Disabled
[2025-01-08T02:39:08.981+0000][73][info][gc,metaspace] CDS archive(s) mapped at: [0x00007f0b63000000-0x00007f0b63ca5000-0x00007f0b63ca5000), size 13258752, SharedBaseAddress: 0x00007f0b63000000, ArchiveRelocationMode: 1.
[2025-01-08T02:39:08.982+0000][73][info][gc,metaspace] Compressed class space mapped at: 0x00007f0b64000000-0x00007f0ba4000000, reserved size: 1073741824
[2025-01-08T02:39:08.982+0000][73][info][gc,metaspace] Narrow klass base: 0x00007f0b63000000, Narrow klass shift: 0, Narrow klass range: 0x100000000
[2025-01-08T02:39:09.135+0000][73][info][gc,start    ] GC(0) Pause Young (Normal) (G1 Evacuation Pause)
[2025-01-08T02:39:09.135+0000][73][info][gc,task     ] GC(0) Using 12 workers of 13 for evacuation
[2025-01-08T02:39:09.135+0000][73][debug][gc,age      ] GC(0) Desired survivor size 2097152 bytes, new threshold 15 (max threshold 15)
[2025-01-08T02:39:09.137+0000][73][info ][gc,phases   ] GC(0)   Pre Evacuate Collection Set: 0.2ms
[2025-01-08T02:39:09.137+0000][73][info ][gc,phases   ] GC(0)   Merge Heap Roots: 0.1ms
[2025-01-08T02:39:09.137+0000][73][info ][gc,phases   ] GC(0)   Evacuate Collection Set: 0.6ms
[2025-01-08T02:39:09.137+0000][73][info ][gc,phases   ] GC(0)   Post Evacuate Collection Set: 0.4ms
[2025-01-08T02:39:09.137+0000][73][info ][gc,phases   ] GC(0)   Other: 0.4ms
[2025-01-08T02:39:09.137+0000][73][trace][gc,age      ] GC(0) Age table with threshold 15 (max threshold 15)
[2025-01-08T02:39:09.137+0000][73][trace][gc,age      ] GC(0) - age   1:    1970824 bytes,    1970824 total
[2025-01-08T02:39:09.137+0000][73][info ][gc,heap     ] GC(0) Eden regions: 6->0(23)
[2025-01-08T02:39:09.138+0000][73][info ][gc,heap     ] GC(0) Survivor regions: 0->1(1)
[2025-01-08T02:39:09.138+0000][73][info ][gc,heap     ] GC(0) Old regions: 1->1
[2025-01-08T02:39:09.138+0000][73][info ][gc,heap     ] GC(0) Humongous regions: 0->0
[2025-01-08T02:39:09.138+0000][73][info ][gc,metaspace] GC(0) Metaspace: 1056K(1152K)->1056K(1152K) NonClass: 987K(1024K)->987K(1024K) Class: 69K(128K)->69K(128K)
[2025-01-08T02:39:09.138+0000][73][info ][gc          ] GC(0) Pause Young (Normal) (G1 Evacuation Pause) 25M->3M(512M) 3.452ms
[2025-01-08T02:39:09.138+0000][73][info ][gc,cpu      ] GC(0) User=0.00s Sys=0.01s Real=0.00s
[2025-01-08T02:39:09.138+0000][73][info ][safepoint   ] Safepoint "G1CollectForAllocation", Time since last: 147670465 ns, Reaching safepoint: 3647 ns, Cleanup: 77270 ns, At safepoint: 3711524 ns, Total: 3792441 ns
[2025-01-08T02:39:09.408+0000][73][info ][safepoint   ] Safepoint "ICBufferFull", Time since last: 269703812 ns, Reaching safepoint: 3917 ns, Cleanup: 108771 ns, At safepoint: 1854 ns, Total: 114542 ns
[2025-01-08T02:39:09.700+0000][73][info ][safepoint   ] Safepoint "ICBufferFull", Time since last: 291980300 ns, Reaching safepoint: 3757 ns, Cleanup: 142186 ns, At safepoint: 13135 ns, Total: 159078 ns
[2025-01-08T02:39:10.174+0000][73][info ][safepoint   ] Safepoint "ICBufferFull", Time since last: 473158870 ns, Reaching safepoint: 4909 ns, Cleanup: 125894 ns, At safepoint: 14418 ns, Total: 145221 ns
[2025-01-08T02:39:10.582+0000][73][info ][safepoint   ] Safepoint "ICBufferFull", Time since last: 408693376 ns, Reaching safepoint: 5942 ns, Cleanup: 197933 ns, At safepoint: 6042 ns, Total: 209917 ns
[2025-01-08T02:39:10.882+0000][73][info ][gc,start    ] GC(1) Pause Young (Normal) (G1 Evacuation Pause)
[2025-01-08T02:39:10.883+0000][73][info ][gc,task     ] GC(1) Using 12 workers of 13 for evacuation
[2025-01-08T02:39:10.883+0000][73][debug][gc,age      ] GC(1) Desired survivor size 6291456 bytes, new threshold 15 (max threshold 15)
[2025-01-08T02:39:10.890+0000][73][info ][gc,phases   ] GC(1)   Pre Evacuate Collection Set: 0.3ms
[2025-01-08T02:39:10.890+0000][73][info ][gc,phases   ] GC(1)   Merge Heap Roots: 0.2ms
[2025-01-08T02:39:10.891+0000][73][info ][gc,phases   ] GC(1)   Evacuate Collection Set: 4.4ms
[2025-01-08T02:39:10.891+0000][73][info ][gc,phases   ] GC(1)   Post Evacuate Collection Set: 1.9ms
[2025-01-08T02:39:10.891+0000][73][info ][gc,phases   ] GC(1)   Other: 0.6ms
[2025-01-08T02:39:10.891+0000][73][trace][gc,age      ] GC(1) Age table with threshold 15 (max threshold 15)
[2025-01-08T02:39:10.891+0000][73][trace][gc,age      ] GC(1) - age   1:    7066048 bytes,    7066048 total
[2025-01-08T02:39:10.892+0000][73][trace][gc,age      ] GC(1) - age   2:    1910496 bytes,    8976544 total
[2025-01-08T02:39:10.892+0000][73][info ][gc,heap     ] GC(1) Eden regions: 23->0(26)
[2025-01-08T02:39:10.892+0000][73][info ][gc,heap     ] GC(1) Survivor regions: 1->3(3)
[2025-01-08T02:39:10.892+0000][73][info ][gc,heap     ] GC(1) Old regions: 1->1
[2025-01-08T02:39:10.892+0000][73][info ][gc,heap     ] GC(1) Humongous regions: 0->0
[2025-01-08T02:39:10.893+0000][73][info ][gc,metaspace] GC(1) Metaspace: 18435K(19008K)->18435K(19008K) NonClass: 16458K(16768K)->16458K(16768K) Class: 1976K(2240K)->1976K(2240K)
[2025-01-08T02:39:10.893+0000][73][info ][gc          ] GC(1) Pause Young (Normal) (G1 Evacuation Pause) 95M->9M(512M) 10.421ms
[2025-01-08T02:39:10.893+0000][73][info ][gc,cpu      ] GC(1) User=0.03s Sys=0.02s Real=0.01s
[2025-01-08T02:39:10.893+0000][73][info ][safepoint   ] Safepoint "G1CollectForAllocation", Time since last: 299983948 ns, Reaching safepoint: 3978 ns, Cleanup: 65627 ns, At safepoint: 10858891 ns, Total: 10928496 ns
[2025-01-08T02:39:11.387+0000][73][info ][gc,start    ] GC(2) Pause Young (Normal) (G1 Evacuation Pause)
[2025-01-08T02:39:11.387+0000][73][info ][gc,task     ] GC(2) Using 12 workers of 13 for evacuation
[2025-01-08T02:39:11.387+0000][73][debug][gc,age      ] GC(2) Desired survivor size 8388608 bytes, new threshold 2 (max threshold 15)
[2025-01-08T02:39:11.392+0000][73][info ][gc,phases   ] GC(2)   Pre Evacuate Collection Set: 0.2ms
[2025-01-08T02:39:11.393+0000][73][info ][gc,phases   ] GC(2)   Merge Heap Roots: 0.1ms
[2025-01-08T02:39:11.393+0000][73][info ][gc,phases   ] GC(2)   Evacuate Collection Set: 3.3ms
[2025-01-08T02:39:11.393+0000][73][info ][gc,phases   ] GC(2)   Post Evacuate Collection Set: 1.1ms
[2025-01-08T02:39:11.393+0000][73][info ][gc,phases   ] GC(2)   Other: 0.3ms
[2025-01-08T02:39:11.393+0000][73][trace][gc,age      ] GC(2) Age table with threshold 2 (max threshold 15)
[2025-01-08T02:39:11.393+0000][73][trace][gc,age      ] GC(2) - age   1:    3925456 bytes,    3925456 total
[2025-01-08T02:39:11.393+0000][73][trace][gc,age      ] GC(2) - age   2:    6095856 bytes,   10021312 total
[2025-01-08T02:39:11.393+0000][73][info ][gc,heap     ] GC(2) Eden regions: 26->0(73)
[2025-01-08T02:39:11.394+0000][73][info ][gc,heap     ] GC(2) Survivor regions: 3->3(4)
[2025-01-08T02:39:11.394+0000][73][info ][gc,heap     ] GC(2) Old regions: 1->2
[2025-01-08T02:39:11.394+0000][73][info ][gc,heap     ] GC(2) Humongous regions: 0->0
[2025-01-08T02:39:11.394+0000][73][info ][gc,metaspace] GC(2) Metaspace: 20597K(21120K)->20597K(21120K) NonClass: 18386K(18688K)->18386K(18688K) Class: 2210K(2432K)->2210K(2432K)
[2025-01-08T02:39:11.394+0000][73][info ][gc          ] GC(2) Pause Young (Normal) (G1 Evacuation Pause) 113M->13M(512M) 7.189ms
[2025-01-08T02:39:11.394+0000][73][info ][gc,cpu      ] GC(2) User=0.03s Sys=0.01s Real=0.01s
[2025-01-08T02:39:11.394+0000][73][info ][safepoint   ] Safepoint "G1CollectForAllocation", Time since last: 493453731 ns, Reaching safepoint: 5000 ns, Cleanup: 142636 ns, At safepoint: 7459576 ns, Total: 7607212 ns
[2025-01-08T02:39:11.486+0000][73][info ][gc,start    ] GC(3) Pause Young (Concurrent Start) (Metadata GC Threshold)
[2025-01-08T02:39:11.486+0000][73][info ][gc,task     ] GC(3) Using 12 workers of 13 for evacuation
[2025-01-08T02:39:11.487+0000][73][debug][gc,age      ] GC(3) Desired survivor size 20971520 bytes, new threshold 15 (max threshold 15)
[2025-01-08T02:39:11.491+0000][73][info ][gc,phases   ] GC(3)   Pre Evacuate Collection Set: 0.3ms
[2025-01-08T02:39:11.491+0000][73][info ][gc,phases   ] GC(3)   Merge Heap Roots: 0.1ms
[2025-01-08T02:39:11.491+0000][73][info ][gc,phases   ] GC(3)   Evacuate Collection Set: 2.6ms
[2025-01-08T02:39:11.491+0000][73][info ][gc,phases   ] GC(3)   Post Evacuate Collection Set: 0.9ms
[2025-01-08T02:39:11.491+0000][73][info ][gc,phases   ] GC(3)   Other: 0.3ms
[2025-01-08T02:39:11.492+0000][73][trace][gc,age      ] GC(3) Age table with threshold 15 (max threshold 15)
[2025-01-08T02:39:11.492+0000][73][trace][gc,age      ] GC(3) - age   1:     890736 bytes,     890736 total
[2025-01-08T02:39:11.492+0000][73][trace][gc,age      ] GC(3) - age   2:    2288664 bytes,    3179400 total
[2025-01-08T02:39:11.492+0000][73][trace][gc,age      ] GC(3) - age   3:    6093536 bytes,    9272936 total
[2025-01-08T02:39:11.492+0000][73][info ][gc,heap     ] GC(3) Eden regions: 17->0(73)
[2025-01-08T02:39:11.492+0000][73][info ][gc,heap     ] GC(3) Survivor regions: 3->3(10)
[2025-01-08T02:39:11.492+0000][73][info ][gc,heap     ] GC(3) Old regions: 2->2
[2025-01-08T02:39:11.492+0000][73][info ][gc,heap     ] GC(3) Humongous regions: 0->0
[2025-01-08T02:39:11.493+0000][73][info ][gc,metaspace] GC(3) Metaspace: 20962K(21504K)->20962K(21504K) NonClass: 18721K(19072K)->18721K(19072K) Class: 2241K(2432K)->2241K(2432K)
[2025-01-08T02:39:11.493+0000][73][info ][gc          ] GC(3) Pause Young (Concurrent Start) (Metadata GC Threshold) 79M->12M(512M) 6.498ms
[2025-01-08T02:39:11.493+0000][73][info ][gc,cpu      ] GC(3) User=0.02s Sys=0.01s Real=0.00s
[2025-01-08T02:39:11.493+0000][73][info ][gc          ] GC(4) Concurrent Mark Cycle
[2025-01-08T02:39:11.493+0000][73][info ][safepoint   ] Safepoint "CollectForMetadataAllocation", Time since last: 91683582 ns, Reaching safepoint: 4359 ns, Cleanup: 49876 ns, At safepoint: 6916956 ns, Total: 6971191 ns
[2025-01-08T02:39:11.493+0000][73][info ][gc,marking  ] GC(4) Concurrent Scan Root Regions
[2025-01-08T02:39:11.495+0000][73][info ][gc,marking  ] GC(4) Concurrent Scan Root Regions 2.276ms
[2025-01-08T02:39:11.496+0000][73][info ][gc,marking  ] GC(4) Concurrent Mark
[2025-01-08T02:39:11.496+0000][73][info ][gc,marking  ] GC(4) Concurrent Mark From Roots
[2025-01-08T02:39:11.496+0000][73][info ][gc,task     ] GC(4) Using 3 workers of 3 for marking
[2025-01-08T02:39:11.497+0000][73][info ][gc,marking  ] GC(4) Concurrent Mark From Roots 1.712ms
[2025-01-08T02:39:11.498+0000][73][info ][gc,marking  ] GC(4) Concurrent Preclean
[2025-01-08T02:39:11.498+0000][73][info ][gc,marking  ] GC(4) Concurrent Preclean 0.124ms
[2025-01-08T02:39:11.498+0000][73][info ][gc,start    ] GC(4) Pause Remark
[2025-01-08T02:39:11.500+0000][73][info ][gc          ] GC(4) Pause Remark 15M->15M(512M) 2.307ms
[2025-01-08T02:39:11.500+0000][73][info ][gc,cpu      ] GC(4) User=0.01s Sys=0.00s Real=0.00s
[2025-01-08T02:39:11.501+0000][73][info ][safepoint   ] Safepoint "G1PauseRemark", Time since last: 4780975 ns, Reaching safepoint: 4128 ns, Cleanup: 2154 ns, At safepoint: 2728594 ns, Total: 2734876 ns
[2025-01-08T02:39:11.501+0000][73][info ][gc,marking  ] GC(4) Concurrent Mark 5.161ms
[2025-01-08T02:39:11.501+0000][73][info ][gc,marking  ] GC(4) Concurrent Rebuild Remembered Sets and Scrub Regions
[2025-01-08T02:39:11.502+0000][73][info ][gc,marking  ] GC(4) Concurrent Rebuild Remembered Sets and Scrub Regions 0.816ms
[2025-01-08T02:39:11.502+0000][73][info ][gc,start    ] GC(4) Pause Cleanup
[2025-01-08T02:39:11.502+0000][73][info ][gc          ] GC(4) Pause Cleanup 15M->15M(512M) 0.257ms
[2025-01-08T02:39:11.502+0000][73][info ][gc,cpu      ] GC(4) User=0.00s Sys=0.00s Real=0.00s
[2025-01-08T02:39:11.502+0000][73][info ][safepoint   ] Safepoint "G1PauseCleanup", Time since last: 1284213 ns, Reaching safepoint: 3648 ns, Cleanup: 1913 ns, At safepoint: 510820 ns, Total: 516381 ns
[2025-01-08T02:39:11.503+0000][73][info ][gc,marking  ] GC(4) Concurrent Clear Claimed Marks
[2025-01-08T02:39:11.503+0000][73][info ][gc,marking  ] GC(4) Concurrent Clear Claimed Marks 0.153ms
[2025-01-08T02:39:11.503+0000][73][info ][gc,marking  ] GC(4) Concurrent Cleanup for Next Mark
[2025-01-08T02:39:11.503+0000][73][info ][gc,marking  ] GC(4) Concurrent Cleanup for Next Mark 0.676ms
[2025-01-08T02:39:11.504+0000][73][info ][gc          ] GC(4) Concurrent Mark Cycle 10.809ms
[2025-01-08T02:39:11.865+0000][73][info ][safepoint   ] Safepoint "ICBufferFull", Time since last: 362397697 ns, Reaching safepoint: 4048 ns, Cleanup: 137978 ns, At safepoint: 18295 ns, Total: 160321 ns
[2025-01-08T02:39:12.280+0000][73][info ][gc,start    ] GC(5) Pause Young (Prepare Mixed) (G1 Evacuation Pause)
[2025-01-08T02:39:12.280+0000][73][info ][gc,task     ] GC(5) Using 12 workers of 13 for evacuation
[2025-01-08T02:39:12.280+0000][73][debug][gc,age      ] GC(5) Desired survivor size 20971520 bytes, new threshold 15 (max threshold 15)
[2025-01-08T02:39:12.287+0000][73][info ][gc,phases   ] GC(5)   Pre Evacuate Collection Set: 0.3ms
[2025-01-08T02:39:12.287+0000][73][info ][gc,phases   ] GC(5)   Merge Heap Roots: 0.1ms
[2025-01-08T02:39:12.287+0000][73][info ][gc,phases   ] GC(5)   Evacuate Collection Set: 5.0ms
[2025-01-08T02:39:12.288+0000][73][info ][gc,phases   ] GC(5)   Post Evacuate Collection Set: 1.0ms
[2025-01-08T02:39:12.288+0000][73][info ][gc,phases   ] GC(5)   Other: 0.4ms
[2025-01-08T02:39:12.288+0000][73][trace][gc,age      ] GC(5) Age table with threshold 15 (max threshold 15)
[2025-01-08T02:39:12.288+0000][73][trace][gc,age      ] GC(5) - age   1:    9250976 bytes,    9250976 total
[2025-01-08T02:39:12.288+0000][73][trace][gc,age      ] GC(5) - age   2:     872520 bytes,   10123496 total
[2025-01-08T02:39:12.288+0000][73][trace][gc,age      ] GC(5) - age   3:    2281048 bytes,   12404544 total
[2025-01-08T02:39:12.288+0000][73][trace][gc,age      ] GC(5) - age   4:    6089520 bytes,   18494064 total
[2025-01-08T02:39:12.288+0000][73][info ][gc,heap     ] GC(5) Eden regions: 73->0(71)
[2025-01-08T02:39:12.289+0000][73][info ][gc,heap     ] GC(5) Survivor regions: 3->5(10)
[2025-01-08T02:39:12.289+0000][73][info ][gc,heap     ] GC(5) Old regions: 2->2
[2025-01-08T02:39:12.289+0000][73][info ][gc,heap     ] GC(5) Humongous regions: 0->0
[2025-01-08T02:39:12.289+0000][73][info ][gc,metaspace] GC(5) Metaspace: 29041K(29632K)->29041K(29632K) NonClass: 25815K(26176K)->25815K(26176K) Class: 3225K(3456K)->3225K(3456K)
[2025-01-08T02:39:12.289+0000][73][info ][gc          ] GC(5) Pause Young (Prepare Mixed) (G1 Evacuation Pause) 304M->21M(512M) 9.105ms
[2025-01-08T02:39:12.289+0000][73][info ][gc,cpu      ] GC(5) User=0.06s Sys=0.00s Real=0.01s
[2025-01-08T02:39:12.289+0000][73][info ][safepoint   ] Safepoint "G1CollectForAllocation", Time since last: 414746726 ns, Reaching safepoint: 8517 ns, Cleanup: 184708 ns, At safepoint: 9396379 ns, Total: 9589604 ns
[2025-01-08T02:39:12.731+0000][73][info ][gc,start    ] GC(6) Pause Young (Mixed) (G1 Evacuation Pause)
[2025-01-08T02:39:12.731+0000][73][info ][gc,task     ] GC(6) Using 12 workers of 13 for evacuation
[2025-01-08T02:39:12.732+0000][73][debug][gc,age      ] GC(6) Desired survivor size 20971520 bytes, new threshold 15 (max threshold 15)
[2025-01-08T02:39:12.741+0000][73][info ][gc,phases   ] GC(6)   Pre Evacuate Collection Set: 0.2ms
[2025-01-08T02:39:12.741+0000][73][info ][gc,phases   ] GC(6)   Merge Heap Roots: 0.1ms
[2025-01-08T02:39:12.742+0000][73][info ][gc,phases   ] GC(6)   Evacuate Collection Set: 7.2ms
[2025-01-08T02:39:12.742+0000][73][info ][gc,phases   ] GC(6)   Post Evacuate Collection Set: 1.6ms
[2025-01-08T02:39:12.742+0000][73][info ][gc,phases   ] GC(6)   Other: 0.4ms
[2025-01-08T02:39:12.742+0000][73][trace][gc,age      ] GC(6) Age table with threshold 15 (max threshold 15)
[2025-01-08T02:39:12.742+0000][73][trace][gc,age      ] GC(6) - age   1:    4322776 bytes,    4322776 total
[2025-01-08T02:39:12.742+0000][73][trace][gc,age      ] GC(6) - age   2:    7708936 bytes,   12031712 total
[2025-01-08T02:39:12.743+0000][73][trace][gc,age      ] GC(6) - age   3:     872328 bytes,   12904040 total
[2025-01-08T02:39:12.743+0000][73][trace][gc,age      ] GC(6) - age   4:    2279624 bytes,   15183664 total
[2025-01-08T02:39:12.743+0000][73][trace][gc,age      ] GC(6) - age   5:    6089424 bytes,   21273088 total
[2025-01-08T02:39:12.743+0000][73][info ][gc,heap     ] GC(6) Eden regions: 71->0(70)
[2025-01-08T02:39:12.743+0000][73][info ][gc,heap     ] GC(6) Survivor regions: 5->6(10)
[2025-01-08T02:39:12.743+0000][73][info ][gc,heap     ] GC(6) Old regions: 2->1
[2025-01-08T02:39:12.744+0000][73][info ][gc,heap     ] GC(6) Humongous regions: 0->0
[2025-01-08T02:39:12.744+0000][73][info ][gc,metaspace] GC(6) Metaspace: 31144K(31872K)->31144K(31872K) NonClass: 27694K(28096K)->27694K(28096K) Class: 3450K(3776K)->3450K(3776K)
[2025-01-08T02:39:12.744+0000][73][info ][gc          ] GC(6) Pause Young (Mixed) (G1 Evacuation Pause) 305M->25M(512M) 12.698ms
[2025-01-08T02:39:12.744+0000][73][info ][gc,cpu      ] GC(6) User=0.09s Sys=0.00s Real=0.02s
[2025-01-08T02:39:12.744+0000][73][info ][safepoint   ] Safepoint "G1CollectForAllocation", Time since last: 441773566 ns, Reaching safepoint: 5300 ns, Cleanup: 128629 ns, At safepoint: 13203950 ns, Total: 13337879 ns
[2025-01-08T02:39:13.330+0000][73][info ][gc,start    ] GC(7) Pause Young (Concurrent Start) (Metadata GC Threshold)
[2025-01-08T02:39:13.330+0000][73][info ][gc,task     ] GC(7) Using 12 workers of 13 for evacuation
[2025-01-08T02:39:13.330+0000][73][debug][gc,age      ] GC(7) Desired survivor size 20971520 bytes, new threshold 5 (max threshold 15)
[2025-01-08T02:39:13.338+0000][73][info ][gc,phases   ] GC(7)   Pre Evacuate Collection Set: 0.2ms
[2025-01-08T02:39:13.338+0000][73][info ][gc,phases   ] GC(7)   Merge Heap Roots: 0.1ms
[2025-01-08T02:39:13.339+0000][73][info ][gc,phases   ] GC(7)   Evacuate Collection Set: 6.3ms
[2025-01-08T02:39:13.339+0000][73][info ][gc,phases   ] GC(7)   Post Evacuate Collection Set: 0.9ms
[2025-01-08T02:39:13.339+0000][73][info ][gc,phases   ] GC(7)   Other: 0.3ms
[2025-01-08T02:39:13.339+0000][73][trace][gc,age      ] GC(7) Age table with threshold 5 (max threshold 15)
[2025-01-08T02:39:13.339+0000][73][trace][gc,age      ] GC(7) - age   1:    5743800 bytes,    5743800 total
[2025-01-08T02:39:13.339+0000][73][trace][gc,age      ] GC(7) - age   2:    4305600 bytes,   10049400 total
[2025-01-08T02:39:13.339+0000][73][trace][gc,age      ] GC(7) - age   3:    7706912 bytes,   17756312 total
[2025-01-08T02:39:13.339+0000][73][trace][gc,age      ] GC(7) - age   4:     872328 bytes,   18628640 total
[2025-01-08T02:39:13.339+0000][73][trace][gc,age      ] GC(7) - age   5:    2278808 bytes,   20907448 total
[2025-01-08T02:39:13.340+0000][73][info ][gc,heap     ] GC(7) Eden regions: 62->0(70)
[2025-01-08T02:39:13.340+0000][73][info ][gc,heap     ] GC(7) Survivor regions: 6->6(10)
[2025-01-08T02:39:13.340+0000][73][info ][gc,heap     ] GC(7) Old regions: 1->3
[2025-01-08T02:39:13.340+0000][73][info ][gc,heap     ] GC(7) Humongous regions: 0->0
[2025-01-08T02:39:13.340+0000][73][info ][gc,metaspace] GC(7) Metaspace: 35402K(36160K)->35402K(36160K) NonClass: 31439K(31872K)->31439K(31872K) Class: 3963K(4288K)->3963K(4288K)
[2025-01-08T02:39:13.340+0000][73][info ][gc          ] GC(7) Pause Young (Concurrent Start) (Metadata GC Threshold) 273M->30M(512M) 10.310ms
[2025-01-08T02:39:13.340+0000][73][info ][gc,cpu      ] GC(7) User=0.08s Sys=0.00s Real=0.01s
[2025-01-08T02:39:13.340+0000][73][info ][gc          ] GC(8) Concurrent Mark Cycle
[2025-01-08T02:39:13.341+0000][73][info ][gc,marking  ] GC(8) Concurrent Scan Root Regions
[2025-01-08T02:39:13.341+0000][73][info ][safepoint   ] Safepoint "CollectForMetadataAllocation", Time since last: 585355778 ns, Reaching safepoint: 4038 ns, Cleanup: 103731 ns, At safepoint: 10740336 ns, Total: 10848105 ns
[2025-01-08T02:39:13.344+0000][73][info ][gc,marking  ] GC(8) Concurrent Scan Root Regions 2.936ms
[2025-01-08T02:39:13.344+0000][73][info ][gc,marking  ] GC(8) Concurrent Mark
[2025-01-08T02:39:13.344+0000][73][info ][gc,marking  ] GC(8) Concurrent Mark From Roots
[2025-01-08T02:39:13.344+0000][73][info ][gc,task     ] GC(8) Using 3 workers of 3 for marking
[2025-01-08T02:39:13.346+0000][73][info ][gc,marking  ] GC(8) Concurrent Mark From Roots 2.349ms
[2025-01-08T02:39:13.347+0000][73][info ][gc,marking  ] GC(8) Concurrent Preclean
[2025-01-08T02:39:13.347+0000][73][info ][gc,marking  ] GC(8) Concurrent Preclean 0.155ms
[2025-01-08T02:39:13.347+0000][73][info ][gc,start    ] GC(8) Pause Remark
[2025-01-08T02:39:13.350+0000][73][info ][gc          ] GC(8) Pause Remark 33M->33M(512M) 3.158ms
[2025-01-08T02:39:13.350+0000][73][info ][gc,cpu      ] GC(8) User=0.02s Sys=0.00s Real=0.00s
[2025-01-08T02:39:13.351+0000][73][info ][safepoint   ] Safepoint "G1PauseRemark", Time since last: 6305081 ns, Reaching safepoint: 83412 ns, Cleanup: 5671 ns, At safepoint: 3607972 ns, Total: 3697055 ns
[2025-01-08T02:39:13.351+0000][73][info ][gc,marking  ] GC(8) Concurrent Mark 6.861ms
[2025-01-08T02:39:13.351+0000][73][info ][gc,marking  ] GC(8) Concurrent Rebuild Remembered Sets and Scrub Regions
[2025-01-08T02:39:13.352+0000][73][info ][gc,marking  ] GC(8) Concurrent Rebuild Remembered Sets and Scrub Regions 1.481ms
[2025-01-08T02:39:13.353+0000][73][info ][gc,start    ] GC(8) Pause Cleanup
[2025-01-08T02:39:13.353+0000][73][info ][gc          ] GC(8) Pause Cleanup 33M->33M(512M) 0.285ms
[2025-01-08T02:39:13.353+0000][73][info ][gc,cpu      ] GC(8) User=0.00s Sys=0.00s Real=0.00s
[2025-01-08T02:39:13.353+0000][73][info ][safepoint   ] Safepoint "G1PauseCleanup", Time since last: 1960823 ns, Reaching safepoint: 82760 ns, Cleanup: 9248 ns, At safepoint: 562355 ns, Total: 654363 ns
[2025-01-08T02:39:13.353+0000][73][info ][gc,marking  ] GC(8) Concurrent Clear Claimed Marks
[2025-01-08T02:39:13.353+0000][73][info ][gc,marking  ] GC(8) Concurrent Clear Claimed Marks 0.168ms
[2025-01-08T02:39:13.354+0000][73][info ][gc,marking  ] GC(8) Concurrent Cleanup for Next Mark
[2025-01-08T02:39:13.354+0000][73][info ][gc,marking  ] GC(8) Concurrent Cleanup for Next Mark 0.733ms
[2025-01-08T02:39:13.355+0000][73][info ][gc          ] GC(8) Concurrent Mark Cycle 14.164ms
[2025-01-08T02:39:13.682+0000][73][info ][gc,start    ] GC(9) Pause Young (Normal) (G1 Evacuation Pause)
[2025-01-08T02:39:13.682+0000][73][info ][gc,task     ] GC(9) Using 12 workers of 13 for evacuation
[2025-01-08T02:39:13.683+0000][73][debug][gc,age      ] GC(9) Desired survivor size 20971520 bytes, new threshold 15 (max threshold 15)
[2025-01-08T02:39:13.690+0000][73][info ][gc,phases   ] GC(9)   Pre Evacuate Collection Set: 0.3ms
[2025-01-08T02:39:13.690+0000][73][info ][gc,phases   ] GC(9)   Merge Heap Roots: 0.1ms
[2025-01-08T02:39:13.690+0000][73][info ][gc,phases   ] GC(9)   Evacuate Collection Set: 5.6ms
[2025-01-08T02:39:13.690+0000][73][info ][gc,phases   ] GC(9)   Post Evacuate Collection Set: 0.9ms
[2025-01-08T02:39:13.690+0000][73][info ][gc,phases   ] GC(9)   Other: 0.3ms
[2025-01-08T02:39:13.691+0000][73][trace][gc,age      ] GC(9) Age table with threshold 15 (max threshold 15)
[2025-01-08T02:39:13.691+0000][73][trace][gc,age      ] GC(9) - age   1:    3591912 bytes,    3591912 total
[2025-01-08T02:39:13.691+0000][73][trace][gc,age      ] GC(9) - age   2:    5713032 bytes,    9304944 total
[2025-01-08T02:39:13.691+0000][73][trace][gc,age      ] GC(9) - age   3:    4305144 bytes,   13610088 total
[2025-01-08T02:39:13.691+0000][73][trace][gc,age      ] GC(9) - age   4:    7704720 bytes,   21314808 total
[2025-01-08T02:39:13.691+0000][73][trace][gc,age      ] GC(9) - age   5:     872104 bytes,   22186912 total
[2025-01-08T02:39:13.691+0000][73][trace][gc,age      ] GC(9) - age   6:    2259016 bytes,   24445928 total
[2025-01-08T02:39:13.691+0000][73][info ][gc,heap     ] GC(9) Eden regions: 70->0(69)
[2025-01-08T02:39:13.692+0000][73][info ][gc,heap     ] GC(9) Survivor regions: 6->7(10)
[2025-01-08T02:39:13.692+0000][73][info ][gc,heap     ] GC(9) Old regions: 3->3
[2025-01-08T02:39:13.692+0000][73][info ][gc,heap     ] GC(9) Humongous regions: 0->0
[2025-01-08T02:39:13.692+0000][73][info ][gc,metaspace] GC(9) Metaspace: 37241K(38080K)->37241K(38080K) NonClass: 33051K(33536K)->33051K(33536K) Class: 4190K(4544K)->4190K(4544K)
[2025-01-08T02:39:13.692+0000][73][info ][gc          ] GC(9) Pause Young (Normal) (G1 Evacuation Pause) 310M->34M(512M) 9.895ms
[2025-01-08T02:39:13.692+0000][73][info ][gc,cpu      ] GC(9) User=0.07s Sys=0.00s Real=0.01s
[2025-01-08T02:39:13.692+0000][73][info ][safepoint   ] Safepoint "G1CollectForAllocation", Time since last: 328855860 ns, Reaching safepoint: 5361 ns, Cleanup: 79805 ns, At safepoint: 10176172 ns, Total: 10261338 ns
[2025-01-08T02:39:13.985+0000][73][info ][gc,heap,exit] Heap
[2025-01-08T02:39:13.985+0000][73][info ][gc,heap,exit]  garbage-first heap   total 524288K, used 227549K [0x00000000e0000000, 0x0000000100000000)
[2025-01-08T02:39:13.985+0000][73][info ][gc,heap,exit]   region size 4096K, 54 young (221184K), 7 survivors (28672K)
[2025-01-08T02:39:13.985+0000][73][info ][gc,heap,exit]  Metaspace       used 39059K, committed 40064K, reserved 1114112K
[2025-01-08T02:39:13.985+0000][73][info ][gc,heap,exit]   class space    used 4416K, committed 4800K, reserved 1048576K
