[2025-01-08T02:38:41.730+0000][74][info][gc,init] CardTable entry size: 512
[2025-01-08T02:38:41.730+0000][74][info][gc     ] Using G1
[2025-01-08T02:38:41.808+0000][74][info][gc,init] Version: 21.0.1+12-29 (release)
[2025-01-08T02:38:41.808+0000][74][info][gc,init] CPUs: 16 total, 16 available
[2025-01-08T02:38:41.809+0000][74][info][gc,init] Memory: 7640M
[2025-01-08T02:38:41.809+0000][74][info][gc,init] Large Page Support: Disabled
[2025-01-08T02:38:41.809+0000][74][info][gc,init] NUMA Support: Disabled
[2025-01-08T02:38:41.809+0000][74][info][gc,init] Compressed Oops: Enabled (32-bit)
[2025-01-08T02:38:41.809+0000][74][info][gc,init] Heap Region Size: 4M
[2025-01-08T02:38:41.810+0000][74][info][gc,init] Heap Min Capacity: 512M
[2025-01-08T02:38:41.810+0000][74][info][gc,init] Heap Initial Capacity: 512M
[2025-01-08T02:38:41.810+0000][74][info][gc,init] Heap Max Capacity: 512M
[2025-01-08T02:38:41.810+0000][74][info][gc,init] Pre-touch: Enabled
[2025-01-08T02:38:41.811+0000][74][info][gc,init] Parallel Workers: 13
[2025-01-08T02:38:41.811+0000][74][info][gc,init] Concurrent Workers: 3
[2025-01-08T02:38:41.811+0000][74][info][gc,init] Concurrent Refinement Workers: 13
[2025-01-08T02:38:41.811+0000][74][info][gc,init] Periodic GC: Disabled
[2025-01-08T02:38:41.820+0000][74][info][gc,metaspace] CDS archive(s) mapped at: [0x00007f6f07000000-0x00007f6f07ca5000-0x00007f6f07ca5000), size 13258752, SharedBaseAddress: 0x00007f6f07000000, ArchiveRelocationMode: 1.
[2025-01-08T02:38:41.821+0000][74][info][gc,metaspace] Compressed class space mapped at: 0x00007f6f08000000-0x00007f6f48000000, reserved size: 1073741824
[2025-01-08T02:38:41.821+0000][74][info][gc,metaspace] Narrow klass base: 0x00007f6f07000000, Narrow klass shift: 0, Narrow klass range: 0x100000000
[2025-01-08T02:38:41.976+0000][74][info][gc,start    ] GC(0) Pause Young (Normal) (G1 Evacuation Pause)
[2025-01-08T02:38:41.976+0000][74][info][gc,task     ] GC(0) Using 12 workers of 13 for evacuation
[2025-01-08T02:38:41.976+0000][74][debug][gc,age      ] GC(0) Desired survivor size 2097152 bytes, new threshold 15 (max threshold 15)
[2025-01-08T02:38:41.978+0000][74][info ][gc,phases   ] GC(0)   Pre Evacuate Collection Set: 0.2ms
[2025-01-08T02:38:41.978+0000][74][info ][gc,phases   ] GC(0)   Merge Heap Roots: 0.1ms
[2025-01-08T02:38:41.978+0000][74][info ][gc,phases   ] GC(0)   Evacuate Collection Set: 0.7ms
[2025-01-08T02:38:41.978+0000][74][info ][gc,phases   ] GC(0)   Post Evacuate Collection Set: 0.4ms
[2025-01-08T02:38:41.979+0000][74][info ][gc,phases   ] GC(0)   Other: 0.3ms
[2025-01-08T02:38:41.979+0000][74][trace][gc,age      ] GC(0) Age table with threshold 15 (max threshold 15)
[2025-01-08T02:38:41.979+0000][74][trace][gc,age      ] GC(0) - age   1:    1929920 bytes,    1929920 total
[2025-01-08T02:38:41.979+0000][74][info ][gc,heap     ] GC(0) Eden regions: 6->0(23)
[2025-01-08T02:38:41.979+0000][74][info ][gc,heap     ] GC(0) Survivor regions: 0->1(1)
[2025-01-08T02:38:41.979+0000][74][info ][gc,heap     ] GC(0) Old regions: 1->1
[2025-01-08T02:38:41.979+0000][74][info ][gc,heap     ] GC(0) Humongous regions: 0->0
[2025-01-08T02:38:41.979+0000][74][info ][gc,metaspace] GC(0) Metaspace: 960K(1088K)->960K(1088K) NonClass: 895K(960K)->895K(960K) Class: 65K(128K)->65K(128K)
[2025-01-08T02:38:41.980+0000][74][info ][gc          ] GC(0) Pause Young (Normal) (G1 Evacuation Pause) 25M->3M(512M) 3.680ms
[2025-01-08T02:38:41.980+0000][74][info ][gc,cpu      ] GC(0) User=0.00s Sys=0.00s Real=0.00s
[2025-01-08T02:38:41.980+0000][74][info ][safepoint   ] Safepoint "G1CollectForAllocation", Time since last: 150529029 ns, Reaching safepoint: 3477 ns, Cleanup: 84053 ns, At safepoint: 3942373 ns, Total: 4029903 ns
[2025-01-08T02:38:42.239+0000][74][info ][safepoint   ] Safepoint "ICBufferFull", Time since last: 259394106 ns, Reaching safepoint: 2926 ns, Cleanup: 109011 ns, At safepoint: 3076 ns, Total: 115013 ns
[2025-01-08T02:38:42.483+0000][74][info ][safepoint   ] Safepoint "ICBufferFull", Time since last: 243665672 ns, Reaching safepoint: 3797 ns, Cleanup: 136324 ns, At safepoint: 2285 ns, Total: 142406 ns
[2025-01-08T02:38:42.846+0000][74][info ][safepoint   ] Safepoint "ICBufferFull", Time since last: 362723211 ns, Reaching safepoint: 15550 ns, Cleanup: 121877 ns, At safepoint: 2575 ns, Total: 140002 ns
[2025-01-08T02:38:43.325+0000][74][info ][gc,start    ] GC(1) Pause Young (Normal) (G1 Evacuation Pause)
[2025-01-08T02:38:43.325+0000][74][info ][gc,task     ] GC(1) Using 12 workers of 13 for evacuation
[2025-01-08T02:38:43.325+0000][74][debug][gc,age      ] GC(1) Desired survivor size 6291456 bytes, new threshold 15 (max threshold 15)
[2025-01-08T02:38:43.331+0000][74][info ][gc,phases   ] GC(1)   Pre Evacuate Collection Set: 0.3ms
[2025-01-08T02:38:43.331+0000][74][info ][gc,phases   ] GC(1)   Merge Heap Roots: 0.2ms
[2025-01-08T02:38:43.332+0000][74][info ][gc,phases   ] GC(1)   Evacuate Collection Set: 3.4ms
[2025-01-08T02:38:43.332+0000][74][info ][gc,phases   ] GC(1)   Post Evacuate Collection Set: 1.5ms
[2025-01-08T02:38:43.332+0000][74][info ][gc,phases   ] GC(1)   Other: 0.5ms
[2025-01-08T02:38:43.332+0000][74][trace][gc,age      ] GC(1) Age table with threshold 15 (max threshold 15)
[2025-01-08T02:38:43.332+0000][74][trace][gc,age      ] GC(1) - age   1:    7191432 bytes,    7191432 total
[2025-01-08T02:38:43.332+0000][74][trace][gc,age      ] GC(1) - age   2:    1786096 bytes,    8977528 total
[2025-01-08T02:38:43.332+0000][74][info ][gc,heap     ] GC(1) Eden regions: 23->0(25)
[2025-01-08T02:38:43.333+0000][74][info ][gc,heap     ] GC(1) Survivor regions: 1->3(3)
[2025-01-08T02:38:43.333+0000][74][info ][gc,heap     ] GC(1) Old regions: 1->1
[2025-01-08T02:38:43.333+0000][74][info ][gc,heap     ] GC(1) Humongous regions: 0->0
[2025-01-08T02:38:43.333+0000][74][info ][gc,metaspace] GC(1) Metaspace: 18437K(19008K)->18437K(19008K) NonClass: 16460K(16768K)->16460K(16768K) Class: 1976K(2240K)->1976K(2240K)
[2025-01-08T02:38:43.333+0000][74][info ][gc          ] GC(1) Pause Young (Normal) (G1 Evacuation Pause) 95M->9M(512M) 8.324ms
[2025-01-08T02:38:43.333+0000][74][info ][gc,cpu      ] GC(1) User=0.04s Sys=0.01s Real=0.01s
[2025-01-08T02:38:43.334+0000][74][info ][safepoint   ] Safepoint "G1CollectForAllocation", Time since last: 478724840 ns, Reaching safepoint: 3787 ns, Cleanup: 146124 ns, At safepoint: 8709744 ns, Total: 8859655 ns
[2025-01-08T02:38:43.924+0000][74][info ][gc,start    ] GC(2) Pause Young (Normal) (G1 Evacuation Pause)
[2025-01-08T02:38:43.924+0000][74][info ][gc,task     ] GC(2) Using 12 workers of 13 for evacuation
[2025-01-08T02:38:43.924+0000][74][debug][gc,age      ] GC(2) Desired survivor size 8388608 bytes, new threshold 2 (max threshold 15)
[2025-01-08T02:38:43.932+0000][74][info ][gc,phases   ] GC(2)   Pre Evacuate Collection Set: 0.3ms
[2025-01-08T02:38:43.932+0000][74][info ][gc,phases   ] GC(2)   Merge Heap Roots: 0.2ms
[2025-01-08T02:38:43.933+0000][74][info ][gc,phases   ] GC(2)   Evacuate Collection Set: 5.4ms
[2025-01-08T02:38:43.933+0000][74][info ][gc,phases   ] GC(2)   Post Evacuate Collection Set: 2.0ms
[2025-01-08T02:38:43.933+0000][74][info ][gc,phases   ] GC(2)   Other: 0.5ms
[2025-01-08T02:38:43.933+0000][74][trace][gc,age      ] GC(2) Age table with threshold 2 (max threshold 15)
[2025-01-08T02:38:43.933+0000][74][trace][gc,age      ] GC(2) - age   1:    2946608 bytes,    2946608 total
[2025-01-08T02:38:43.933+0000][74][trace][gc,age      ] GC(2) - age   2:    6220496 bytes,    9167104 total
[2025-01-08T02:38:43.934+0000][74][info ][gc,heap     ] GC(2) Eden regions: 25->0(73)
[2025-01-08T02:38:43.934+0000][74][info ][gc,heap     ] GC(2) Survivor regions: 3->3(4)
[2025-01-08T02:38:43.934+0000][74][info ][gc,heap     ] GC(2) Old regions: 1->2
[2025-01-08T02:38:43.934+0000][74][info ][gc,heap     ] GC(2) Humongous regions: 0->0
[2025-01-08T02:38:43.934+0000][74][info ][gc,metaspace] GC(2) Metaspace: 20601K(21120K)->20601K(21120K) NonClass: 18391K(18688K)->18391K(18688K) Class: 2210K(2432K)->2210K(2432K)
[2025-01-08T02:38:43.935+0000][74][info ][gc          ] GC(2) Pause Young (Normal) (G1 Evacuation Pause) 109M->12M(512M) 10.918ms
[2025-01-08T02:38:43.935+0000][74][info ][gc,cpu      ] GC(2) User=0.05s Sys=0.00s Real=0.01s
[2025-01-08T02:38:43.935+0000][74][info ][safepoint   ] Safepoint "G1CollectForAllocation", Time since last: 589896669 ns, Reaching safepoint: 5531 ns, Cleanup: 136795 ns, At safepoint: 11403702 ns, Total: 11546028 ns
[2025-01-08T02:38:44.113+0000][74][info ][gc,start    ] GC(3) Pause Young (Concurrent Start) (Metadata GC Threshold)
[2025-01-08T02:38:44.114+0000][74][info ][gc,task     ] GC(3) Using 12 workers of 13 for evacuation
[2025-01-08T02:38:44.114+0000][74][debug][gc,age      ] GC(3) Desired survivor size 20971520 bytes, new threshold 15 (max threshold 15)
[2025-01-08T02:38:44.121+0000][74][info ][gc,phases   ] GC(3)   Pre Evacuate Collection Set: 0.4ms
[2025-01-08T02:38:44.121+0000][74][info ][gc,phases   ] GC(3)   Merge Heap Roots: 0.2ms
[2025-01-08T02:38:44.121+0000][74][info ][gc,phases   ] GC(3)   Evacuate Collection Set: 3.6ms
[2025-01-08T02:38:44.121+0000][74][info ][gc,phases   ] GC(3)   Post Evacuate Collection Set: 2.3ms
[2025-01-08T02:38:44.122+0000][74][info ][gc,phases   ] GC(3)   Other: 0.5ms
[2025-01-08T02:38:44.122+0000][74][trace][gc,age      ] GC(3) Age table with threshold 15 (max threshold 15)
[2025-01-08T02:38:44.122+0000][74][trace][gc,age      ] GC(3) - age   1:     890736 bytes,     890736 total
[2025-01-08T02:38:44.122+0000][74][trace][gc,age      ] GC(3) - age   2:    2288760 bytes,    3179496 total
[2025-01-08T02:38:44.122+0000][74][trace][gc,age      ] GC(3) - age   3:    6218176 bytes,    9397672 total
[2025-01-08T02:38:44.122+0000][74][info ][gc,heap     ] GC(3) Eden regions: 18->0(73)
[2025-01-08T02:38:44.123+0000][74][info ][gc,heap     ] GC(3) Survivor regions: 3->3(10)
[2025-01-08T02:38:44.123+0000][74][info ][gc,heap     ] GC(3) Old regions: 2->2
[2025-01-08T02:38:44.123+0000][74][info ][gc,heap     ] GC(3) Humongous regions: 0->0
[2025-01-08T02:38:44.123+0000][74][info ][gc,metaspace] GC(3) Metaspace: 20968K(21504K)->20968K(21504K) NonClass: 18727K(19072K)->18727K(19072K) Class: 2241K(2432K)->2241K(2432K)
[2025-01-08T02:38:44.123+0000][74][info ][gc          ] GC(3) Pause Young (Concurrent Start) (Metadata GC Threshold) 82M->12M(512M) 9.818ms
[2025-01-08T02:38:44.123+0000][74][info ][gc          ] GC(4) Concurrent Mark Cycle
[2025-01-08T02:38:44.124+0000][74][info ][gc,marking  ] GC(4) Concurrent Scan Root Regions
[2025-01-08T02:38:44.123+0000][74][info ][gc,cpu      ] GC(3) User=0.05s Sys=0.00s Real=0.01s
[2025-01-08T02:38:44.124+0000][74][info ][safepoint   ] Safepoint "CollectForMetadataAllocation", Time since last: 178367060 ns, Reaching safepoint: 5610 ns, Cleanup: 62552 ns, At safepoint: 10703426 ns, Total: 10771588 ns
[2025-01-08T02:38:44.126+0000][74][info ][gc,marking  ] GC(4) Concurrent Scan Root Regions 2.429ms
[2025-01-08T02:38:44.126+0000][74][info ][gc,marking  ] GC(4) Concurrent Mark
[2025-01-08T02:38:44.126+0000][74][info ][gc,marking  ] GC(4) Concurrent Mark From Roots
[2025-01-08T02:38:44.127+0000][74][info ][gc,task     ] GC(4) Using 3 workers of 3 for marking
[2025-01-08T02:38:44.129+0000][74][info ][gc,marking  ] GC(4) Concurrent Mark From Roots 2.490ms
[2025-01-08T02:38:44.129+0000][74][info ][gc,marking  ] GC(4) Concurrent Preclean
[2025-01-08T02:38:44.129+0000][74][info ][gc,marking  ] GC(4) Concurrent Preclean 0.240ms
[2025-01-08T02:38:44.131+0000][74][info ][gc,start    ] GC(4) Pause Remark
[2025-01-08T02:38:44.134+0000][74][info ][gc          ] GC(4) Pause Remark 15M->15M(512M) 3.140ms
[2025-01-08T02:38:44.134+0000][74][info ][gc,cpu      ] GC(4) User=0.02s Sys=0.00s Real=0.00s
[2025-01-08T02:38:44.135+0000][74][info ][safepoint   ] Safepoint "G1PauseRemark", Time since last: 5584278 ns, Reaching safepoint: 962514 ns, Cleanup: 4970 ns, At safepoint: 3817310 ns, Total: 4784794 ns
[2025-01-08T02:38:44.135+0000][74][info ][gc,marking  ] GC(4) Concurrent Mark 8.427ms
[2025-01-08T02:38:44.135+0000][74][info ][gc,marking  ] GC(4) Concurrent Rebuild Remembered Sets and Scrub Regions
[2025-01-08T02:38:44.136+0000][74][info ][gc,marking  ] GC(4) Concurrent Rebuild Remembered Sets and Scrub Regions 1.121ms
[2025-01-08T02:38:44.137+0000][74][info ][gc,start    ] GC(4) Pause Cleanup
[2025-01-08T02:38:44.138+0000][74][info ][gc          ] GC(4) Pause Cleanup 15M->15M(512M) 0.381ms
[2025-01-08T02:38:44.138+0000][74][info ][gc,cpu      ] GC(4) User=0.00s Sys=0.00s Real=0.00s
[2025-01-08T02:38:44.138+0000][74][info ][safepoint   ] Safepoint "G1PauseCleanup", Time since last: 2207936 ns, Reaching safepoint: 535500 ns, Cleanup: 3938 ns, At safepoint: 761222 ns, Total: 1300660 ns
[2025-01-08T02:38:44.138+0000][74][info ][gc,marking  ] GC(4) Concurrent Clear Claimed Marks
[2025-01-08T02:38:44.138+0000][74][info ][gc,marking  ] GC(4) Concurrent Clear Claimed Marks 0.234ms
[2025-01-08T02:38:44.139+0000][74][info ][gc,marking  ] GC(4) Concurrent Cleanup for Next Mark
[2025-01-08T02:38:44.140+0000][74][info ][gc,marking  ] GC(4) Concurrent Cleanup for Next Mark 1.005ms
[2025-01-08T02:38:44.140+0000][74][info ][gc          ] GC(4) Concurrent Mark Cycle 16.404ms
[2025-01-08T02:38:44.693+0000][74][info ][safepoint   ] Safepoint "ICBufferFull", Time since last: 554862106 ns, Reaching safepoint: 4138 ns, Cleanup: 156353 ns, At safepoint: 4409 ns, Total: 164900 ns
[2025-01-08T02:38:45.206+0000][74][info ][gc,start    ] GC(5) Pause Young (Prepare Mixed) (G1 Evacuation Pause)
[2025-01-08T02:38:45.207+0000][74][info ][gc,task     ] GC(5) Using 12 workers of 13 for evacuation
[2025-01-08T02:38:45.207+0000][74][debug][gc,age      ] GC(5) Desired survivor size 20971520 bytes, new threshold 15 (max threshold 15)
[2025-01-08T02:38:45.214+0000][74][info ][gc,phases   ] GC(5)   Pre Evacuate Collection Set: 0.2ms
[2025-01-08T02:38:45.214+0000][74][info ][gc,phases   ] GC(5)   Merge Heap Roots: 0.1ms
[2025-01-08T02:38:45.214+0000][74][info ][gc,phases   ] GC(5)   Evacuate Collection Set: 5.2ms
[2025-01-08T02:38:45.215+0000][74][info ][gc,phases   ] GC(5)   Post Evacuate Collection Set: 1.4ms
[2025-01-08T02:38:45.215+0000][74][info ][gc,phases   ] GC(5)   Other: 0.5ms
[2025-01-08T02:38:45.215+0000][74][trace][gc,age      ] GC(5) Age table with threshold 15 (max threshold 15)
[2025-01-08T02:38:45.215+0000][74][trace][gc,age      ] GC(5) - age   1:    7968568 bytes,    7968568 total
[2025-01-08T02:38:45.215+0000][74][trace][gc,age      ] GC(5) - age   2:     872520 bytes,    8841088 total
[2025-01-08T02:38:45.215+0000][74][trace][gc,age      ] GC(5) - age   3:    2281048 bytes,   11122136 total
[2025-01-08T02:38:45.215+0000][74][trace][gc,age      ] GC(5) - age   4:    6214448 bytes,   17336584 total
[2025-01-08T02:38:45.216+0000][74][info ][gc,heap     ] GC(5) Eden regions: 73->0(71)
[2025-01-08T02:38:45.216+0000][74][info ][gc,heap     ] GC(5) Survivor regions: 3->5(10)
[2025-01-08T02:38:45.216+0000][74][info ][gc,heap     ] GC(5) Old regions: 2->2
[2025-01-08T02:38:45.216+0000][74][info ][gc,heap     ] GC(5) Humongous regions: 0->0
[2025-01-08T02:38:45.216+0000][74][info ][gc,metaspace] GC(5) Metaspace: 28935K(29568K)->28935K(29568K) NonClass: 25726K(26112K)->25726K(26112K) Class: 3208K(3456K)->3208K(3456K)
[2025-01-08T02:38:45.216+0000][74][info ][gc          ] GC(5) Pause Young (Prepare Mixed) (G1 Evacuation Pause) 304M->20M(512M) 10.116ms
[2025-01-08T02:38:45.216+0000][74][info ][gc,cpu      ] GC(5) User=0.06s Sys=0.01s Real=0.01s
[2025-01-08T02:38:45.217+0000][74][info ][safepoint   ] Safepoint "G1CollectForAllocation", Time since last: 513068077 ns, Reaching safepoint: 5400 ns, Cleanup: 94814 ns, At safepoint: 10460754 ns, Total: 10560968 ns
[2025-01-08T02:38:45.669+0000][74][info ][gc,start    ] GC(6) Pause Young (Mixed) (G1 Evacuation Pause)
[2025-01-08T02:38:45.670+0000][74][info ][gc,task     ] GC(6) Using 12 workers of 13 for evacuation
[2025-01-08T02:38:45.670+0000][74][debug][gc,age      ] GC(6) Desired survivor size 20971520 bytes, new threshold 15 (max threshold 15)
[2025-01-08T02:38:45.678+0000][74][info ][gc,phases   ] GC(6)   Pre Evacuate Collection Set: 0.2ms
[2025-01-08T02:38:45.679+0000][74][info ][gc,phases   ] GC(6)   Merge Heap Roots: 0.1ms
[2025-01-08T02:38:45.679+0000][74][info ][gc,phases   ] GC(6)   Evacuate Collection Set: 6.6ms
[2025-01-08T02:38:45.679+0000][74][info ][gc,phases   ] GC(6)   Post Evacuate Collection Set: 1.0ms
[2025-01-08T02:38:45.679+0000][74][info ][gc,phases   ] GC(6)   Other: 0.4ms
[2025-01-08T02:38:45.679+0000][74][trace][gc,age      ] GC(6) Age table with threshold 15 (max threshold 15)
[2025-01-08T02:38:45.679+0000][74][trace][gc,age      ] GC(6) - age   1:    4379312 bytes,    4379312 total
[2025-01-08T02:38:45.679+0000][74][trace][gc,age      ] GC(6) - age   2:    7608128 bytes,   11987440 total
[2025-01-08T02:38:45.680+0000][74][trace][gc,age      ] GC(6) - age   3:     872328 bytes,   12859768 total
[2025-01-08T02:38:45.680+0000][74][trace][gc,age      ] GC(6) - age   4:    2279624 bytes,   15139392 total
[2025-01-08T02:38:45.680+0000][74][trace][gc,age      ] GC(6) - age   5:    6214320 bytes,   21353712 total
[2025-01-08T02:38:45.680+0000][74][info ][gc,heap     ] GC(6) Eden regions: 71->0(70)
[2025-01-08T02:38:45.680+0000][74][info ][gc,heap     ] GC(6) Survivor regions: 5->6(10)
[2025-01-08T02:38:45.680+0000][74][info ][gc,heap     ] GC(6) Old regions: 2->1
[2025-01-08T02:38:45.680+0000][74][info ][gc,heap     ] GC(6) Humongous regions: 0->0
[2025-01-08T02:38:45.680+0000][74][info ][gc,metaspace] GC(6) Metaspace: 31045K(31744K)->31045K(31744K) NonClass: 27611K(28032K)->27611K(28032K) Class: 3434K(3712K)->3434K(3712K)
[2025-01-08T02:38:45.680+0000][74][info ][gc          ] GC(6) Pause Young (Mixed) (G1 Evacuation Pause) 304M->25M(512M) 11.022ms
[2025-01-08T02:38:45.681+0000][74][info ][gc,cpu      ] GC(6) User=0.08s Sys=0.00s Real=0.01s
[2025-01-08T02:38:45.681+0000][74][info ][safepoint   ] Safepoint "G1CollectForAllocation", Time since last: 452662636 ns, Reaching safepoint: 3988 ns, Cleanup: 97208 ns, At safepoint: 11300462 ns, Total: 11401658 ns
[2025-01-08T02:38:46.109+0000][74][info ][gc,start    ] GC(7) Pause Young (Concurrent Start) (Metadata GC Threshold)
[2025-01-08T02:38:46.109+0000][74][info ][gc,task     ] GC(7) Using 12 workers of 13 for evacuation
[2025-01-08T02:38:46.109+0000][74][debug][gc,age      ] GC(7) Desired survivor size 20971520 bytes, new threshold 5 (max threshold 15)
[2025-01-08T02:38:46.118+0000][74][info ][gc,phases   ] GC(7)   Pre Evacuate Collection Set: 0.3ms
[2025-01-08T02:38:46.118+0000][74][info ][gc,phases   ] GC(7)   Merge Heap Roots: 0.1ms
[2025-01-08T02:38:46.118+0000][74][info ][gc,phases   ] GC(7)   Evacuate Collection Set: 7.1ms
[2025-01-08T02:38:46.118+0000][74][info ][gc,phases   ] GC(7)   Post Evacuate Collection Set: 0.8ms
[2025-01-08T02:38:46.119+0000][74][info ][gc,phases   ] GC(7)   Other: 0.3ms
[2025-01-08T02:38:46.119+0000][74][trace][gc,age      ] GC(7) Age table with threshold 5 (max threshold 15)
[2025-01-08T02:38:46.119+0000][74][trace][gc,age      ] GC(7) - age   1:    5764328 bytes,    5764328 total
[2025-01-08T02:38:46.119+0000][74][trace][gc,age      ] GC(7) - age   2:    4306912 bytes,   10071240 total
[2025-01-08T02:38:46.119+0000][74][trace][gc,age      ] GC(7) - age   3:    7606024 bytes,   17677264 total
[2025-01-08T02:38:46.119+0000][74][trace][gc,age      ] GC(7) - age   4:     872328 bytes,   18549592 total
[2025-01-08T02:38:46.119+0000][74][trace][gc,age      ] GC(7) - age   5:    2278776 bytes,   20828368 total
[2025-01-08T02:38:46.119+0000][74][info ][gc,heap     ] GC(7) Eden regions: 62->0(70)
[2025-01-08T02:38:46.119+0000][74][info ][gc,heap     ] GC(7) Survivor regions: 6->6(10)
[2025-01-08T02:38:46.120+0000][74][info ][gc,heap     ] GC(7) Old regions: 1->3
[2025-01-08T02:38:46.120+0000][74][info ][gc,heap     ] GC(7) Humongous regions: 0->0
[2025-01-08T02:38:46.120+0000][74][info ][gc,metaspace] GC(7) Metaspace: 35371K(36160K)->35371K(36160K) NonClass: 31419K(31872K)->31419K(31872K) Class: 3951K(4288K)->3951K(4288K)
[2025-01-08T02:38:46.120+0000][74][info ][gc          ] GC(7) Pause Young (Concurrent Start) (Metadata GC Threshold) 273M->30M(512M) 11.027ms
[2025-01-08T02:38:46.120+0000][74][info ][gc,cpu      ] GC(7) User=0.09s Sys=0.00s Real=0.01s
[2025-01-08T02:38:46.120+0000][74][info ][gc          ] GC(8) Concurrent Mark Cycle
[2025-01-08T02:38:46.120+0000][74][info ][safepoint   ] Safepoint "CollectForMetadataAllocation", Time since last: 428095766 ns, Reaching safepoint: 3657 ns, Cleanup: 71879 ns, At safepoint: 11433049 ns, Total: 11508585 ns
[2025-01-08T02:38:46.120+0000][74][info ][gc,marking  ] GC(8) Concurrent Scan Root Regions
[2025-01-08T02:38:46.124+0000][74][info ][gc,marking  ] GC(8) Concurrent Scan Root Regions 3.128ms
[2025-01-08T02:38:46.124+0000][74][info ][gc,marking  ] GC(8) Concurrent Mark
[2025-01-08T02:38:46.124+0000][74][info ][gc,marking  ] GC(8) Concurrent Mark From Roots
[2025-01-08T02:38:46.124+0000][74][info ][gc,task     ] GC(8) Using 3 workers of 3 for marking
[2025-01-08T02:38:46.126+0000][74][info ][gc,marking  ] GC(8) Concurrent Mark From Roots 2.293ms
[2025-01-08T02:38:46.126+0000][74][info ][gc,marking  ] GC(8) Concurrent Preclean
[2025-01-08T02:38:46.127+0000][74][info ][gc,marking  ] GC(8) Concurrent Preclean 0.170ms
[2025-01-08T02:38:46.127+0000][74][info ][gc,start    ] GC(8) Pause Remark
[2025-01-08T02:38:46.130+0000][74][info ][gc          ] GC(8) Pause Remark 33M->33M(512M) 2.931ms
[2025-01-08T02:38:46.130+0000][74][info ][gc,cpu      ] GC(8) User=0.01s Sys=0.00s Real=0.00s
[2025-01-08T02:38:46.130+0000][74][info ][safepoint   ] Safepoint "G1PauseRemark", Time since last: 6476859 ns, Reaching safepoint: 80045 ns, Cleanup: 5882 ns, At safepoint: 3338102 ns, Total: 3424029 ns
[2025-01-08T02:38:46.130+0000][74][info ][gc,marking  ] GC(8) Concurrent Mark 6.601ms
[2025-01-08T02:38:46.131+0000][74][info ][gc,marking  ] GC(8) Concurrent Rebuild Remembered Sets and Scrub Regions
[2025-01-08T02:38:46.132+0000][74][info ][gc,marking  ] GC(8) Concurrent Rebuild Remembered Sets and Scrub Regions 1.488ms
[2025-01-08T02:38:46.132+0000][74][info ][gc,start    ] GC(8) Pause Cleanup
[2025-01-08T02:38:46.133+0000][74][info ][gc          ] GC(8) Pause Cleanup 33M->33M(512M) 0.277ms
[2025-01-08T02:38:46.133+0000][74][info ][gc,cpu      ] GC(8) User=0.00s Sys=0.00s Real=0.00s
[2025-01-08T02:38:46.133+0000][74][info ][safepoint   ] Safepoint "G1PauseCleanup", Time since last: 2018254 ns, Reaching safepoint: 86737 ns, Cleanup: 12464 ns, At safepoint: 564675 ns, Total: 663876 ns
[2025-01-08T02:38:46.133+0000][74][info ][gc,marking  ] GC(8) Concurrent Clear Claimed Marks
[2025-01-08T02:38:46.133+0000][74][info ][gc,marking  ] GC(8) Concurrent Clear Claimed Marks 0.168ms
[2025-01-08T02:38:46.133+0000][74][info ][gc,marking  ] GC(8) Concurrent Cleanup for Next Mark
[2025-01-08T02:38:46.134+0000][74][info ][gc,marking  ] GC(8) Concurrent Cleanup for Next Mark 0.616ms
[2025-01-08T02:38:46.134+0000][74][info ][gc          ] GC(8) Concurrent Mark Cycle 14.001ms
[2025-01-08T02:38:46.444+0000][74][info ][gc,start    ] GC(9) Pause Young (Normal) (G1 Evacuation Pause)
[2025-01-08T02:38:46.444+0000][74][info ][gc,task     ] GC(9) Using 12 workers of 13 for evacuation
[2025-01-08T02:38:46.444+0000][74][debug][gc,age      ] GC(9) Desired survivor size 20971520 bytes, new threshold 15 (max threshold 15)
[2025-01-08T02:38:46.451+0000][74][info ][gc,phases   ] GC(9)   Pre Evacuate Collection Set: 0.3ms
[2025-01-08T02:38:46.452+0000][74][info ][gc,phases   ] GC(9)   Merge Heap Roots: 0.1ms
[2025-01-08T02:38:46.452+0000][74][info ][gc,phases   ] GC(9)   Evacuate Collection Set: 5.6ms
[2025-01-08T02:38:46.452+0000][74][info ][gc,phases   ] GC(9)   Post Evacuate Collection Set: 0.9ms
[2025-01-08T02:38:46.452+0000][74][info ][gc,phases   ] GC(9)   Other: 0.4ms
[2025-01-08T02:38:46.452+0000][74][trace][gc,age      ] GC(9) Age table with threshold 15 (max threshold 15)
[2025-01-08T02:38:46.452+0000][74][trace][gc,age      ] GC(9) - age   1:    3329400 bytes,    3329400 total
[2025-01-08T02:38:46.452+0000][74][trace][gc,age      ] GC(9) - age   2:    5727560 bytes,    9056960 total
[2025-01-08T02:38:46.453+0000][74][trace][gc,age      ] GC(9) - age   3:    4306456 bytes,   13363416 total
[2025-01-08T02:38:46.453+0000][74][trace][gc,age      ] GC(9) - age   4:    7603832 bytes,   20967248 total
[2025-01-08T02:38:46.453+0000][74][trace][gc,age      ] GC(9) - age   5:     872104 bytes,   21839352 total
[2025-01-08T02:38:46.453+0000][74][trace][gc,age      ] GC(9) - age   6:    2259016 bytes,   24098368 total
[2025-01-08T02:38:46.453+0000][74][info ][gc,heap     ] GC(9) Eden regions: 70->0(69)
[2025-01-08T02:38:46.453+0000][74][info ][gc,heap     ] GC(9) Survivor regions: 6->7(10)
[2025-01-08T02:38:46.453+0000][74][info ][gc,heap     ] GC(9) Old regions: 3->3
[2025-01-08T02:38:46.454+0000][74][info ][gc,heap     ] GC(9) Humongous regions: 0->0
[2025-01-08T02:38:46.454+0000][74][info ][gc,metaspace] GC(9) Metaspace: 37136K(38016K)->37136K(38016K) NonClass: 32960K(33472K)->32960K(33472K) Class: 4175K(4544K)->4175K(4544K)
[2025-01-08T02:38:46.454+0000][74][info ][gc          ] GC(9) Pause Young (Normal) (G1 Evacuation Pause) 310M->34M(512M) 10.171ms
[2025-01-08T02:38:46.454+0000][74][info ][gc,cpu      ] GC(9) User=0.07s Sys=0.01s Real=0.01s
[2025-01-08T02:38:46.454+0000][74][info ][safepoint   ] Safepoint "G1CollectForAllocation", Time since last: 310655113 ns, Reaching safepoint: 5321 ns, Cleanup: 93591 ns, At safepoint: 10502794 ns, Total: 10601706 ns
[2025-01-08T02:38:46.767+0000][74][info ][gc,heap,exit] Heap
[2025-01-08T02:38:46.767+0000][74][info ][gc,heap,exit]  garbage-first heap   total 524288K, used 228130K [0x00000000e0000000, 0x0000000100000000)
[2025-01-08T02:38:46.767+0000][74][info ][gc,heap,exit]   region size 4096K, 55 young (225280K), 7 survivors (28672K)
[2025-01-08T02:38:46.767+0000][74][info ][gc,heap,exit]  Metaspace       used 38948K, committed 40000K, reserved 1114112K
[2025-01-08T02:38:46.767+0000][74][info ][gc,heap,exit]   class space    used 4403K, committed 4800K, reserved 1048576K
