[2025-01-08T02:38:15.294+0000][67][info][gc,init] CardTable entry size: 512
[2025-01-08T02:38:15.295+0000][67][info][gc     ] Using G1
[2025-01-08T02:38:15.568+0000][67][info][gc,init] Version: 21.0.1+12-29 (release)
[2025-01-08T02:38:15.568+0000][67][info][gc,init] CPUs: 16 total, 16 available
[2025-01-08T02:38:15.569+0000][67][info][gc,init] Memory: 7640M
[2025-01-08T02:38:15.569+0000][67][info][gc,init] Large Page Support: Disabled
[2025-01-08T02:38:15.570+0000][67][info][gc,init] NUMA Support: Disabled
[2025-01-08T02:38:15.570+0000][67][info][gc,init] Compressed Oops: Enabled (32-bit)
[2025-01-08T02:38:15.570+0000][67][info][gc,init] Heap Region Size: 4M
[2025-01-08T02:38:15.571+0000][67][info][gc,init] Heap Min Capacity: 512M
[2025-01-08T02:38:15.571+0000][67][info][gc,init] Heap Initial Capacity: 512M
[2025-01-08T02:38:15.571+0000][67][info][gc,init] Heap Max Capacity: 512M
[2025-01-08T02:38:15.571+0000][67][info][gc,init] Pre-touch: Enabled
[2025-01-08T02:38:15.571+0000][67][info][gc,init] Parallel Workers: 13
[2025-01-08T02:38:15.571+0000][67][info][gc,init] Concurrent Workers: 3
[2025-01-08T02:38:15.572+0000][67][info][gc,init] Concurrent Refinement Workers: 13
[2025-01-08T02:38:15.572+0000][67][info][gc,init] Periodic GC: Disabled
[2025-01-08T02:38:15.592+0000][67][info][gc,metaspace] CDS archive(s) mapped at: [0x00007f4b2f000000-0x00007f4b2fca5000-0x00007f4b2fca5000), size 13258752, SharedBaseAddress: 0x00007f4b2f000000, ArchiveRelocationMode: 1.
[2025-01-08T02:38:15.593+0000][67][info][gc,metaspace] Compressed class space mapped at: 0x00007f4b30000000-0x00007f4b70000000, reserved size: 1073741824
[2025-01-08T02:38:15.593+0000][67][info][gc,metaspace] Narrow klass base: 0x00007f4b2f000000, Narrow klass shift: 0, Narrow klass range: 0x100000000
[2025-01-08T02:38:15.868+0000][67][info][gc,start    ] GC(0) Pause Young (Normal) (G1 Evacuation Pause)
[2025-01-08T02:38:15.868+0000][67][info][gc,task     ] GC(0) Using 12 workers of 13 for evacuation
[2025-01-08T02:38:15.869+0000][67][debug][gc,age      ] GC(0) Desired survivor size 2097152 bytes, new threshold 15 (max threshold 15)
[2025-01-08T02:38:15.871+0000][67][info ][gc,phases   ] GC(0)   Pre Evacuate Collection Set: 0.2ms
[2025-01-08T02:38:15.871+0000][67][info ][gc,phases   ] GC(0)   Merge Heap Roots: 0.2ms
[2025-01-08T02:38:15.871+0000][67][info ][gc,phases   ] GC(0)   Evacuate Collection Set: 1.0ms
[2025-01-08T02:38:15.872+0000][67][info ][gc,phases   ] GC(0)   Post Evacuate Collection Set: 0.6ms
[2025-01-08T02:38:15.872+0000][67][info ][gc,phases   ] GC(0)   Other: 0.4ms
[2025-01-08T02:38:15.872+0000][67][trace][gc,age      ] GC(0) Age table with threshold 15 (max threshold 15)
[2025-01-08T02:38:15.872+0000][67][trace][gc,age      ] GC(0) - age   1:    2612984 bytes,    2612984 total
[2025-01-08T02:38:15.872+0000][67][info ][gc,heap     ] GC(0) Eden regions: 6->0(18)
[2025-01-08T02:38:15.872+0000][67][info ][gc,heap     ] GC(0) Survivor regions: 0->1(1)
[2025-01-08T02:38:15.873+0000][67][info ][gc,heap     ] GC(0) Old regions: 1->1
[2025-01-08T02:38:15.873+0000][67][info ][gc,heap     ] GC(0) Humongous regions: 0->0
[2025-01-08T02:38:15.873+0000][67][info ][gc,metaspace] GC(0) Metaspace: 1166K(1408K)->1166K(1408K) NonClass: 1083K(1216K)->1083K(1216K) Class: 82K(192K)->82K(192K)
[2025-01-08T02:38:15.873+0000][67][info ][gc          ] GC(0) Pause Young (Normal) (G1 Evacuation Pause) 24M->3M(512M) 4.952ms
[2025-01-08T02:38:15.873+0000][67][info ][gc,cpu      ] GC(0) User=0.01s Sys=0.01s Real=0.00s
[2025-01-08T02:38:15.873+0000][67][info ][safepoint   ] Safepoint "G1CollectForAllocation", Time since last: 269083195 ns, Reaching safepoint: 15340 ns, Cleanup: 106125 ns, At safepoint: 5342190 ns, Total: 5463655 ns
[2025-01-08T02:38:16.304+0000][67][info ][safepoint   ] Safepoint "ICBufferFull", Time since last: 430397921 ns, Reaching safepoint: 106359 ns, Cleanup: 185470 ns, At safepoint: 22493 ns, Total: 314322 ns
[2025-01-08T02:38:16.610+0000][67][info ][safepoint   ] Safepoint "ICBufferFull", Time since last: 305783758 ns, Reaching safepoint: 5300 ns, Cleanup: 177224 ns, At safepoint: 27533 ns, Total: 210057 ns
[2025-01-08T02:38:17.107+0000][67][info ][safepoint   ] Safepoint "ICBufferFull", Time since last: 496528571 ns, Reaching safepoint: 5481 ns, Cleanup: 172394 ns, At safepoint: 19397 ns, Total: 197272 ns
[2025-01-08T02:38:17.435+0000][67][info ][gc,start    ] GC(1) Pause Young (Normal) (G1 Evacuation Pause)
[2025-01-08T02:38:17.435+0000][67][info ][gc,task     ] GC(1) Using 12 workers of 13 for evacuation
[2025-01-08T02:38:17.435+0000][67][debug][gc,age      ] GC(1) Desired survivor size 6291456 bytes, new threshold 15 (max threshold 15)
[2025-01-08T02:38:17.441+0000][67][info ][gc,phases   ] GC(1)   Pre Evacuate Collection Set: 0.2ms
[2025-01-08T02:38:17.441+0000][67][info ][gc,phases   ] GC(1)   Merge Heap Roots: 0.1ms
[2025-01-08T02:38:17.442+0000][67][info ][gc,phases   ] GC(1)   Evacuate Collection Set: 3.3ms
[2025-01-08T02:38:17.442+0000][67][info ][gc,phases   ] GC(1)   Post Evacuate Collection Set: 2.2ms
[2025-01-08T02:38:17.442+0000][67][info ][gc,phases   ] GC(1)   Other: 0.3ms
[2025-01-08T02:38:17.442+0000][67][trace][gc,age      ] GC(1) Age table with threshold 15 (max threshold 15)
[2025-01-08T02:38:17.442+0000][67][trace][gc,age      ] GC(1) - age   1:    6107200 bytes,    6107200 total
[2025-01-08T02:38:17.442+0000][67][trace][gc,age      ] GC(1) - age   2:    2589440 bytes,    8696640 total
[2025-01-08T02:38:17.443+0000][67][info ][gc,heap     ] GC(1) Eden regions: 18->0(27)
[2025-01-08T02:38:17.443+0000][67][info ][gc,heap     ] GC(1) Survivor regions: 1->3(3)
[2025-01-08T02:38:17.443+0000][67][info ][gc,heap     ] GC(1) Old regions: 1->1
[2025-01-08T02:38:17.443+0000][67][info ][gc,heap     ] GC(1) Humongous regions: 0->0
[2025-01-08T02:38:17.443+0000][67][info ][gc,metaspace] GC(1) Metaspace: 18162K(18752K)->18162K(18752K) NonClass: 16188K(16512K)->16188K(16512K) Class: 1973K(2240K)->1973K(2240K)
[2025-01-08T02:38:17.443+0000][67][info ][gc          ] GC(1) Pause Young (Normal) (G1 Evacuation Pause) 75M->9M(512M) 8.814ms
[2025-01-08T02:38:17.444+0000][67][info ][gc,cpu      ] GC(1) User=0.05s Sys=0.00s Real=0.01s
[2025-01-08T02:38:17.444+0000][67][info ][safepoint   ] Safepoint "G1CollectForAllocation", Time since last: 327557991 ns, Reaching safepoint: 82961 ns, Cleanup: 89814 ns, At safepoint: 9262768 ns, Total: 9435543 ns
[2025-01-08T02:38:18.183+0000][67][info ][safepoint   ] Safepoint "ICBufferFull", Time since last: 739217494 ns, Reaching safepoint: 6272 ns, Cleanup: 169368 ns, At safepoint: 13276 ns, Total: 188916 ns
[2025-01-08T02:38:18.263+0000][67][info ][gc,start    ] GC(2) Pause Young (Normal) (G1 Evacuation Pause)
[2025-01-08T02:38:18.263+0000][67][info ][gc,task     ] GC(2) Using 12 workers of 13 for evacuation
[2025-01-08T02:38:18.264+0000][67][debug][gc,age      ] GC(2) Desired survivor size 8388608 bytes, new threshold 2 (max threshold 15)
[2025-01-08T02:38:18.271+0000][67][info ][gc,phases   ] GC(2)   Pre Evacuate Collection Set: 0.3ms
[2025-01-08T02:38:18.271+0000][67][info ][gc,phases   ] GC(2)   Merge Heap Roots: 0.2ms
[2025-01-08T02:38:18.271+0000][67][info ][gc,phases   ] GC(2)   Evacuate Collection Set: 4.8ms
[2025-01-08T02:38:18.272+0000][67][info ][gc,phases   ] GC(2)   Post Evacuate Collection Set: 1.6ms
[2025-01-08T02:38:18.272+0000][67][info ][gc,phases   ] GC(2)   Other: 0.5ms
[2025-01-08T02:38:18.272+0000][67][trace][gc,age      ] GC(2) Age table with threshold 2 (max threshold 15)
[2025-01-08T02:38:18.272+0000][67][trace][gc,age      ] GC(2) - age   1:    2528392 bytes,    2528392 total
[2025-01-08T02:38:18.273+0000][67][trace][gc,age      ] GC(2) - age   2:    5136032 bytes,    7664424 total
[2025-01-08T02:38:18.273+0000][67][info ][gc,heap     ] GC(2) Eden regions: 27->0(74)
[2025-01-08T02:38:18.273+0000][67][info ][gc,heap     ] GC(2) Survivor regions: 3->2(4)
[2025-01-08T02:38:18.273+0000][67][info ][gc,heap     ] GC(2) Old regions: 1->2
[2025-01-08T02:38:18.273+0000][67][info ][gc,heap     ] GC(2) Humongous regions: 0->0
[2025-01-08T02:38:18.273+0000][67][info ][gc,metaspace] GC(2) Metaspace: 20248K(20736K)->20248K(20736K) NonClass: 18057K(18368K)->18057K(18368K) Class: 2191K(2368K)->2191K(2368K)
[2025-01-08T02:38:18.274+0000][67][info ][gc          ] GC(2) Pause Young (Normal) (G1 Evacuation Pause) 117M->11M(512M) 10.936ms
[2025-01-08T02:38:18.274+0000][67][info ][gc,cpu      ] GC(2) User=0.05s Sys=0.00s Real=0.01s
[2025-01-08T02:38:18.274+0000][67][info ][safepoint   ] Safepoint "G1CollectForAllocation", Time since last: 79548657 ns, Reaching safepoint: 6824 ns, Cleanup: 49125 ns, At safepoint: 11325158 ns, Total: 11381107 ns
[2025-01-08T02:38:18.437+0000][67][info ][gc,start    ] GC(3) Pause Young (Concurrent Start) (Metadata GC Threshold)
[2025-01-08T02:38:18.437+0000][67][info ][gc,task     ] GC(3) Using 12 workers of 13 for evacuation
[2025-01-08T02:38:18.437+0000][67][debug][gc,age      ] GC(3) Desired survivor size 20971520 bytes, new threshold 15 (max threshold 15)
[2025-01-08T02:38:18.441+0000][67][info ][gc,phases   ] GC(3)   Pre Evacuate Collection Set: 0.2ms
[2025-01-08T02:38:18.442+0000][67][info ][gc,phases   ] GC(3)   Merge Heap Roots: 0.1ms
[2025-01-08T02:38:18.442+0000][67][info ][gc,phases   ] GC(3)   Evacuate Collection Set: 2.6ms
[2025-01-08T02:38:18.442+0000][67][info ][gc,phases   ] GC(3)   Post Evacuate Collection Set: 0.9ms
[2025-01-08T02:38:18.442+0000][67][info ][gc,phases   ] GC(3)   Other: 0.4ms
[2025-01-08T02:38:18.442+0000][67][trace][gc,age      ] GC(3) Age table with threshold 15 (max threshold 15)
[2025-01-08T02:38:18.442+0000][67][trace][gc,age      ] GC(3) - age   1:     946624 bytes,     946624 total
[2025-01-08T02:38:18.443+0000][67][trace][gc,age      ] GC(3) - age   2:    2513584 bytes,    3460208 total
[2025-01-08T02:38:18.443+0000][67][trace][gc,age      ] GC(3) - age   3:    5133312 bytes,    8593520 total
[2025-01-08T02:38:18.443+0000][67][info ][gc,heap     ] GC(3) Eden regions: 19->0(73)
[2025-01-08T02:38:18.443+0000][67][info ][gc,heap     ] GC(3) Survivor regions: 2->3(10)
[2025-01-08T02:38:18.443+0000][67][info ][gc,heap     ] GC(3) Old regions: 2->2
[2025-01-08T02:38:18.443+0000][67][info ][gc,heap     ] GC(3) Humongous regions: 0->0
[2025-01-08T02:38:18.443+0000][67][info ][gc,metaspace] GC(3) Metaspace: 20970K(21504K)->20970K(21504K) NonClass: 18724K(19008K)->18724K(19008K) Class: 2246K(2496K)->2246K(2496K)
[2025-01-08T02:38:18.444+0000][67][info ][gc          ] GC(3) Pause Young (Concurrent Start) (Metadata GC Threshold) 85M->12M(512M) 6.752ms
[2025-01-08T02:38:18.444+0000][67][info ][gc,cpu      ] GC(3) User=0.03s Sys=0.00s Real=0.00s
[2025-01-08T02:38:18.444+0000][67][info ][gc          ] GC(4) Concurrent Mark Cycle
[2025-01-08T02:38:18.444+0000][67][info ][gc,marking  ] GC(4) Concurrent Scan Root Regions
[2025-01-08T02:38:18.444+0000][67][info ][safepoint   ] Safepoint "CollectForMetadataAllocation", Time since last: 162487204 ns, Reaching safepoint: 3577 ns, Cleanup: 48303 ns, At safepoint: 7179081 ns, Total: 7230961 ns
[2025-01-08T02:38:18.447+0000][67][info ][gc,marking  ] GC(4) Concurrent Scan Root Regions 3.163ms
[2025-01-08T02:38:18.447+0000][67][info ][gc,marking  ] GC(4) Concurrent Mark
[2025-01-08T02:38:18.448+0000][67][info ][gc,marking  ] GC(4) Concurrent Mark From Roots
[2025-01-08T02:38:18.448+0000][67][info ][gc,task     ] GC(4) Using 3 workers of 3 for marking
[2025-01-08T02:38:18.450+0000][67][info ][gc,marking  ] GC(4) Concurrent Mark From Roots 2.587ms
[2025-01-08T02:38:18.451+0000][67][info ][gc,marking  ] GC(4) Concurrent Preclean
[2025-01-08T02:38:18.451+0000][67][info ][gc,marking  ] GC(4) Concurrent Preclean 0.216ms
[2025-01-08T02:38:18.451+0000][67][info ][gc,start    ] GC(4) Pause Remark
[2025-01-08T02:38:18.455+0000][67][info ][gc          ] GC(4) Pause Remark 15M->15M(512M) 3.810ms
[2025-01-08T02:38:18.455+0000][67][info ][gc,cpu      ] GC(4) User=0.01s Sys=0.00s Real=0.00s
[2025-01-08T02:38:18.456+0000][67][info ][safepoint   ] Safepoint "G1PauseRemark", Time since last: 7175311 ns, Reaching safepoint: 150456 ns, Cleanup: 5591 ns, At safepoint: 4403907 ns, Total: 4559954 ns
[2025-01-08T02:38:18.456+0000][67][info ][gc,marking  ] GC(4) Concurrent Mark 8.462ms
[2025-01-08T02:38:18.456+0000][67][info ][gc,marking  ] GC(4) Concurrent Rebuild Remembered Sets and Scrub Regions
[2025-01-08T02:38:18.457+0000][67][info ][gc,marking  ] GC(4) Concurrent Rebuild Remembered Sets and Scrub Regions 0.938ms
[2025-01-08T02:38:18.458+0000][67][info ][gc,start    ] GC(4) Pause Cleanup
[2025-01-08T02:38:18.459+0000][67][info ][gc          ] GC(4) Pause Cleanup 15M->15M(512M) 0.424ms
[2025-01-08T02:38:18.459+0000][67][info ][gc,cpu      ] GC(4) User=0.00s Sys=0.00s Real=0.00s
[2025-01-08T02:38:18.459+0000][67][info ][safepoint   ] Safepoint "G1PauseCleanup", Time since last: 2207279 ns, Reaching safepoint: 198681 ns, Cleanup: 4739 ns, At safepoint: 799581 ns, Total: 1003001 ns
[2025-01-08T02:38:18.459+0000][67][info ][gc,marking  ] GC(4) Concurrent Clear Claimed Marks
[2025-01-08T02:38:18.459+0000][67][info ][gc,marking  ] GC(4) Concurrent Clear Claimed Marks 0.238ms
[2025-01-08T02:38:18.459+0000][67][info ][gc,marking  ] GC(4) Concurrent Cleanup for Next Mark
[2025-01-08T02:38:18.461+0000][67][info ][gc,marking  ] GC(4) Concurrent Cleanup for Next Mark 1.385ms
[2025-01-08T02:38:18.461+0000][67][info ][gc          ] GC(4) Concurrent Mark Cycle 17.430ms
[2025-01-08T02:38:19.112+0000][67][info ][safepoint   ] Safepoint "ICBufferFull", Time since last: 652635842 ns, Reaching safepoint: 4639 ns, Cleanup: 182774 ns, At safepoint: 3266 ns, Total: 190679 ns
[2025-01-08T02:38:19.648+0000][67][info ][gc,start    ] GC(5) Pause Young (Prepare Mixed) (G1 Evacuation Pause)
[2025-01-08T02:38:19.648+0000][67][info ][gc,task     ] GC(5) Using 12 workers of 13 for evacuation
[2025-01-08T02:38:19.649+0000][67][debug][gc,age      ] GC(5) Desired survivor size 20971520 bytes, new threshold 15 (max threshold 15)
[2025-01-08T02:38:19.660+0000][67][info ][gc,phases   ] GC(5)   Pre Evacuate Collection Set: 0.3ms
[2025-01-08T02:38:19.660+0000][67][info ][gc,phases   ] GC(5)   Merge Heap Roots: 0.2ms
[2025-01-08T02:38:19.660+0000][67][info ][gc,phases   ] GC(5)   Evacuate Collection Set: 9.1ms
[2025-01-08T02:38:19.660+0000][67][info ][gc,phases   ] GC(5)   Post Evacuate Collection Set: 1.3ms
[2025-01-08T02:38:19.661+0000][67][info ][gc,phases   ] GC(5)   Other: 0.4ms
[2025-01-08T02:38:19.661+0000][67][trace][gc,age      ] GC(5) Age table with threshold 15 (max threshold 15)
[2025-01-08T02:38:19.661+0000][67][trace][gc,age      ] GC(5) - age   1:   10285648 bytes,   10285648 total
[2025-01-08T02:38:19.661+0000][67][trace][gc,age      ] GC(5) - age   2:     929432 bytes,   11215080 total
[2025-01-08T02:38:19.661+0000][67][trace][gc,age      ] GC(5) - age   3:    2507744 bytes,   13722824 total
[2025-01-08T02:38:19.661+0000][67][trace][gc,age      ] GC(5) - age   4:    5129584 bytes,   18852408 total
[2025-01-08T02:38:19.662+0000][67][info ][gc,heap     ] GC(5) Eden regions: 73->0(71)
[2025-01-08T02:38:19.662+0000][67][info ][gc,heap     ] GC(5) Survivor regions: 3->5(10)
[2025-01-08T02:38:19.662+0000][67][info ][gc,heap     ] GC(5) Old regions: 2->2
[2025-01-08T02:38:19.662+0000][67][info ][gc,heap     ] GC(5) Humongous regions: 0->0
[2025-01-08T02:38:19.662+0000][67][info ][gc,metaspace] GC(5) Metaspace: 28982K(29568K)->28982K(29568K) NonClass: 25756K(26112K)->25756K(26112K) Class: 3225K(3456K)->3225K(3456K)
[2025-01-08T02:38:19.663+0000][67][info ][gc          ] GC(5) Pause Young (Prepare Mixed) (G1 Evacuation Pause) 304M->23M(512M) 14.393ms
[2025-01-08T02:38:19.663+0000][67][info ][gc,cpu      ] GC(5) User=0.04s Sys=0.04s Real=0.01s
[2025-01-08T02:38:19.663+0000][67][info ][safepoint   ] Safepoint "G1CollectForAllocation", Time since last: 536244736 ns, Reaching safepoint: 7194 ns, Cleanup: 156483 ns, At safepoint: 14843147 ns, Total: 15006824 ns
[2025-01-08T02:38:20.257+0000][67][info ][gc,start    ] GC(6) Pause Young (Mixed) (G1 Evacuation Pause)
[2025-01-08T02:38:20.258+0000][67][info ][gc,task     ] GC(6) Using 12 workers of 13 for evacuation
[2025-01-08T02:38:20.258+0000][67][debug][gc,age      ] GC(6) Desired survivor size 20971520 bytes, new threshold 15 (max threshold 15)
[2025-01-08T02:38:20.267+0000][67][info ][gc,phases   ] GC(6)   Pre Evacuate Collection Set: 0.3ms
[2025-01-08T02:38:20.268+0000][67][info ][gc,phases   ] GC(6)   Merge Heap Roots: 0.2ms
[2025-01-08T02:38:20.268+0000][67][info ][gc,phases   ] GC(6)   Evacuate Collection Set: 7.3ms
[2025-01-08T02:38:20.268+0000][67][info ][gc,phases   ] GC(6)   Post Evacuate Collection Set: 1.3ms
[2025-01-08T02:38:20.268+0000][67][info ][gc,phases   ] GC(6)   Other: 0.6ms
[2025-01-08T02:38:20.268+0000][67][trace][gc,age      ] GC(6) Age table with threshold 15 (max threshold 15)
[2025-01-08T02:38:20.268+0000][67][trace][gc,age      ] GC(6) - age   1:    4726216 bytes,    4726216 total
[2025-01-08T02:38:20.268+0000][67][trace][gc,age      ] GC(6) - age   2:    7707640 bytes,   12433856 total
[2025-01-08T02:38:20.268+0000][67][trace][gc,age      ] GC(6) - age   3:     928376 bytes,   13362232 total
[2025-01-08T02:38:20.268+0000][67][trace][gc,age      ] GC(6) - age   4:    2507216 bytes,   15869448 total
[2025-01-08T02:38:20.269+0000][67][trace][gc,age      ] GC(6) - age   5:    5129488 bytes,   20998936 total
[2025-01-08T02:38:20.269+0000][67][info ][gc,heap     ] GC(6) Eden regions: 71->0(70)
[2025-01-08T02:38:20.269+0000][67][info ][gc,heap     ] GC(6) Survivor regions: 5->6(10)
[2025-01-08T02:38:20.269+0000][67][info ][gc,heap     ] GC(6) Old regions: 2->1
[2025-01-08T02:38:20.269+0000][67][info ][gc,heap     ] GC(6) Humongous regions: 0->0
[2025-01-08T02:38:20.269+0000][67][info ][gc,metaspace] GC(6) Metaspace: 33594K(34368K)->33594K(34368K) NonClass: 29898K(30336K)->29898K(30336K) Class: 3696K(4032K)->3696K(4032K)
[2025-01-08T02:38:20.270+0000][67][info ][gc          ] GC(6) Pause Young (Mixed) (G1 Evacuation Pause) 307M->25M(512M) 12.639ms
[2025-01-08T02:38:20.270+0000][67][info ][gc,cpu      ] GC(6) User=0.06s Sys=0.02s Real=0.01s
[2025-01-08T02:38:20.270+0000][67][info ][safepoint   ] Safepoint "G1CollectForAllocation", Time since last: 593860987 ns, Reaching safepoint: 5440 ns, Cleanup: 133950 ns, At safepoint: 13022092 ns, Total: 13161482 ns
[2025-01-08T02:38:20.767+0000][67][info ][gc,start    ] GC(7) Pause Young (Concurrent Start) (Metadata GC Threshold)
[2025-01-08T02:38:20.768+0000][67][info ][gc,task     ] GC(7) Using 12 workers of 13 for evacuation
[2025-01-08T02:38:20.768+0000][67][debug][gc,age      ] GC(7) Desired survivor size 20971520 bytes, new threshold 5 (max threshold 15)
[2025-01-08T02:38:20.777+0000][67][info ][gc,phases   ] GC(7)   Pre Evacuate Collection Set: 0.3ms
[2025-01-08T02:38:20.778+0000][67][info ][gc,phases   ] GC(7)   Merge Heap Roots: 0.1ms
[2025-01-08T02:38:20.778+0000][67][info ][gc,phases   ] GC(7)   Evacuate Collection Set: 7.7ms
[2025-01-08T02:38:20.778+0000][67][info ][gc,phases   ] GC(7)   Post Evacuate Collection Set: 1.2ms
[2025-01-08T02:38:20.778+0000][67][info ][gc,phases   ] GC(7)   Other: 0.4ms
[2025-01-08T02:38:20.778+0000][67][trace][gc,age      ] GC(7) Age table with threshold 5 (max threshold 15)
[2025-01-08T02:38:20.779+0000][67][trace][gc,age      ] GC(7) - age   1:    5410032 bytes,    5410032 total
[2025-01-08T02:38:20.779+0000][67][trace][gc,age      ] GC(7) - age   2:    4687232 bytes,   10097264 total
[2025-01-08T02:38:20.779+0000][67][trace][gc,age      ] GC(7) - age   3:    7705584 bytes,   17802848 total
[2025-01-08T02:38:20.779+0000][67][trace][gc,age      ] GC(7) - age   4:     928184 bytes,   18731032 total
[2025-01-08T02:38:20.779+0000][67][trace][gc,age      ] GC(7) - age   5:    2506528 bytes,   21237560 total
[2025-01-08T02:38:20.779+0000][67][info ][gc,heap     ] GC(7) Eden regions: 59->0(70)
[2025-01-08T02:38:20.780+0000][67][info ][gc,heap     ] GC(7) Survivor regions: 6->6(10)
[2025-01-08T02:38:20.780+0000][67][info ][gc,heap     ] GC(7) Old regions: 1->3
[2025-01-08T02:38:20.780+0000][67][info ][gc,heap     ] GC(7) Humongous regions: 0->0
[2025-01-08T02:38:20.780+0000][67][info ][gc,metaspace] GC(7) Metaspace: 35394K(36160K)->35394K(36160K) NonClass: 31431K(31872K)->31431K(31872K) Class: 3963K(4288K)->3963K(4288K)
[2025-01-08T02:38:20.780+0000][67][info ][gc          ] GC(7) Pause Young (Concurrent Start) (Metadata GC Threshold) 259M->30M(512M) 13.015ms
[2025-01-08T02:38:20.781+0000][67][info ][gc,cpu      ] GC(7) User=0.05s Sys=0.02s Real=0.01s
[2025-01-08T02:38:20.781+0000][67][info ][gc          ] GC(8) Concurrent Mark Cycle
[2025-01-08T02:38:20.781+0000][67][info ][gc,marking  ] GC(8) Concurrent Scan Root Regions
[2025-01-08T02:38:20.781+0000][67][info ][safepoint   ] Safepoint "CollectForMetadataAllocation", Time since last: 497186483 ns, Reaching safepoint: 3617 ns, Cleanup: 109532 ns, At safepoint: 13516920 ns, Total: 13630069 ns
[2025-01-08T02:38:20.785+0000][67][info ][gc,marking  ] GC(8) Concurrent Scan Root Regions 4.167ms
[2025-01-08T02:38:20.785+0000][67][info ][gc,marking  ] GC(8) Concurrent Mark
[2025-01-08T02:38:20.786+0000][67][info ][gc,marking  ] GC(8) Concurrent Mark From Roots
[2025-01-08T02:38:20.786+0000][67][info ][gc,task     ] GC(8) Using 3 workers of 3 for marking
[2025-01-08T02:38:20.789+0000][67][info ][gc,marking  ] GC(8) Concurrent Mark From Roots 2.959ms
[2025-01-08T02:38:20.789+0000][67][info ][gc,marking  ] GC(8) Concurrent Preclean
[2025-01-08T02:38:20.789+0000][67][info ][gc,marking  ] GC(8) Concurrent Preclean 0.165ms
[2025-01-08T02:38:20.789+0000][67][info ][gc,start    ] GC(8) Pause Remark
[2025-01-08T02:38:20.793+0000][67][info ][gc          ] GC(8) Pause Remark 33M->33M(512M) 3.348ms
[2025-01-08T02:38:20.793+0000][67][info ][gc,cpu      ] GC(8) User=0.01s Sys=0.00s Real=0.00s
[2025-01-08T02:38:20.793+0000][67][info ][safepoint   ] Safepoint "G1PauseRemark", Time since last: 8357057 ns, Reaching safepoint: 85325 ns, Cleanup: 9318 ns, At safepoint: 3784828 ns, Total: 3879471 ns
[2025-01-08T02:38:20.793+0000][67][info ][gc,marking  ] GC(8) Concurrent Mark 7.931ms
[2025-01-08T02:38:20.793+0000][67][info ][gc,marking  ] GC(8) Concurrent Rebuild Remembered Sets and Scrub Regions
[2025-01-08T02:38:20.796+0000][67][info ][gc,marking  ] GC(8) Concurrent Rebuild Remembered Sets and Scrub Regions 2.193ms
[2025-01-08T02:38:20.796+0000][67][info ][gc,start    ] GC(8) Pause Cleanup
[2025-01-08T02:38:20.797+0000][67][info ][gc          ] GC(8) Pause Cleanup 33M->33M(512M) 0.451ms
[2025-01-08T02:38:20.797+0000][67][info ][gc,cpu      ] GC(8) User=0.00s Sys=0.00s Real=0.00s
[2025-01-08T02:38:20.797+0000][67][info ][safepoint   ] Safepoint "G1PauseCleanup", Time since last: 2901354 ns, Reaching safepoint: 114694 ns, Cleanup: 9489 ns, At safepoint: 773137 ns, Total: 897320 ns
[2025-01-08T02:38:20.797+0000][67][info ][gc,marking  ] GC(8) Concurrent Clear Claimed Marks
[2025-01-08T02:38:20.797+0000][67][info ][gc,marking  ] GC(8) Concurrent Clear Claimed Marks 0.217ms
[2025-01-08T02:38:20.797+0000][67][info ][gc,marking  ] GC(8) Concurrent Cleanup for Next Mark
[2025-01-08T02:38:20.798+0000][67][info ][gc,marking  ] GC(8) Concurrent Cleanup for Next Mark 1.069ms
[2025-01-08T02:38:20.799+0000][67][info ][gc          ] GC(8) Concurrent Mark Cycle 18.098ms
[2025-01-08T02:38:21.166+0000][67][info ][gc,start    ] GC(9) Pause Young (Normal) (G1 Evacuation Pause)
[2025-01-08T02:38:21.166+0000][67][info ][gc,task     ] GC(9) Using 12 workers of 13 for evacuation
[2025-01-08T02:38:21.166+0000][67][debug][gc,age      ] GC(9) Desired survivor size 20971520 bytes, new threshold 5 (max threshold 15)
[2025-01-08T02:38:21.174+0000][67][info ][gc,phases   ] GC(9)   Pre Evacuate Collection Set: 0.2ms
[2025-01-08T02:38:21.174+0000][67][info ][gc,phases   ] GC(9)   Merge Heap Roots: 0.1ms
[2025-01-08T02:38:21.174+0000][67][info ][gc,phases   ] GC(9)   Evacuate Collection Set: 6.1ms
[2025-01-08T02:38:21.174+0000][67][info ][gc,phases   ] GC(9)   Post Evacuate Collection Set: 0.9ms
[2025-01-08T02:38:21.174+0000][67][info ][gc,phases   ] GC(9)   Other: 0.3ms
[2025-01-08T02:38:21.175+0000][67][trace][gc,age      ] GC(9) Age table with threshold 5 (max threshold 15)
[2025-01-08T02:38:21.175+0000][67][trace][gc,age      ] GC(9) - age   1:    3820064 bytes,    3820064 total
[2025-01-08T02:38:21.175+0000][67][trace][gc,age      ] GC(9) - age   2:    5342712 bytes,    9162776 total
[2025-01-08T02:38:21.175+0000][67][trace][gc,age      ] GC(9) - age   3:    4686776 bytes,   13849552 total
[2025-01-08T02:38:21.175+0000][67][trace][gc,age      ] GC(9) - age   4:    7703360 bytes,   21552912 total
[2025-01-08T02:38:21.175+0000][67][trace][gc,age      ] GC(9) - age   5:     927960 bytes,   22480872 total
[2025-01-08T02:38:21.175+0000][67][info ][gc,heap     ] GC(9) Eden regions: 70->0(70)
[2025-01-08T02:38:21.175+0000][67][info ][gc,heap     ] GC(9) Survivor regions: 6->6(10)
[2025-01-08T02:38:21.176+0000][67][info ][gc,heap     ] GC(9) Old regions: 3->3
[2025-01-08T02:38:21.176+0000][67][info ][gc,heap     ] GC(9) Humongous regions: 0->0
[2025-01-08T02:38:21.176+0000][67][info ][gc,metaspace] GC(9) Metaspace: 37155K(38016K)->37155K(38016K) NonClass: 32965K(33472K)->32965K(33472K) Class: 4190K(4544K)->4190K(4544K)
[2025-01-08T02:38:21.176+0000][67][info ][gc          ] GC(9) Pause Young (Normal) (G1 Evacuation Pause) 310M->34M(512M) 10.270ms
[2025-01-08T02:38:21.176+0000][67][info ][gc,cpu      ] GC(9) User=0.06s Sys=0.01s Real=0.01s
[2025-01-08T02:38:21.176+0000][67][info ][safepoint   ] Safepoint "G1CollectForAllocation", Time since last: 368885576 ns, Reaching safepoint: 7124 ns, Cleanup: 89935 ns, At safepoint: 10591500 ns, Total: 10688559 ns
[2025-01-08T02:38:21.559+0000][67][info ][gc,heap,exit] Heap
[2025-01-08T02:38:21.559+0000][67][info ][gc,heap,exit]  garbage-first heap   total 524288K, used 228170K [0x00000000e0000000, 0x0000000100000000)
[2025-01-08T02:38:21.559+0000][67][info ][gc,heap,exit]   region size 4096K, 53 young (217088K), 6 survivors (24576K)
[2025-01-08T02:38:21.560+0000][67][info ][gc,heap,exit]  Metaspace       used 38976K, committed 39936K, reserved 1114112K
[2025-01-08T02:38:21.560+0000][67][info ][gc,heap,exit]   class space    used 4416K, committed 4800K, reserved 1048576K
