[2025-01-08T02:38:25.349+0000][74][info][gc,init] CardTable entry size: 512
[2025-01-08T02:38:25.350+0000][74][info][gc     ] Using G1
[2025-01-08T02:38:25.440+0000][74][info][gc,init] Version: 21.0.1+12-29 (release)
[2025-01-08T02:38:25.441+0000][74][info][gc,init] CPUs: 16 total, 16 available
[2025-01-08T02:38:25.441+0000][74][info][gc,init] Memory: 7640M
[2025-01-08T02:38:25.441+0000][74][info][gc,init] Large Page Support: Disabled
[2025-01-08T02:38:25.441+0000][74][info][gc,init] NUMA Support: Disabled
[2025-01-08T02:38:25.441+0000][74][info][gc,init] Compressed Oops: Enabled (32-bit)
[2025-01-08T02:38:25.442+0000][74][info][gc,init] Heap Region Size: 4M
[2025-01-08T02:38:25.442+0000][74][info][gc,init] Heap Min Capacity: 512M
[2025-01-08T02:38:25.442+0000][74][info][gc,init] Heap Initial Capacity: 512M
[2025-01-08T02:38:25.442+0000][74][info][gc,init] Heap Max Capacity: 512M
[2025-01-08T02:38:25.442+0000][74][info][gc,init] Pre-touch: Enabled
[2025-01-08T02:38:25.442+0000][74][info][gc,init] Parallel Workers: 13
[2025-01-08T02:38:25.442+0000][74][info][gc,init] Concurrent Workers: 3
[2025-01-08T02:38:25.443+0000][74][info][gc,init] Concurrent Refinement Workers: 13
[2025-01-08T02:38:25.443+0000][74][info][gc,init] Periodic GC: Disabled
[2025-01-08T02:38:25.453+0000][74][info][gc,metaspace] CDS archive(s) mapped at: [0x00007f320b000000-0x00007f320bca5000-0x00007f320bca5000), size 13258752, SharedBaseAddress: 0x00007f320b000000, ArchiveRelocationMode: 1.
[2025-01-08T02:38:25.454+0000][74][info][gc,metaspace] Compressed class space mapped at: 0x00007f320c000000-0x00007f324c000000, reserved size: 1073741824
[2025-01-08T02:38:25.454+0000][74][info][gc,metaspace] Narrow klass base: 0x00007f320b000000, Narrow klass shift: 0, Narrow klass range: 0x100000000
[2025-01-08T02:38:25.620+0000][74][info][gc,start    ] GC(0) Pause Young (Normal) (G1 Evacuation Pause)
[2025-01-08T02:38:25.621+0000][74][info][gc,task     ] GC(0) Using 12 workers of 13 for evacuation
[2025-01-08T02:38:25.621+0000][74][debug][gc,age      ] GC(0) Desired survivor size 2097152 bytes, new threshold 15 (max threshold 15)
[2025-01-08T02:38:25.623+0000][74][info ][gc,phases   ] GC(0)   Pre Evacuate Collection Set: 0.3ms
[2025-01-08T02:38:25.623+0000][74][info ][gc,phases   ] GC(0)   Merge Heap Roots: 0.2ms
[2025-01-08T02:38:25.623+0000][74][info ][gc,phases   ] GC(0)   Evacuate Collection Set: 0.9ms
[2025-01-08T02:38:25.623+0000][74][info ][gc,phases   ] GC(0)   Post Evacuate Collection Set: 0.4ms
[2025-01-08T02:38:25.623+0000][74][info ][gc,phases   ] GC(0)   Other: 0.4ms
[2025-01-08T02:38:25.623+0000][74][trace][gc,age      ] GC(0) Age table with threshold 15 (max threshold 15)
[2025-01-08T02:38:25.623+0000][74][trace][gc,age      ] GC(0) - age   1:    2236184 bytes,    2236184 total
[2025-01-08T02:38:25.624+0000][74][info ][gc,heap     ] GC(0) Eden regions: 6->0(20)
[2025-01-08T02:38:25.624+0000][74][info ][gc,heap     ] GC(0) Survivor regions: 0->1(1)
[2025-01-08T02:38:25.624+0000][74][info ][gc,heap     ] GC(0) Old regions: 1->1
[2025-01-08T02:38:25.624+0000][74][info ][gc,heap     ] GC(0) Humongous regions: 0->0
[2025-01-08T02:38:25.624+0000][74][info ][gc,metaspace] GC(0) Metaspace: 1174K(1408K)->1174K(1408K) NonClass: 1092K(1216K)->1092K(1216K) Class: 82K(192K)->82K(192K)
[2025-01-08T02:38:25.624+0000][74][info ][gc          ] GC(0) Pause Young (Normal) (G1 Evacuation Pause) 25M->3M(512M) 4.024ms
[2025-01-08T02:38:25.624+0000][74][info ][gc,cpu      ] GC(0) User=0.01s Sys=0.01s Real=0.00s
[2025-01-08T02:38:25.624+0000][74][info ][safepoint   ] Safepoint "G1CollectForAllocation", Time since last: 161077634 ns, Reaching safepoint: 109761 ns, Cleanup: 97219 ns, At safepoint: 4312662 ns, Total: 4519642 ns
[2025-01-08T02:38:25.846+0000][74][info ][safepoint   ] Safepoint "ICBufferFull", Time since last: 221733936 ns, Reaching safepoint: 3838 ns, Cleanup: 120764 ns, At safepoint: 2385 ns, Total: 126987 ns
[2025-01-08T02:38:26.061+0000][74][info ][safepoint   ] Safepoint "ICBufferFull", Time since last: 214110507 ns, Reaching safepoint: 91533 ns, Cleanup: 117788 ns, At safepoint: 16392 ns, Total: 225713 ns
[2025-01-08T02:38:26.401+0000][74][info ][safepoint   ] Safepoint "ICBufferFull", Time since last: 340282302 ns, Reaching safepoint: 114165 ns, Cleanup: 116065 ns, At safepoint: 26631 ns, Total: 256861 ns
[2025-01-08T02:38:26.679+0000][74][info ][safepoint   ] Safepoint "ICBufferFull", Time since last: 277161204 ns, Reaching safepoint: 98325 ns, Cleanup: 135713 ns, At safepoint: 15610 ns, Total: 249648 ns
[2025-01-08T02:38:26.689+0000][74][info ][gc,start    ] GC(1) Pause Young (Normal) (G1 Evacuation Pause)
[2025-01-08T02:38:26.689+0000][74][info ][gc,task     ] GC(1) Using 12 workers of 13 for evacuation
[2025-01-08T02:38:26.689+0000][74][debug][gc,age      ] GC(1) Desired survivor size 6291456 bytes, new threshold 15 (max threshold 15)
[2025-01-08T02:38:26.694+0000][74][info ][gc,phases   ] GC(1)   Pre Evacuate Collection Set: 0.3ms
[2025-01-08T02:38:26.694+0000][74][info ][gc,phases   ] GC(1)   Merge Heap Roots: 0.2ms
[2025-01-08T02:38:26.694+0000][74][info ][gc,phases   ] GC(1)   Evacuate Collection Set: 2.7ms
[2025-01-08T02:38:26.694+0000][74][info ][gc,phases   ] GC(1)   Post Evacuate Collection Set: 1.3ms
[2025-01-08T02:38:26.694+0000][74][info ][gc,phases   ] GC(1)   Other: 0.4ms
[2025-01-08T02:38:26.694+0000][74][trace][gc,age      ] GC(1) Age table with threshold 15 (max threshold 15)
[2025-01-08T02:38:26.694+0000][74][trace][gc,age      ] GC(1) - age   1:    6557784 bytes,    6557784 total
[2025-01-08T02:38:26.695+0000][74][trace][gc,age      ] GC(1) - age   2:    2212896 bytes,    8770680 total
[2025-01-08T02:38:26.695+0000][74][info ][gc,heap     ] GC(1) Eden regions: 20->0(24)
[2025-01-08T02:38:26.695+0000][74][info ][gc,heap     ] GC(1) Survivor regions: 1->3(3)
[2025-01-08T02:38:26.695+0000][74][info ][gc,heap     ] GC(1) Old regions: 1->1
[2025-01-08T02:38:26.695+0000][74][info ][gc,heap     ] GC(1) Humongous regions: 0->0
[2025-01-08T02:38:26.695+0000][74][info ][gc,metaspace] GC(1) Metaspace: 18314K(18880K)->18314K(18880K) NonClass: 16339K(16640K)->16339K(16640K) Class: 1974K(2240K)->1974K(2240K)
[2025-01-08T02:38:26.695+0000][74][info ][gc          ] GC(1) Pause Young (Normal) (G1 Evacuation Pause) 83M->9M(512M) 6.409ms
[2025-01-08T02:38:26.695+0000][74][info ][gc,cpu      ] GC(1) User=0.02s Sys=0.01s Real=0.00s
[2025-01-08T02:38:26.695+0000][74][info ][safepoint   ] Safepoint "G1CollectForAllocation", Time since last: 10079279 ns, Reaching safepoint: 2475 ns, Cleanup: 6582 ns, At safepoint: 6636187 ns, Total: 6645244 ns
[2025-01-08T02:38:27.088+0000][74][info ][safepoint   ] Safepoint "ICBufferFull", Time since last: 392727195 ns, Reaching safepoint: 5882 ns, Cleanup: 159038 ns, At safepoint: 3447 ns, Total: 168367 ns
[2025-01-08T02:38:27.125+0000][74][info ][gc,start    ] GC(2) Pause Young (Normal) (G1 Evacuation Pause)
[2025-01-08T02:38:27.125+0000][74][info ][gc,task     ] GC(2) Using 12 workers of 13 for evacuation
[2025-01-08T02:38:27.125+0000][74][debug][gc,age      ] GC(2) Desired survivor size 8388608 bytes, new threshold 2 (max threshold 15)
[2025-01-08T02:38:27.131+0000][74][info ][gc,phases   ] GC(2)   Pre Evacuate Collection Set: 0.2ms
[2025-01-08T02:38:27.132+0000][74][info ][gc,phases   ] GC(2)   Merge Heap Roots: 0.1ms
[2025-01-08T02:38:27.132+0000][74][info ][gc,phases   ] GC(2)   Evacuate Collection Set: 4.1ms
[2025-01-08T02:38:27.132+0000][74][info ][gc,phases   ] GC(2)   Post Evacuate Collection Set: 1.2ms
[2025-01-08T02:38:27.132+0000][74][info ][gc,phases   ] GC(2)   Other: 0.4ms
[2025-01-08T02:38:27.132+0000][74][trace][gc,age      ] GC(2) Age table with threshold 2 (max threshold 15)
[2025-01-08T02:38:27.132+0000][74][trace][gc,age      ] GC(2) - age   1:    1464368 bytes,    1464368 total
[2025-01-08T02:38:27.133+0000][74][trace][gc,age      ] GC(2) - age   2:    5646728 bytes,    7111096 total
[2025-01-08T02:38:27.133+0000][74][info ][gc,heap     ] GC(2) Eden regions: 24->0(74)
[2025-01-08T02:38:27.133+0000][74][info ][gc,heap     ] GC(2) Survivor regions: 3->2(4)
[2025-01-08T02:38:27.133+0000][74][info ][gc,heap     ] GC(2) Old regions: 1->2
[2025-01-08T02:38:27.133+0000][74][info ][gc,heap     ] GC(2) Humongous regions: 0->0
[2025-01-08T02:38:27.133+0000][74][info ][gc,metaspace] GC(2) Metaspace: 20171K(20672K)->20171K(20672K) NonClass: 17998K(18304K)->17998K(18304K) Class: 2173K(2368K)->2173K(2368K)
[2025-01-08T02:38:27.134+0000][74][info ][gc          ] GC(2) Pause Young (Normal) (G1 Evacuation Pause) 105M->10M(512M) 8.652ms
[2025-01-08T02:38:27.134+0000][74][info ][gc,cpu      ] GC(2) User=0.04s Sys=0.01s Real=0.01s
[2025-01-08T02:38:27.134+0000][74][info ][safepoint   ] Safepoint "G1CollectForAllocation", Time since last: 36690202 ns, Reaching safepoint: 4830 ns, Cleanup: 11251 ns, At safepoint: 9002373 ns, Total: 9018454 ns
[2025-01-08T02:38:27.303+0000][74][info ][gc,start    ] GC(3) Pause Young (Concurrent Start) (Metadata GC Threshold)
[2025-01-08T02:38:27.303+0000][74][info ][gc,task     ] GC(3) Using 12 workers of 13 for evacuation
[2025-01-08T02:38:27.303+0000][74][debug][gc,age      ] GC(3) Desired survivor size 20971520 bytes, new threshold 15 (max threshold 15)
[2025-01-08T02:38:27.308+0000][74][info ][gc,phases   ] GC(3)   Pre Evacuate Collection Set: 0.3ms
[2025-01-08T02:38:27.309+0000][74][info ][gc,phases   ] GC(3)   Merge Heap Roots: 0.1ms
[2025-01-08T02:38:27.309+0000][74][info ][gc,phases   ] GC(3)   Evacuate Collection Set: 3.2ms
[2025-01-08T02:38:27.309+0000][74][info ][gc,phases   ] GC(3)   Post Evacuate Collection Set: 1.1ms
[2025-01-08T02:38:27.309+0000][74][info ][gc,phases   ] GC(3)   Other: 0.5ms
[2025-01-08T02:38:27.309+0000][74][trace][gc,age      ] GC(3) Age table with threshold 15 (max threshold 15)
[2025-01-08T02:38:27.310+0000][74][trace][gc,age      ] GC(3) - age   1:    1948664 bytes,    1948664 total
[2025-01-08T02:38:27.310+0000][74][trace][gc,age      ] GC(3) - age   2:    1379352 bytes,    3328016 total
[2025-01-08T02:38:27.310+0000][74][trace][gc,age      ] GC(3) - age   3:    5643592 bytes,    8971608 total
[2025-01-08T02:38:27.310+0000][74][info ][gc,heap     ] GC(3) Eden regions: 20->0(73)
[2025-01-08T02:38:27.310+0000][74][info ][gc,heap     ] GC(3) Survivor regions: 2->3(10)
[2025-01-08T02:38:27.310+0000][74][info ][gc,heap     ] GC(3) Old regions: 2->2
[2025-01-08T02:38:27.310+0000][74][info ][gc,heap     ] GC(3) Humongous regions: 0->0
[2025-01-08T02:38:27.311+0000][74][info ][gc,metaspace] GC(3) Metaspace: 20952K(21504K)->20952K(21504K) NonClass: 18711K(19072K)->18711K(19072K) Class: 2241K(2432K)->2241K(2432K)
[2025-01-08T02:38:27.311+0000][74][info ][gc          ] GC(3) Pause Young (Concurrent Start) (Metadata GC Threshold) 90M->12M(512M) 7.812ms
[2025-01-08T02:38:27.311+0000][74][info ][gc,cpu      ] GC(3) User=0.05s Sys=0.00s Real=0.01s
[2025-01-08T02:38:27.311+0000][74][info ][gc          ] GC(4) Concurrent Mark Cycle
[2025-01-08T02:38:27.311+0000][74][info ][gc,marking  ] GC(4) Concurrent Scan Root Regions
[2025-01-08T02:38:27.311+0000][74][info ][safepoint   ] Safepoint "CollectForMetadataAllocation", Time since last: 168838484 ns, Reaching safepoint: 3447 ns, Cleanup: 92299 ns, At safepoint: 8246430 ns, Total: 8342176 ns
[2025-01-08T02:38:27.314+0000][74][info ][gc,marking  ] GC(4) Concurrent Scan Root Regions 2.703ms
[2025-01-08T02:38:27.314+0000][74][info ][gc,marking  ] GC(4) Concurrent Mark
[2025-01-08T02:38:27.314+0000][74][info ][gc,marking  ] GC(4) Concurrent Mark From Roots
[2025-01-08T02:38:27.315+0000][74][info ][gc,task     ] GC(4) Using 3 workers of 3 for marking
[2025-01-08T02:38:27.317+0000][74][info ][gc,marking  ] GC(4) Concurrent Mark From Roots 2.519ms
[2025-01-08T02:38:27.317+0000][74][info ][gc,marking  ] GC(4) Concurrent Preclean
[2025-01-08T02:38:27.317+0000][74][info ][gc,marking  ] GC(4) Concurrent Preclean 0.186ms
[2025-01-08T02:38:27.318+0000][74][info ][gc,start    ] GC(4) Pause Remark
[2025-01-08T02:38:27.321+0000][74][info ][gc          ] GC(4) Pause Remark 15M->15M(512M) 2.451ms
[2025-01-08T02:38:27.321+0000][74][info ][gc,cpu      ] GC(4) User=0.01s Sys=0.00s Real=0.00s
[2025-01-08T02:38:27.321+0000][74][info ][safepoint   ] Safepoint "G1PauseRemark", Time since last: 6438470 ns, Reaching safepoint: 537684 ns, Cleanup: 4980 ns, At safepoint: 2829719 ns, Total: 3372383 ns
[2025-01-08T02:38:27.321+0000][74][info ][gc,marking  ] GC(4) Concurrent Mark 6.951ms
[2025-01-08T02:38:27.321+0000][74][info ][gc,marking  ] GC(4) Concurrent Rebuild Remembered Sets and Scrub Regions
[2025-01-08T02:38:27.322+0000][74][info ][gc,marking  ] GC(4) Concurrent Rebuild Remembered Sets and Scrub Regions 0.875ms
[2025-01-08T02:38:27.322+0000][74][info ][gc,start    ] GC(4) Pause Cleanup
[2025-01-08T02:38:27.323+0000][74][info ][gc          ] GC(4) Pause Cleanup 15M->15M(512M) 0.353ms
[2025-01-08T02:38:27.323+0000][74][info ][gc,cpu      ] GC(4) User=0.00s Sys=0.00s Real=0.00s
[2025-01-08T02:38:27.323+0000][74][info ][safepoint   ] Safepoint "G1PauseCleanup", Time since last: 1513296 ns, Reaching safepoint: 68291 ns, Cleanup: 3156 ns, At safepoint: 731220 ns, Total: 802667 ns
[2025-01-08T02:38:27.323+0000][74][info ][gc,marking  ] GC(4) Concurrent Clear Claimed Marks
[2025-01-08T02:38:27.324+0000][74][info ][gc,marking  ] GC(4) Concurrent Clear Claimed Marks 0.201ms
[2025-01-08T02:38:27.324+0000][74][info ][gc,marking  ] GC(4) Concurrent Cleanup for Next Mark
[2025-01-08T02:38:27.325+0000][74][info ][gc,marking  ] GC(4) Concurrent Cleanup for Next Mark 1.028ms
[2025-01-08T02:38:27.325+0000][74][info ][gc          ] GC(4) Concurrent Mark Cycle 14.183ms
[2025-01-08T02:38:27.854+0000][74][info ][safepoint   ] Safepoint "ICBufferFull", Time since last: 530937323 ns, Reaching safepoint: 6863 ns, Cleanup: 154891 ns, At safepoint: 18826 ns, Total: 180580 ns
[2025-01-08T02:38:28.250+0000][74][info ][gc,start    ] GC(5) Pause Young (Prepare Mixed) (G1 Evacuation Pause)
[2025-01-08T02:38:28.250+0000][74][info ][gc,task     ] GC(5) Using 12 workers of 13 for evacuation
[2025-01-08T02:38:28.250+0000][74][debug][gc,age      ] GC(5) Desired survivor size 20971520 bytes, new threshold 15 (max threshold 15)
[2025-01-08T02:38:28.257+0000][74][info ][gc,phases   ] GC(5)   Pre Evacuate Collection Set: 0.2ms
[2025-01-08T02:38:28.257+0000][74][info ][gc,phases   ] GC(5)   Merge Heap Roots: 0.1ms
[2025-01-08T02:38:28.258+0000][74][info ][gc,phases   ] GC(5)   Evacuate Collection Set: 5.4ms
[2025-01-08T02:38:28.258+0000][74][info ][gc,phases   ] GC(5)   Post Evacuate Collection Set: 0.9ms
[2025-01-08T02:38:28.258+0000][74][info ][gc,phases   ] GC(5)   Other: 0.3ms
[2025-01-08T02:38:28.258+0000][74][trace][gc,age      ] GC(5) Age table with threshold 15 (max threshold 15)
[2025-01-08T02:38:28.258+0000][74][trace][gc,age      ] GC(5) - age   1:    9754352 bytes,    9754352 total
[2025-01-08T02:38:28.258+0000][74][trace][gc,age      ] GC(5) - age   2:    1926272 bytes,   11680624 total
[2025-01-08T02:38:28.258+0000][74][trace][gc,age      ] GC(5) - age   3:    1374696 bytes,   13055320 total
[2025-01-08T02:38:28.258+0000][74][trace][gc,age      ] GC(5) - age   4:    5640120 bytes,   18695440 total
[2025-01-08T02:38:28.259+0000][74][info ][gc,heap     ] GC(5) Eden regions: 73->0(71)
[2025-01-08T02:38:28.259+0000][74][info ][gc,heap     ] GC(5) Survivor regions: 3->5(10)
[2025-01-08T02:38:28.259+0000][74][info ][gc,heap     ] GC(5) Old regions: 2->2
[2025-01-08T02:38:28.259+0000][74][info ][gc,heap     ] GC(5) Humongous regions: 0->0
[2025-01-08T02:38:28.259+0000][74][info ][gc,metaspace] GC(5) Metaspace: 29013K(29632K)->29013K(29632K) NonClass: 25789K(26176K)->25789K(26176K) Class: 3223K(3456K)->3223K(3456K)
[2025-01-08T02:38:28.259+0000][74][info ][gc          ] GC(5) Pause Young (Prepare Mixed) (G1 Evacuation Pause) 304M->22M(512M) 9.157ms
[2025-01-08T02:38:28.259+0000][74][info ][gc,cpu      ] GC(5) User=0.04s Sys=0.02s Real=0.01s
[2025-01-08T02:38:28.259+0000][74][info ][safepoint   ] Safepoint "G1CollectForAllocation", Time since last: 395462659 ns, Reaching safepoint: 94568 ns, Cleanup: 98251 ns, At safepoint: 9432403 ns, Total: 9625222 ns
[2025-01-08T02:38:28.728+0000][74][info ][gc,start    ] GC(6) Pause Young (Mixed) (G1 Evacuation Pause)
[2025-01-08T02:38:28.728+0000][74][info ][gc,task     ] GC(6) Using 12 workers of 13 for evacuation
[2025-01-08T02:38:28.728+0000][74][debug][gc,age      ] GC(6) Desired survivor size 20971520 bytes, new threshold 15 (max threshold 15)
[2025-01-08T02:38:28.736+0000][74][info ][gc,phases   ] GC(6)   Pre Evacuate Collection Set: 0.4ms
[2025-01-08T02:38:28.736+0000][74][info ][gc,phases   ] GC(6)   Merge Heap Roots: 0.2ms
[2025-01-08T02:38:28.737+0000][74][info ][gc,phases   ] GC(6)   Evacuate Collection Set: 6.0ms
[2025-01-08T02:38:28.737+0000][74][info ][gc,phases   ] GC(6)   Post Evacuate Collection Set: 1.1ms
[2025-01-08T02:38:28.737+0000][74][info ][gc,phases   ] GC(6)   Other: 0.5ms
[2025-01-08T02:38:28.737+0000][74][trace][gc,age      ] GC(6) Age table with threshold 15 (max threshold 15)
[2025-01-08T02:38:28.737+0000][74][trace][gc,age      ] GC(6) - age   1:    4682704 bytes,    4682704 total
[2025-01-08T02:38:28.737+0000][74][trace][gc,age      ] GC(6) - age   2:    7699696 bytes,   12382400 total
[2025-01-08T02:38:28.737+0000][74][trace][gc,age      ] GC(6) - age   3:    1924656 bytes,   14307056 total
[2025-01-08T02:38:28.737+0000][74][trace][gc,age      ] GC(6) - age   4:    1374696 bytes,   15681752 total
[2025-01-08T02:38:28.737+0000][74][trace][gc,age      ] GC(6) - age   5:    5640024 bytes,   21321776 total
[2025-01-08T02:38:28.738+0000][74][info ][gc,heap     ] GC(6) Eden regions: 71->0(70)
[2025-01-08T02:38:28.738+0000][74][info ][gc,heap     ] GC(6) Survivor regions: 5->6(10)
[2025-01-08T02:38:28.738+0000][74][info ][gc,heap     ] GC(6) Old regions: 2->1
[2025-01-08T02:38:28.738+0000][74][info ][gc,heap     ] GC(6) Humongous regions: 0->0
[2025-01-08T02:38:28.738+0000][74][info ][gc,metaspace] GC(6) Metaspace: 33081K(33856K)->33081K(33856K) NonClass: 29456K(29952K)->29456K(29952K) Class: 3625K(3904K)->3625K(3904K)
[2025-01-08T02:38:28.738+0000][74][info ][gc          ] GC(6) Pause Young (Mixed) (G1 Evacuation Pause) 306M->25M(512M) 10.484ms
[2025-01-08T02:38:28.738+0000][74][info ][gc,cpu      ] GC(6) User=0.06s Sys=0.01s Real=0.01s
[2025-01-08T02:38:28.738+0000][74][info ][safepoint   ] Safepoint "G1CollectForAllocation", Time since last: 468057260 ns, Reaching safepoint: 4148 ns, Cleanup: 98611 ns, At safepoint: 10737274 ns, Total: 10840033 ns
[2025-01-08T02:38:29.136+0000][74][info ][gc,start    ] GC(7) Pause Young (Concurrent Start) (Metadata GC Threshold)
[2025-01-08T02:38:29.137+0000][74][info ][gc,task     ] GC(7) Using 12 workers of 13 for evacuation
[2025-01-08T02:38:29.137+0000][74][debug][gc,age      ] GC(7) Desired survivor size 20971520 bytes, new threshold 5 (max threshold 15)
[2025-01-08T02:38:29.144+0000][74][info ][gc,phases   ] GC(7)   Pre Evacuate Collection Set: 0.3ms
[2025-01-08T02:38:29.145+0000][74][info ][gc,phases   ] GC(7)   Merge Heap Roots: 0.1ms
[2025-01-08T02:38:29.145+0000][74][info ][gc,phases   ] GC(7)   Evacuate Collection Set: 6.3ms
[2025-01-08T02:38:29.145+0000][74][info ][gc,phases   ] GC(7)   Post Evacuate Collection Set: 0.7ms
[2025-01-08T02:38:29.145+0000][74][info ][gc,phases   ] GC(7)   Other: 0.4ms
[2025-01-08T02:38:29.145+0000][74][trace][gc,age      ] GC(7) Age table with threshold 5 (max threshold 15)
[2025-01-08T02:38:29.145+0000][74][trace][gc,age      ] GC(7) - age   1:    5380880 bytes,    5380880 total
[2025-01-08T02:38:29.145+0000][74][trace][gc,age      ] GC(7) - age   2:    4666744 bytes,   10047624 total
[2025-01-08T02:38:29.146+0000][74][trace][gc,age      ] GC(7) - age   3:    7697768 bytes,   17745392 total
[2025-01-08T02:38:29.146+0000][74][trace][gc,age      ] GC(7) - age   4:    1924272 bytes,   19669664 total
[2025-01-08T02:38:29.146+0000][74][trace][gc,age      ] GC(7) - age   5:    1374264 bytes,   21043928 total
[2025-01-08T02:38:29.146+0000][74][info ][gc,heap     ] GC(7) Eden regions: 60->0(70)
[2025-01-08T02:38:29.146+0000][74][info ][gc,heap     ] GC(7) Survivor regions: 6->6(10)
[2025-01-08T02:38:29.146+0000][74][info ][gc,heap     ] GC(7) Old regions: 1->3
[2025-01-08T02:38:29.146+0000][74][info ][gc,heap     ] GC(7) Humongous regions: 0->0
[2025-01-08T02:38:29.146+0000][74][info ][gc,metaspace] GC(7) Metaspace: 35460K(36288K)->35460K(36288K) NonClass: 31494K(32000K)->31494K(32000K) Class: 3965K(4288K)->3965K(4288K)
[2025-01-08T02:38:29.147+0000][74][info ][gc          ] GC(7) Pause Young (Concurrent Start) (Metadata GC Threshold) 265M->31M(512M) 10.295ms
[2025-01-08T02:38:29.147+0000][74][info ][gc,cpu      ] GC(7) User=0.05s Sys=0.01s Real=0.01s
[2025-01-08T02:38:29.147+0000][74][info ][gc          ] GC(8) Concurrent Mark Cycle
[2025-01-08T02:38:29.147+0000][74][info ][gc,marking  ] GC(8) Concurrent Scan Root Regions
[2025-01-08T02:38:29.147+0000][74][info ][safepoint   ] Safepoint "CollectForMetadataAllocation", Time since last: 397903137 ns, Reaching safepoint: 3106 ns, Cleanup: 95215 ns, At safepoint: 10728251 ns, Total: 10826572 ns
[2025-01-08T02:38:29.150+0000][74][info ][gc,marking  ] GC(8) Concurrent Scan Root Regions 2.936ms
[2025-01-08T02:38:29.150+0000][74][info ][gc,marking  ] GC(8) Concurrent Mark
[2025-01-08T02:38:29.150+0000][74][info ][gc,marking  ] GC(8) Concurrent Mark From Roots
[2025-01-08T02:38:29.150+0000][74][info ][gc,task     ] GC(8) Using 3 workers of 3 for marking
[2025-01-08T02:38:29.153+0000][74][info ][gc,marking  ] GC(8) Concurrent Mark From Roots 2.457ms
[2025-01-08T02:38:29.153+0000][74][info ][gc,marking  ] GC(8) Concurrent Preclean
[2025-01-08T02:38:29.153+0000][74][info ][gc,marking  ] GC(8) Concurrent Preclean 0.118ms
[2025-01-08T02:38:29.153+0000][74][info ][gc,start    ] GC(8) Pause Remark
[2025-01-08T02:38:29.156+0000][74][info ][gc          ] GC(8) Pause Remark 33M->33M(512M) 3.021ms
[2025-01-08T02:38:29.157+0000][74][info ][gc,cpu      ] GC(8) User=0.01s Sys=0.00s Real=0.01s
[2025-01-08T02:38:29.157+0000][74][info ][safepoint   ] Safepoint "G1PauseRemark", Time since last: 6164828 ns, Reaching safepoint: 79224 ns, Cleanup: 6493 ns, At safepoint: 3423230 ns, Total: 3508947 ns
[2025-01-08T02:38:29.157+0000][74][info ][gc,marking  ] GC(8) Concurrent Mark 6.648ms
[2025-01-08T02:38:29.157+0000][74][info ][gc,marking  ] GC(8) Concurrent Rebuild Remembered Sets and Scrub Regions
[2025-01-08T02:38:29.159+0000][74][info ][gc,marking  ] GC(8) Concurrent Rebuild Remembered Sets and Scrub Regions 1.550ms
[2025-01-08T02:38:29.159+0000][74][info ][gc,start    ] GC(8) Pause Cleanup
[2025-01-08T02:38:29.159+0000][74][info ][gc          ] GC(8) Pause Cleanup 33M->33M(512M) 0.253ms
[2025-01-08T02:38:29.159+0000][74][info ][gc,cpu      ] GC(8) User=0.00s Sys=0.00s Real=0.00s
[2025-01-08T02:38:29.159+0000][74][info ][safepoint   ] Safepoint "G1PauseCleanup", Time since last: 2029196 ns, Reaching safepoint: 85017 ns, Cleanup: 11081 ns, At safepoint: 581527 ns, Total: 677625 ns
[2025-01-08T02:38:29.160+0000][74][info ][gc,marking  ] GC(8) Concurrent Clear Claimed Marks
[2025-01-08T02:38:29.160+0000][74][info ][gc,marking  ] GC(8) Concurrent Clear Claimed Marks 0.223ms
[2025-01-08T02:38:29.160+0000][74][info ][gc,marking  ] GC(8) Concurrent Cleanup for Next Mark
[2025-01-08T02:38:29.161+0000][74][info ][gc,marking  ] GC(8) Concurrent Cleanup for Next Mark 0.953ms
[2025-01-08T02:38:29.161+0000][74][info ][gc          ] GC(8) Concurrent Mark Cycle 14.363ms
[2025-01-08T02:38:29.468+0000][74][info ][gc,start    ] GC(9) Pause Young (Normal) (G1 Evacuation Pause)
[2025-01-08T02:38:29.468+0000][74][info ][gc,task     ] GC(9) Using 12 workers of 13 for evacuation
[2025-01-08T02:38:29.469+0000][74][debug][gc,age      ] GC(9) Desired survivor size 20971520 bytes, new threshold 5 (max threshold 15)
[2025-01-08T02:38:29.475+0000][74][info ][gc,phases   ] GC(9)   Pre Evacuate Collection Set: 0.3ms
[2025-01-08T02:38:29.476+0000][74][info ][gc,phases   ] GC(9)   Merge Heap Roots: 0.2ms
[2025-01-08T02:38:29.476+0000][74][info ][gc,phases   ] GC(9)   Evacuate Collection Set: 5.1ms
[2025-01-08T02:38:29.476+0000][74][info ][gc,phases   ] GC(9)   Post Evacuate Collection Set: 0.8ms
[2025-01-08T02:38:29.476+0000][74][info ][gc,phases   ] GC(9)   Other: 0.4ms
[2025-01-08T02:38:29.476+0000][74][trace][gc,age      ] GC(9) Age table with threshold 5 (max threshold 15)
[2025-01-08T02:38:29.476+0000][74][trace][gc,age      ] GC(9) - age   1:    3524096 bytes,    3524096 total
[2025-01-08T02:38:29.476+0000][74][trace][gc,age      ] GC(9) - age   2:    5368128 bytes,    8892224 total
[2025-01-08T02:38:29.476+0000][74][trace][gc,age      ] GC(9) - age   3:    4666288 bytes,   13558512 total
[2025-01-08T02:38:29.477+0000][74][trace][gc,age      ] GC(9) - age   4:    7695576 bytes,   21254088 total
[2025-01-08T02:38:29.477+0000][74][trace][gc,age      ] GC(9) - age   5:    1923952 bytes,   23178040 total
[2025-01-08T02:38:29.477+0000][74][info ][gc,heap     ] GC(9) Eden regions: 70->0(70)
[2025-01-08T02:38:29.477+0000][74][info ][gc,heap     ] GC(9) Survivor regions: 6->6(10)
[2025-01-08T02:38:29.477+0000][74][info ][gc,heap     ] GC(9) Old regions: 3->3
[2025-01-08T02:38:29.477+0000][74][info ][gc,heap     ] GC(9) Humongous regions: 0->0
[2025-01-08T02:38:29.477+0000][74][info ][gc,metaspace] GC(9) Metaspace: 37213K(38144K)->37213K(38144K) NonClass: 33025K(33600K)->33025K(33600K) Class: 4188K(4544K)->4188K(4544K)
[2025-01-08T02:38:29.477+0000][74][info ][gc          ] GC(9) Pause Young (Normal) (G1 Evacuation Pause) 311M->34M(512M) 9.127ms
[2025-01-08T02:38:29.477+0000][74][info ][gc,cpu      ] GC(9) User=0.05s Sys=0.01s Real=0.01s
[2025-01-08T02:38:29.477+0000][74][info ][safepoint   ] Safepoint "G1CollectForAllocation", Time since last: 308568844 ns, Reaching safepoint: 3778 ns, Cleanup: 106727 ns, At safepoint: 9364273 ns, Total: 9474778 ns
[2025-01-08T02:38:29.727+0000][74][info ][gc,heap,exit] Heap
[2025-01-08T02:38:29.727+0000][74][info ][gc,heap,exit]  garbage-first heap   total 524288K, used 226902K [0x00000000e0000000, 0x0000000100000000)
[2025-01-08T02:38:29.727+0000][74][info ][gc,heap,exit]   region size 4096K, 53 young (217088K), 6 survivors (24576K)
[2025-01-08T02:38:29.727+0000][74][info ][gc,heap,exit]  Metaspace       used 39032K, committed 40000K, reserved 1114112K
[2025-01-08T02:38:29.728+0000][74][info ][gc,heap,exit]   class space    used 4414K, committed 4800K, reserved 1048576K
