[2025-01-08T02:38:49.635+0000][54][info][gc,init] CardTable entry size: 512
[2025-01-08T02:38:49.636+0000][54][info][gc     ] Using G1
[2025-01-08T02:38:49.639+0000][54][info][gc,init] Version: 21.0.1+12-29 (release)
[2025-01-08T02:38:49.640+0000][54][info][gc,init] CPUs: 16 total, 16 available
[2025-01-08T02:38:49.640+0000][54][info][gc,init] Memory: 7640M
[2025-01-08T02:38:49.640+0000][54][info][gc,init] Large Page Support: Disabled
[2025-01-08T02:38:49.640+0000][54][info][gc,init] NUMA Support: Disabled
[2025-01-08T02:38:49.640+0000][54][info][gc,init] Compressed Oops: Enabled (32-bit)
[2025-01-08T02:38:49.640+0000][54][info][gc,init] Heap Region Size: 1M
[2025-01-08T02:38:49.641+0000][54][info][gc,init] Heap Min Capacity: 512M
[2025-01-08T02:38:49.641+0000][54][info][gc,init] Heap Initial Capacity: 512M
[2025-01-08T02:38:49.641+0000][54][info][gc,init] Heap Max Capacity: 512M
[2025-01-08T02:38:49.641+0000][54][info][gc,init] Pre-touch: Disabled
[2025-01-08T02:38:49.641+0000][54][info][gc,init] Parallel Workers: 13
[2025-01-08T02:38:49.641+0000][54][info][gc,init] Concurrent Workers: 3
[2025-01-08T02:38:49.642+0000][54][info][gc,init] Concurrent Refinement Workers: 13
[2025-01-08T02:38:49.642+0000][54][info][gc,init] Periodic GC: Disabled
[2025-01-08T02:38:49.648+0000][54][info][gc,metaspace] CDS archive(s) mapped at: [0x00007fc657000000-0x00007fc657ca5000-0x00007fc657ca5000), size 13258752, SharedBaseAddress: 0x00007fc657000000, ArchiveRelocationMode: 1.
[2025-01-08T02:38:49.648+0000][54][info][gc,metaspace] Compressed class space mapped at: 0x00007fc658000000-0x00007fc698000000, reserved size: 1073741824
[2025-01-08T02:38:49.648+0000][54][info][gc,metaspace] Narrow klass base: 0x00007fc657000000, Narrow klass shift: 0, Narrow klass range: 0x100000000
[2025-01-08T02:38:49.694+0000][54][info][gc,heap,exit] Heap
[2025-01-08T02:38:49.694+0000][54][info][gc,heap,exit]  garbage-first heap   total 524288K, used 3103K [0x00000000e0000000, 0x0000000100000000)
[2025-01-08T02:38:49.694+0000][54][info][gc,heap,exit]   region size 1024K, 3 young (3072K), 0 survivors (0K)
[2025-01-08T02:38:49.694+0000][54][info][gc,heap,exit]  Metaspace       used 220K, committed 448K, reserved 1114112K
[2025-01-08T02:38:49.695+0000][54][info][gc,heap,exit]   class space    used 5K, committed 128K, reserved 1048576K
